xtensa-esp32s3-elf-g++ -o .pio/build/esp32-s3-devkitc-1/src/main.cpp.o -c -std=gnu++11 -fexceptions -fno-rtti -include Arduino.h -Os -mlongcalls -ffunction-sections -fdata-sections -Wno-error=unused-function -Wno-error=unused-variable -Wno-error=deprecated-declarations -Wno-unused-parameter -Wno-sign-compare -ggdb -freorder-blocks -Wwrite-strings -fstack-protector -fstrict-volatile-bitfields -Wno-error=unused-but-set-variable -fno-jump-tables -fno-tree-switch-conversion -MMD -DPLATFORMIO=60119 -DARDUINO_ESP32S3_DEV -DARDUINO_USB_MODE=1 -DARDUINO_RUNNING_CORE=1 -DARDUINO_EVENT_RUNNING_CORE=1 -DLV_CONF_INCLUDE_SIMPLE=1 -DUSER_SETUP_LOADED=1 -DST7789_DRIVER=1 -DTFT_WIDTH=240 -DTFT_HEIGHT=320 -DTFT_MOSI=38 -DTFT_SCLK=39 -DTFT_CS=45 -DTFT_DC=42 -DTFT_RST=-1 -DTFT_BL=1 -DLOAD_GLCD=1 -DLOAD_FONT2=1 -DSPI_FREQUENCY=40000000 -DHAVE_CONFIG_H -DMBEDTLS_CONFIG_FILE=\"mbedtls/esp_config.h\" -DUNITY_INCLUDE_CONFIG_H -DWITH_POSIX -D_GNU_SOURCE -DIDF_VER=\"v4.4.7-dirty\" -DESP_PLATFORM -D_POSIX_READER_WRITER_LOCKS -DARDUINO_ARCH_ESP32 -DESP32 -DF_CPU=240000000L -DARDUINO=10812 -DARDUINO_VARIANT=\"esp32s3\" "-DARDUINO_BOARD=\"Espressif ESP32-S3-DevKitC-1-N8 (8 MB QD, No PSRAM)\"" -DARDUINO_PARTITION_default -Iinclude -IC:/Users/erich/.platformio/packages/framework-arduinoespressif32/libraries/BLE/src -I.pio/libdeps/esp32-s3-devkitc-1/lvgl -I.pio/libdeps/esp32-s3-devkitc-1/lvgl/src -IC:/Users/erich/.platformio/packages/framework-arduinoespressif32/libraries/SD/src -I.pio/libdeps/esp32-s3-devkitc-1/TFT_eSPI -IC:/Users/erich/.platformio/packages/framework-arduinoespressif32/libraries/LittleFS/src -IC:/Users/erich/.platformio/packages/framework-arduinoespressif32/libraries/SPIFFS/src -IC:/Users/erich/.platformio/packages/framework-arduinoespressif32/libraries/FS/src -IC:/Users/erich/.platformio/packages/framework-arduinoespressif32/libraries/SPI/src -Isrc -IC:/Users/erich/.platformio/packages/framework-arduinoespressif32/tools/sdk/esp32s3/include/newlib/platform_include -IC:/Users/erich/.platformio/packages/framework-arduinoespressif32/tools/sdk/esp32s3/include/freertos/include -IC:/Users/erich/.platformio/packages/framework-arduinoespressif32/tools/sdk/esp32s3/include/freertos/include/esp_additions/freertos -IC:/Users/erich/.platformio/packages/framework-arduinoespressif32/tools/sdk/esp32s3/include/freertos/port/xtensa/include -IC:/Users/erich/.platformio/packages/framework-arduinoespressif32/tools/sdk/esp32s3/include/freertos/include/esp_additions -IC:/Users/erich/.platformio/packages/framework-arduinoespressif32/tools/sdk/esp32s3/include/esp_hw_support/include -IC:/Users/erich/.platformio/packages/framework-arduinoespressif32/tools/sdk/esp32s3/include/esp_hw_support/include/soc -IC:/Users/erich/.platformio/packages/framework-arduinoespressif32/tools/sdk/esp32s3/include/esp_hw_support/include/soc/esp32s3 -IC:/Users/erich/.platformio/packages/framework-arduinoespressif32/tools/sdk/esp32s3/include/esp_hw_support/port/esp32s3 -IC:/Users/erich/.platformio/packages/framework-arduinoespressif32/tools/sdk/esp32s3/include/esp_hw_support/port/esp32s3/private_include -IC:/Users/erich/.platformio/packages/framework-arduinoespressif32/tools/sdk/esp32s3/include/heap/include -IC:/Users/erich/.platformio/packages/framework-arduinoespressif32/tools/sdk/esp32s3/include/log/include -IC:/Users/erich/.platformio/packages/framework-arduinoespressif32/tools/sdk/esp32s3/include/lwip/include/apps -IC:/Users/erich/.platformio/packages/framework-arduinoespressif32/tools/sdk/esp32s3/include/lwip/include/apps/sntp -IC:/Users/erich/.platformio/packages/framework-arduinoespressif32/tools/sdk/esp32s3/include/lwip/lwip/src/include -IC:/Users/erich/.platformio/packages/framework-arduinoespressif32/tools/sdk/esp32s3/include/lwip/port/esp32/include -IC:/Users/erich/.platformio/packages/framework-arduinoespressif32/tools/sdk/esp32s3/include/lwip/port/esp32/include/arch -IC:/Users/erich/.platformio/packages/framework-arduinoespressif32/tools/sdk/esp32s3/include/soc/include -IC:/Users/erich/.platformio/packages/framework-arduinoespressif32/tools/sdk/esp32s3/include/soc/esp32s3 -IC:/Users/erich/.platformio/packages/framework-arduinoespressif32/tools/sdk/esp32s3/include/soc/esp32s3/include -IC:/Users/erich/.platformio/packages/framework-arduinoespressif32/tools/sdk/esp32s3/include/hal/esp32s3/include -IC:/Users/erich/.platformio/packages/framework-arduinoespressif32/tools/sdk/esp32s3/include/hal/include -IC:/Users/erich/.platformio/packages/framework-arduinoespressif32/tools/sdk/esp32s3/include/hal/platform_port/include -IC:/Users/erich/.platformio/packages/framework-arduinoespressif32/tools/sdk/esp32s3/include/esp_rom/include -IC:/Users/erich/.platformio/packages/framework-arduinoespressif32/tools/sdk/esp32s3/include/esp_rom/include/esp32s3 -IC:/Users/erich/.platformio/packages/framework-arduinoespressif32/tools/sdk/esp32s3/include/esp_rom/esp32s3 -IC:/Users/erich/.platformio/packages/framework-arduinoespressif32/tools/sdk/esp32s3/include/esp_common/include -IC:/Users/erich/.platformio/packages/framework-arduinoespressif32/tools/sdk/esp32s3/include/esp_system/include -IC:/Users/erich/.platformio/packages/framework-arduinoespressif32/tools/sdk/esp32s3/include/esp_system/port/soc -IC:/Users/erich/.platformio/packages/framework-arduinoespressif32/tools/sdk/esp32s3/include/esp_system/port/public_compat -IC:/Users/erich/.platformio/packages/framework-arduinoespressif32/tools/sdk/esp32s3/include/xtensa/include -IC:/Users/erich/.platformio/packages/framework-arduinoespressif32/tools/sdk/esp32s3/include/xtensa/esp32s3/include -IC:/Users/erich/.platformio/packages/framework-arduinoespressif32/tools/sdk/esp32s3/include/driver/include -IC:/Users/erich/.platformio/packages/framework-arduinoespressif32/tools/sdk/esp32s3/include/driver/esp32s3/include -IC:/Users/erich/.platformio/packages/framework-arduinoespressif32/tools/sdk/esp32s3/include/esp_pm/include -IC:/Users/erich/.platformio/packages/framework-arduinoespressif32/tools/sdk/esp32s3/include/esp_ringbuf/include -IC:/Users/erich/.platformio/packages/framework-arduinoespressif32/tools/sdk/esp32s3/include/efuse/include -IC:/Users/erich/.platformio/packages/framework-arduinoespressif32/tools/sdk/esp32s3/include/efuse/esp32s3/include -IC:/Users/erich/.platformio/packages/framework-arduinoespressif32/tools/sdk/esp32s3/include/vfs/include -IC:/Users/erich/.platformio/packages/framework-arduinoespressif32/tools/sdk/esp32s3/include/esp_wifi/include -IC:/Users/erich/.platformio/packages/framework-arduinoespressif32/tools/sdk/esp32s3/include/esp_event/include -IC:/Users/erich/.platformio/packages/framework-arduinoespressif32/tools/sdk/esp32s3/include/esp_netif/include -IC:/Users/erich/.platformio/packages/framework-arduinoespressif32/tools/sdk/esp32s3/include/esp_eth/include -IC:/Users/erich/.platformio/packages/framework-arduinoespressif32/tools/sdk/esp32s3/include/tcpip_adapter/include -IC:/Users/erich/.platformio/packages/framework-arduinoespressif32/tools/sdk/esp32s3/include/esp_phy/include -IC:/Users/erich/.platformio/packages/framework-arduinoespressif32/tools/sdk/esp32s3/include/esp_phy/esp32s3/include -IC:/Users/erich/.platformio/packages/framework-arduinoespressif32/tools/sdk/esp32s3/include/esp_ipc/include -IC:/Users/erich/.platformio/packages/framework-arduinoespressif32/tools/sdk/esp32s3/include/app_trace/include -IC:/Users/erich/.platformio/packages/framework-arduinoespressif32/tools/sdk/esp32s3/include/esp_timer/include -IC:/Users/erich/.platformio/packages/framework-arduinoespressif32/tools/sdk/esp32s3/include/mbedtls/port/include -IC:/Users/erich/.platformio/packages/framework-arduinoespressif32/tools/sdk/esp32s3/include/mbedtls/mbedtls/include -IC:/Users/erich/.platformio/packages/framework-arduinoespressif32/tools/sdk/esp32s3/include/mbedtls/esp_crt_bundle/include -IC:/Users/erich/.platformio/packages/framework-arduinoespressif32/tools/sdk/esp32s3/include/app_update/include -IC:/Users/erich/.platformio/packages/framework-arduinoespressif32/tools/sdk/esp32s3/include/spi_flash/include -IC:/Users/erich/.platformio/packages/framework-arduinoespressif32/tools/sdk/esp32s3/include/bootloader_support/include -IC:/Users/erich/.platformio/packages/framework-arduinoespressif32/tools/sdk/esp32s3/include/nvs_flash/include -IC:/Users/erich/.platformio/packages/framework-arduinoespressif32/tools/sdk/esp32s3/include/pthread/include -IC:/Users/erich/.platformio/packages/framework-arduinoespressif32/tools/sdk/esp32s3/include/esp_gdbstub/include -IC:/Users/erich/.platformio/packages/framework-arduinoespressif32/tools/sdk/esp32s3/include/esp_gdbstub/xtensa -IC:/Users/erich/.platformio/packages/framework-arduinoespressif32/tools/sdk/esp32s3/include/esp_gdbstub/esp32s3 -IC:/Users/erich/.platformio/packages/framework-arduinoespressif32/tools/sdk/esp32s3/include/espcoredump/include -IC:/Users/erich/.platformio/packages/framework-arduinoespressif32/tools/sdk/esp32s3/include/espcoredump/include/port/xtensa -IC:/Users/erich/.platformio/packages/framework-arduinoespressif32/tools/sdk/esp32s3/include/wpa_supplicant/include -IC:/Users/erich/.platformio/packages/framework-arduinoespressif32/tools/sdk/esp32s3/include/wpa_supplicant/port/include -IC:/Users/erich/.platformio/packages/framework-arduinoespressif32/tools/sdk/esp32s3/include/wpa_supplicant/esp_supplicant/include -IC:/Users/erich/.platformio/packages/framework-arduinoespressif32/tools/sdk/esp32s3/include/ieee802154/include -IC:/Users/erich/.platformio/packages/framework-arduinoespressif32/tools/sdk/esp32s3/include/console -IC:/Users/erich/.platformio/packages/framework-arduinoespressif32/tools/sdk/esp32s3/include/asio/asio/asio/include -IC:/Users/erich/.platformio/packages/framework-arduinoespressif32/tools/sdk/esp32s3/include/asio/port/include -IC:/Users/erich/.platformio/packages/framework-arduinoespressif32/tools/sdk/esp32s3/include/bt/common/osi/include -IC:/Users/erich/.platformio/packages/framework-arduinoespressif32/tools/sdk/esp32s3/include/bt/include/esp32c3/include -IC:/Users/erich/.platformio/packages/framework-arduinoespressif32/tools/sdk/esp32s3/include/bt/common/api/include/api -IC:/Users/erich/.platformio/packages/framework-arduinoespressif32/tools/sdk/esp32s3/include/bt/common/btc/profile/esp/blufi/include -IC:/Users/erich/.platformio/packages/framework-arduinoespressif32/tools/sdk/esp32s3/include/bt/common/btc/profile/esp/include -IC:/Users/erich/.platformio/packages/framework-arduinoespressif32/tools/sdk/esp32s3/include/bt/host/bluedroid/api/include/api -IC:/Users/erich/.platformio/packages/framework-arduinoespressif32/tools/sdk/esp32s3/include/bt/esp_ble_mesh/mesh_common/include -IC:/Users/erich/.platformio/packages/framework-arduinoespressif32/tools/sdk/esp32s3/include/bt/esp_ble_mesh/mesh_common/tinycrypt/include -IC:/Users/erich/.platformio/packages/framework-arduinoespressif32/tools/sdk/esp32s3/include/bt/esp_ble_mesh/mesh_core -IC:/Users/erich/.platformio/packages/framework-arduinoespressif32/tools/sdk/esp32s3/include/bt/esp_ble_mesh/mesh_core/include -IC:/Users/erich/.platformio/packages/framework-arduinoespressif32/tools/sdk/esp32s3/include/bt/esp_ble_mesh/mesh_core/storage -IC:/Users/erich/.platformio/packages/framework-arduinoespressif32/tools/sdk/esp32s3/include/bt/esp_ble_mesh/btc/include -IC:/Users/erich/.platformio/packages/framework-arduinoespressif32/tools/sdk/esp32s3/include/bt/esp_ble_mesh/mesh_models/common/include -IC:/Users/erich/.platformio/packages/framework-arduinoespressif32/tools/sdk/esp32s3/include/bt/esp_ble_mesh/mesh_models/client/include -IC:/Users/erich/.platformio/packages/framework-arduinoespressif32/tools/sdk/esp32s3/include/bt/esp_ble_mesh/mesh_models/server/include -IC:/Users/erich/.platformio/packages/framework-arduinoespressif32/tools/sdk/esp32s3/include/bt/esp_ble_mesh/api/core/include -IC:/Users/erich/.platformio/packages/framework-arduinoespressif32/tools/sdk/esp32s3/include/bt/esp_ble_mesh/api/models/include -IC:/Users/erich/.platformio/packages/framework-arduinoespressif32/tools/sdk/esp32s3/include/bt/esp_ble_mesh/api -IC:/Users/erich/.platformio/packages/framework-arduinoespressif32/tools/sdk/esp32s3/include/cbor/port/include -IC:/Users/erich/.platformio/packages/framework-arduinoespressif32/tools/sdk/esp32s3/include/unity/include -IC:/Users/erich/.platformio/packages/framework-arduinoespressif32/tools/sdk/esp32s3/include/unity/unity/src -IC:/Users/erich/.platformio/packages/framework-arduinoespressif32/tools/sdk/esp32s3/include/cmock/CMock/src -IC:/Users/erich/.platformio/packages/framework-arduinoespressif32/tools/sdk/esp32s3/include/coap/port/include -IC:/Users/erich/.platformio/packages/framework-arduinoespressif32/tools/sdk/esp32s3/include/coap/libcoap/include -IC:/Users/erich/.platformio/packages/framework-arduinoespressif32/tools/sdk/esp32s3/include/nghttp/port/include -IC:/Users/erich/.platformio/packages/framework-arduinoespressif32/tools/sdk/esp32s3/include/nghttp/nghttp2/lib/includes -IC:/Users/erich/.platformio/packages/framework-arduinoespressif32/tools/sdk/esp32s3/include/esp-tls -IC:/Users/erich/.platformio/packages/framework-arduinoespressif32/tools/sdk/esp32s3/include/esp-tls/esp-tls-crypto -IC:/Users/erich/.platformio/packages/framework-arduinoespressif32/tools/sdk/esp32s3/include/esp_adc_cal/include -IC:/Users/erich/.platformio/packages/framework-arduinoespressif32/tools/sdk/esp32s3/include/esp_hid/include -IC:/Users/erich/.platformio/packages/framework-arduinoespressif32/tools/sdk/esp32s3/include/tcp_transport/include -IC:/Users/erich/.platformio/packages/framework-arduinoespressif32/tools/sdk/esp32s3/include/esp_http_client/include -IC:/Users/erich/.platformio/packages/framework-arduinoespressif32/tools/sdk/esp32s3/include/esp_http_server/include -IC:/Users/erich/.platformio/packages/framework-arduinoespressif32/tools/sdk/esp32s3/include/esp_https_ota/include -IC:/Users/erich/.platformio/packages/framework-arduinoespressif32/tools/sdk/esp32s3/include/esp_https_server/include -IC:/Users/erich/.platformio/packages/framework-arduinoespressif32/tools/sdk/esp32s3/include/esp_lcd/include -IC:/Users/erich/.platformio/packages/framework-arduinoespressif32/tools/sdk/esp32s3/include/esp_lcd/interface -IC:/Users/erich/.platformio/packages/framework-arduinoespressif32/tools/sdk/esp32s3/include/protobuf-c/protobuf-c -IC:/Users/erich/.platformio/packages/framework-arduinoespressif32/tools/sdk/esp32s3/include/protocomm/include/common -IC:/Users/erich/.platformio/packages/framework-arduinoespressif32/tools/sdk/esp32s3/include/protocomm/include/security -IC:/Users/erich/.platformio/packages/framework-arduinoespressif32/tools/sdk/esp32s3/include/protocomm/include/transports -IC:/Users/erich/.platformio/packages/framework-arduinoespressif32/tools/sdk/esp32s3/include/mdns/include -IC:/Users/erich/.platformio/packages/framework-arduinoespressif32/tools/sdk/esp32s3/include/esp_local_ctrl/include -IC:/Users/erich/.platformio/packages/framework-arduinoespressif32/tools/sdk/esp32s3/include/sdmmc/include -IC:/Users/erich/.platformio/packages/framework-arduinoespressif32/tools/sdk/esp32s3/include/esp_serial_slave_link/include -IC:/Users/erich/.platformio/packages/framework-arduinoespressif32/tools/sdk/esp32s3/include/esp_websocket_client/include -IC:/Users/erich/.platformio/packages/framework-arduinoespressif32/tools/sdk/esp32s3/include/expat/expat/expat/lib -IC:/Users/erich/.platformio/packages/framework-arduinoespressif32/tools/sdk/esp32s3/include/expat/port/include -IC:/Users/erich/.platformio/packages/framework-arduinoespressif32/tools/sdk/esp32s3/include/wear_levelling/include -IC:/Users/erich/.platformio/packages/framework-arduinoespressif32/tools/sdk/esp32s3/include/fatfs/diskio -IC:/Users/erich/.platformio/packages/framework-arduinoespressif32/tools/sdk/esp32s3/include/fatfs/vfs -IC:/Users/erich/.platformio/packages/framework-arduinoespressif32/tools/sdk/esp32s3/include/fatfs/src -IC:/Users/erich/.platformio/packages/framework-arduinoespressif32/tools/sdk/esp32s3/include/freemodbus/freemodbus/common/include -IC:/Users/erich/.platformio/packages/framework-arduinoespressif32/tools/sdk/esp32s3/include/idf_test/include -IC:/Users/erich/.platformio/packages/framework-arduinoespressif32/tools/sdk/esp32s3/include/idf_test/include/esp32s3 -IC:/Users/erich/.platformio/packages/framework-arduinoespressif32/tools/sdk/esp32s3/include/jsmn/include -IC:/Users/erich/.platformio/packages/framework-arduinoespressif32/tools/sdk/esp32s3/include/json/cJSON -IC:/Users/erich/.platformio/packages/framework-arduinoespressif32/tools/sdk/esp32s3/include/libsodium/libsodium/src/libsodium/include -IC:/Users/erich/.platformio/packages/framework-arduinoespressif32/tools/sdk/esp32s3/include/libsodium/port_include -IC:/Users/erich/.platformio/packages/framework-arduinoespressif32/tools/sdk/esp32s3/include/mqtt/esp-mqtt/include -IC:/Users/erich/.platformio/packages/framework-arduinoespressif32/tools/sdk/esp32s3/include/openssl/include -IC:/Users/erich/.platformio/packages/framework-arduinoespressif32/tools/sdk/esp32s3/include/perfmon/include -IC:/Users/erich/.platformio/packages/framework-arduinoespressif32/tools/sdk/esp32s3/include/spiffs/include -IC:/Users/erich/.platformio/packages/framework-arduinoespressif32/tools/sdk/esp32s3/include/usb/include -IC:/Users/erich/.platformio/packages/framework-arduinoespressif32/tools/sdk/esp32s3/include/ulp/include -IC:/Users/erich/.platformio/packages/framework-arduinoespressif32/tools/sdk/esp32s3/include/wifi_provisioning/include -IC:/Users/erich/.platformio/packages/framework-arduinoespressif32/tools/sdk/esp32s3/include/rmaker_common/include -IC:/Users/erich/.platformio/packages/framework-arduinoespressif32/tools/sdk/esp32s3/include/esp_diagnostics/include -IC:/Users/erich/.platformio/packages/framework-arduinoespressif32/tools/sdk/esp32s3/include/rtc_store/include -IC:/Users/erich/.platformio/packages/framework-arduinoespressif32/tools/sdk/esp32s3/include/esp_insights/include -IC:/Users/erich/.platformio/packages/framework-arduinoespressif32/tools/sdk/esp32s3/include/json_parser/upstream/include -IC:/Users/erich/.platformio/packages/framework-arduinoespressif32/tools/sdk/esp32s3/include/json_parser/upstream -IC:/Users/erich/.platformio/packages/framework-arduinoespressif32/tools/sdk/esp32s3/include/json_generator/upstream -IC:/Users/erich/.platformio/packages/framework-arduinoespressif32/tools/sdk/esp32s3/include/esp_schedule/include -IC:/Users/erich/.platformio/packages/framework-arduinoespressif32/tools/sdk/esp32s3/include/espressif__esp_secure_cert_mgr/include -IC:/Users/erich/.platformio/packages/framework-arduinoespressif32/tools/sdk/esp32s3/include/esp_rainmaker/include -IC:/Users/erich/.platformio/packages/framework-arduinoespressif32/tools/sdk/esp32s3/include/gpio_button/button/include -IC:/Users/erich/.platformio/packages/framework-arduinoespressif32/tools/sdk/esp32s3/include/qrcode/include -IC:/Users/erich/.platformio/packages/framework-arduinoespressif32/tools/sdk/esp32s3/include/ws2812_led -IC:/Users/erich/.platformio/packages/framework-arduinoespressif32/tools/sdk/esp32s3/include/freertos/include/freertos -IC:/Users/erich/.platformio/packages/framework-arduinoespressif32/tools/sdk/esp32s3/include/arduino_tinyusb/tinyusb/src -IC:/Users/erich/.platformio/packages/framework-arduinoespressif32/tools/sdk/esp32s3/include/arduino_tinyusb/include -IC:/Users/erich/.platformio/packages/framework-arduinoespressif32/tools/sdk/esp32s3/include/esp_littlefs/include -IC:/Users/erich/.platformio/packages/framework-arduinoespressif32/tools/sdk/esp32s3/include/esp-dl/include -IC:/Users/erich/.platformio/packages/framework-arduinoespressif32/tools/sdk/esp32s3/include/esp-dl/include/tool -IC:/Users/erich/.platformio/packages/framework-arduinoespressif32/tools/sdk/esp32s3/include/esp-dl/include/typedef -IC:/Users/erich/.platformio/packages/framework-arduinoespressif32/tools/sdk/esp32s3/include/esp-dl/include/image -IC:/Users/erich/.platformio/packages/framework-arduinoespressif32/tools/sdk/esp32s3/include/esp-dl/include/math -IC:/Users/erich/.platformio/packages/framework-arduinoespressif32/tools/sdk/esp32s3/include/esp-dl/include/nn -IC:/Users/erich/.platformio/packages/framework-arduinoespressif32/tools/sdk/esp32s3/include/esp-dl/include/layer -IC:/Users/erich/.platformio/packages/framework-arduinoespressif32/tools/sdk/esp32s3/include/esp-dl/include/detect -IC:/Users/erich/.platformio/packages/framework-arduinoespressif32/tools/sdk/esp32s3/include/esp-dl/include/model_zoo -IC:/Users/erich/.platformio/packages/framework-arduinoespressif32/tools/sdk/esp32s3/include/esp32-camera/driver/include -IC:/Users/erich/.platformio/packages/framework-arduinoespressif32/tools/sdk/esp32s3/include/esp32-camera/conversions/include -IC:/Users/erich/.platformio/packages/framework-arduinoespressif32/tools/sdk/esp32s3/include/espressif__esp-dsp/modules/dotprod/include -IC:/Users/erich/.platformio/packages/framework-arduinoespressif32/tools/sdk/esp32s3/include/espressif__esp-dsp/modules/support/include -IC:/Users/erich/.platformio/packages/framework-arduinoespressif32/tools/sdk/esp32s3/include/espressif__esp-dsp/modules/support/mem/include -IC:/Users/erich/.platformio/packages/framework-arduinoespressif32/tools/sdk/esp32s3/include/espressif__esp-dsp/modules/windows/include -IC:/Users/erich/.platformio/packages/framework-arduinoespressif32/tools/sdk/esp32s3/include/espressif__esp-dsp/modules/windows/hann/include -IC:/Users/erich/.platformio/packages/framework-arduinoespressif32/tools/sdk/esp32s3/include/espressif__esp-dsp/modules/windows/blackman/include -IC:/Users/erich/.platformio/packages/framework-arduinoespressif32/tools/sdk/esp32s3/include/espressif__esp-dsp/modules/windows/blackman_harris/include -IC:/Users/erich/.platformio/packages/framework-arduinoespressif32/tools/sdk/esp32s3/include/espressif__esp-dsp/modules/windows/blackman_nuttall/include -IC:/Users/erich/.platformio/packages/framework-arduinoespressif32/tools/sdk/esp32s3/include/espressif__esp-dsp/modules/windows/nuttall/include -IC:/Users/erich/.platformio/packages/framework-arduinoespressif32/tools/sdk/esp32s3/include/espressif__esp-dsp/modules/windows/flat_top/include -IC:/Users/erich/.platformio/packages/framework-arduinoespressif32/tools/sdk/esp32s3/include/espressif__esp-dsp/modules/iir/include -IC:/Users/erich/.platformio/packages/framework-arduinoespressif32/tools/sdk/esp32s3/include/espressif__esp-dsp/modules/fir/include -IC:/Users/erich/.platformio/packages/framework-arduinoespressif32/tools/sdk/esp32s3/include/espressif__esp-dsp/modules/math/include -IC:/Users/erich/.platformio/packages/framework-arduinoespressif32/tools/sdk/esp32s3/include/espressif__esp-dsp/modules/math/add/include -IC:/Users/erich/.platformio/packages/framework-arduinoespressif32/tools/sdk/esp32s3/include/espressif__esp-dsp/modules/math/sub/include -IC:/Users/erich/.platformio/packages/framework-arduinoespressif32/tools/sdk/esp32s3/include/espressif__esp-dsp/modules/math/mul/include -IC:/Users/erich/.platformio/packages/framework-arduinoespressif32/tools/sdk/esp32s3/include/espressif__esp-dsp/modules/math/addc/include -IC:/Users/erich/.platformio/packages/framework-arduinoespressif32/tools/sdk/esp32s3/include/espressif__esp-dsp/modules/math/mulc/include -IC:/Users/erich/.platformio/packages/framework-arduinoespressif32/tools/sdk/esp32s3/include/espressif__esp-dsp/modules/math/sqrt/include -IC:/Users/erich/.platformio/packages/framework-arduinoespressif32/tools/sdk/esp32s3/include/espressif__esp-dsp/modules/matrix/mul/include -IC:/Users/erich/.platformio/packages/framework-arduinoespressif32/tools/sdk/esp32s3/include/espressif__esp-dsp/modules/matrix/add/include -IC:/Users/erich/.platformio/packages/framework-arduinoespressif32/tools/sdk/esp32s3/include/espressif__esp-dsp/modules/matrix/addc/include -IC:/Users/erich/.platformio/packages/framework-arduinoespressif32/tools/sdk/esp32s3/include/espressif__esp-dsp/modules/matrix/mulc/include -IC:/Users/erich/.platformio/packages/framework-arduinoespressif32/tools/sdk/esp32s3/include/espressif__esp-dsp/modules/matrix/sub/include -IC:/Users/erich/.platformio/packages/framework-arduinoespressif32/tools/sdk/esp32s3/include/espressif__esp-dsp/modules/matrix/include -IC:/Users/erich/.platformio/packages/framework-arduinoespressif32/tools/sdk/esp32s3/include/espressif__esp-dsp/modules/fft/include -IC:/Users/erich/.platformio/packages/framework-arduinoespressif32/tools/sdk/esp32s3/include/espressif__esp-dsp/modules/dct/include -IC:/Users/erich/.platformio/packages/framework-arduinoespressif32/tools/sdk/esp32s3/include/espressif__esp-dsp/modules/conv/include -IC:/Users/erich/.platformio/packages/framework-arduinoespressif32/tools/sdk/esp32s3/include/espressif__esp-dsp/modules/common/include -IC:/Users/erich/.platformio/packages/framework-arduinoespressif32/tools/sdk/esp32s3/include/espressif__esp-dsp/modules/matrix/mul/test/include -IC:/Users/erich/.platformio/packages/framework-arduinoespressif32/tools/sdk/esp32s3/include/espressif__esp-dsp/modules/kalman/ekf/include -IC:/Users/erich/.platformio/packages/framework-arduinoespressif32/tools/sdk/esp32s3/include/espressif__esp-dsp/modules/kalman/ekf_imu13states/include -IC:/Users/erich/.platformio/packages/framework-arduinoespressif32/tools/sdk/esp32s3/include/fb_gfx/include -IC:/Users/erich/.platformio/packages/framework-arduinoespressif32/tools/sdk/esp32s3/qio_qspi/include -IC:/Users/erich/.platformio/packages/framework-arduinoespressif32/cores/esp32 -IC:/Users/erich/.platformio/packages/framework-arduinoespressif32/variants/esp32s3 src/main.cpp
    + FullyQualifiedErrorId : NativeCommandError
src/ble.h:101:71: error: no matching function for call to 
src/ble.h:105:23: error: no matching function for call to 
src/ble.h:116:46: error: no matching function for call to 
src/ble.h:119:25: error: invalid initialization of reference of type 'const 
src/ble.h:127:2: error: could not convert '{"CATDRIVE", 
src/ble.h:132:2: error: no matching function for call to 
src/ble.h:136:2: error: no matching function for call to 
src/ble.h:140:2: error: no matching function for call to 
src/ble.h:144:2: error: no matching function for call to 
src/ble.h:160:122: error: no matching function for call to 
src/ble.h:166:86: error: no matching function for call to 
src/ble.h:169:26: error: expected type-specifier before 'BLE2901'
src/theme.h:6:8: error: 'SimpleSt7789' does not name a type
src/theme.h:22:12: error: 'lcd' was not declared in this scope
xtensa-esp32s3-elf-gcc -o .pio/build/esp32-s3-devkitc-1/liba0d/lvgl/draw/lv_draw.c.o -c -std=gnu99 -Wno-old-style-declaration -include Arduino.h -Os -mlongcalls -ffunction-sections -fdata-sections -Wno-error=unused-function -Wno-error=unused-variable -Wno-error=deprecated-declarations -Wno-unused-parameter -Wno-sign-compare -ggdb -freorder-blocks -Wwrite-strings -fstack-protector -fstrict-volatile-bitfields -Wno-error=unused-but-set-variable -fno-jump-tables -fno-tree-switch-conversion -MMD -DPLATFORMIO=60119 -DARDUINO_ESP32S3_DEV -DARDUINO_USB_MODE=1 -DARDUINO_RUNNING_CORE=1 -DARDUINO_EVENT_RUNNING_CORE=1 -DLV_CONF_INCLUDE_SIMPLE=1 -DUSER_SETUP_LOADED=1 -DST7789_DRIVER=1 -DTFT_WIDTH=240 -DTFT_HEIGHT=320 -DTFT_MOSI=38 -DTFT_SCLK=39 -DTFT_CS=45 -DTFT_DC=42 -DTFT_RST=-1 -DTFT_BL=1 -DLOAD_GLCD=1 -DLOAD_FONT2=1 -DSPI_FREQUENCY=40000000 -DHAVE_CONFIG_H -DMBEDTLS_CONFIG_FILE=\"mbedtls/esp_config.h\" -DUNITY_INCLUDE_CONFIG_H -DWITH_POSIX -D_GNU_SOURCE -DIDF_VER=\"v4.4.7-dirty\" -DESP_PLATFORM -D_POSIX_READER_WRITER_LOCKS -DARDUINO_ARCH_ESP32 -DESP32 -DF_CPU=240000000L -DARDUINO=10812 -DARDUINO_VARIANT=\"esp32s3\" "-DARDUINO_BOARD=\"Espressif ESP32-S3-DevKitC-1-N8 (8 MB QD, No PSRAM)\"" -DARDUINO_PARTITION_default -I.pio/libdeps/esp32-s3-devkitc-1/lvgl -I.pio/libdeps/esp32-s3-devkitc-1/lvgl/src -IC:/Users/erich/.platformio/packages/framework-arduinoespressif32/libraries/SD/src -I.pio/libdeps/esp32-s3-devkitc-1/TFT_eSPI -IC:/Users/erich/.platformio/packages/framework-arduinoespressif32/libraries/LittleFS/src -IC:/Users/erich/.platformio/packages/framework-arduinoespressif32/libraries/SPIFFS/src -IC:/Users/erich/.platformio/packages/framework-arduinoespressif32/libraries/FS/src -IC:/Users/erich/.platformio/packages/framework-arduinoespressif32/libraries/SPI/src -Isrc -IC:/Users/erich/.platformio/packages/framework-arduinoespressif32/tools/sdk/esp32s3/include/newlib/platform_include -IC:/Users/erich/.platformio/packages/framework-arduinoespressif32/tools/sdk/esp32s3/include/freertos/include -IC:/Users/erich/.platformio/packages/framework-arduinoespressif32/tools/sdk/esp32s3/include/freertos/include/esp_additions/freertos -IC:/Users/erich/.platformio/packages/framework-arduinoespressif32/tools/sdk/esp32s3/include/freertos/port/xtensa/include -IC:/Users/erich/.platformio/packages/framework-arduinoespressif32/tools/sdk/esp32s3/include/freertos/include/esp_additions -IC:/Users/erich/.platformio/packages/framework-arduinoespressif32/tools/sdk/esp32s3/include/esp_hw_support/include -IC:/Users/erich/.platformio/packages/framework-arduinoespressif32/tools/sdk/esp32s3/include/esp_hw_support/include/soc -IC:/Users/erich/.platformio/packages/framework-arduinoespressif32/tools/sdk/esp32s3/include/esp_hw_support/include/soc/esp32s3 -IC:/Users/erich/.platformio/packages/framework-arduinoespressif32/tools/sdk/esp32s3/include/esp_hw_support/port/esp32s3 -IC:/Users/erich/.platformio/packages/framework-arduinoespressif32/tools/sdk/esp32s3/include/esp_hw_support/port/esp32s3/private_include -IC:/Users/erich/.platformio/packages/framework-arduinoespressif32/tools/sdk/esp32s3/include/heap/include -IC:/Users/erich/.platformio/packages/framework-arduinoespressif32/tools/sdk/esp32s3/include/log/include -IC:/Users/erich/.platformio/packages/framework-arduinoespressif32/tools/sdk/esp32s3/include/lwip/include/apps -IC:/Users/erich/.platformio/packages/framework-arduinoespressif32/tools/sdk/esp32s3/include/lwip/include/apps/sntp -IC:/Users/erich/.platformio/packages/framework-arduinoespressif32/tools/sdk/esp32s3/include/lwip/lwip/src/include -IC:/Users/erich/.platformio/packages/framework-arduinoespressif32/tools/sdk/esp32s3/include/lwip/port/esp32/include -IC:/Users/erich/.platformio/packages/framework-arduinoespressif32/tools/sdk/esp32s3/include/lwip/port/esp32/include/arch -IC:/Users/erich/.platformio/packages/framework-arduinoespressif32/tools/sdk/esp32s3/include/soc/include -IC:/Users/erich/.platformio/packages/framework-arduinoespressif32/tools/sdk/esp32s3/include/soc/esp32s3 -IC:/Users/erich/.platformio/packages/framework-arduinoespressif32/tools/sdk/esp32s3/include/soc/esp32s3/include -IC:/Users/erich/.platformio/packages/framework-arduinoespressif32/tools/sdk/esp32s3/include/hal/esp32s3/include -IC:/Users/erich/.platformio/packages/framework-arduinoespressif32/tools/sdk/esp32s3/include/hal/include -IC:/Users/erich/.platformio/packages/framework-arduinoespressif32/tools/sdk/esp32s3/include/hal/platform_port/include -IC:/Users/erich/.platformio/packages/framework-arduinoespressif32/tools/sdk/esp32s3/include/esp_rom/include -IC:/Users/erich/.platformio/packages/framework-arduinoespressif32/tools/sdk/esp32s3/include/esp_rom/include/esp32s3 -IC:/Users/erich/.platformio/packages/framework-arduinoespressif32/tools/sdk/esp32s3/include/esp_rom/esp32s3 -IC:/Users/erich/.platformio/packages/framework-arduinoespressif32/tools/sdk/esp32s3/include/esp_common/include -IC:/Users/erich/.platformio/packages/framework-arduinoespressif32/tools/sdk/esp32s3/include/esp_system/include -IC:/Users/erich/.platformio/packages/framework-arduinoespressif32/tools/sdk/esp32s3/include/esp_system/port/soc -IC:/Users/erich/.platformio/packages/framework-arduinoespressif32/tools/sdk/esp32s3/include/esp_system/port/public_compat -IC:/Users/erich/.platformio/packages/framework-arduinoespressif32/tools/sdk/esp32s3/include/xtensa/include -IC:/Users/erich/.platformio/packages/framework-arduinoespressif32/tools/sdk/esp32s3/include/xtensa/esp32s3/include -IC:/Users/erich/.platformio/packages/framework-arduinoespressif32/tools/sdk/esp32s3/include/driver/include -IC:/Users/erich/.platformio/packages/framework-arduinoespressif32/tools/sdk/esp32s3/include/driver/esp32s3/include -IC:/Users/erich/.platformio/packages/framework-arduinoespressif32/tools/sdk/esp32s3/include/esp_pm/include -IC:/Users/erich/.platformio/packages/framework-arduinoespressif32/tools/sdk/esp32s3/include/esp_ringbuf/include -IC:/Users/erich/.platformio/packages/framework-arduinoespressif32/tools/sdk/esp32s3/include/efuse/include -IC:/Users/erich/.platformio/packages/framework-arduinoespressif32/tools/sdk/esp32s3/include/efuse/esp32s3/include -IC:/Users/erich/.platformio/packages/framework-arduinoespressif32/tools/sdk/esp32s3/include/vfs/include -IC:/Users/erich/.platformio/packages/framework-arduinoespressif32/tools/sdk/esp32s3/include/esp_wifi/include -IC:/Users/erich/.platformio/packages/framework-arduinoespressif32/tools/sdk/esp32s3/include/esp_event/include -IC:/Users/erich/.platformio/packages/framework-arduinoespressif32/tools/sdk/esp32s3/include/esp_netif/include -IC:/Users/erich/.platformio/packages/framework-arduinoespressif32/tools/sdk/esp32s3/include/esp_eth/include -IC:/Users/erich/.platformio/packages/framework-arduinoespressif32/tools/sdk/esp32s3/include/tcpip_adapter/include -IC:/Users/erich/.platformio/packages/framework-arduinoespressif32/tools/sdk/esp32s3/include/esp_phy/include -IC:/Users/erich/.platformio/packages/framework-arduinoespressif32/tools/sdk/esp32s3/include/esp_phy/esp32s3/include -IC:/Users/erich/.platformio/packages/framework-arduinoespressif32/tools/sdk/esp32s3/include/esp_ipc/include -IC:/Users/erich/.platformio/packages/framework-arduinoespressif32/tools/sdk/esp32s3/include/app_trace/include -IC:/Users/erich/.platformio/packages/framework-arduinoespressif32/tools/sdk/esp32s3/include/esp_timer/include -IC:/Users/erich/.platformio/packages/framework-arduinoespressif32/tools/sdk/esp32s3/include/mbedtls/port/include -IC:/Users/erich/.platformio/packages/framework-arduinoespressif32/tools/sdk/esp32s3/include/mbedtls/mbedtls/include -IC:/Users/erich/.platformio/packages/framework-arduinoespressif32/tools/sdk/esp32s3/include/mbedtls/esp_crt_bundle/include -IC:/Users/erich/.platformio/packages/framework-arduinoespressif32/tools/sdk/esp32s3/include/app_update/include -IC:/Users/erich/.platformio/packages/framework-arduinoespressif32/tools/sdk/esp32s3/include/spi_flash/include -IC:/Users/erich/.platformio/packages/framework-arduinoespressif32/tools/sdk/esp32s3/include/bootloader_support/include -IC:/Users/erich/.platformio/packages/framework-arduinoespressif32/tools/sdk/esp32s3/include/nvs_flash/include -IC:/Users/erich/.platformio/packages/framework-arduinoespressif32/tools/sdk/esp32s3/include/pthread/include -IC:/Users/erich/.platformio/packages/framework-arduinoespressif32/tools/sdk/esp32s3/include/esp_gdbstub/include -IC:/Users/erich/.platformio/packages/framework-arduinoespressif32/tools/sdk/esp32s3/include/esp_gdbstub/xtensa -IC:/Users/erich/.platformio/packages/framework-arduinoespressif32/tools/sdk/esp32s3/include/esp_gdbstub/esp32s3 -IC:/Users/erich/.platformio/packages/framework-arduinoespressif32/tools/sdk/esp32s3/include/espcoredump/include -IC:/Users/erich/.platformio/packages/framework-arduinoespressif32/tools/sdk/esp32s3/include/espcoredump/include/port/xtensa -IC:/Users/erich/.platformio/packages/framework-arduinoespressif32/tools/sdk/esp32s3/include/wpa_supplicant/include -IC:/Users/erich/.platformio/packages/framework-arduinoespressif32/tools/sdk/esp32s3/include/wpa_supplicant/port/include -IC:/Users/erich/.platformio/packages/framework-arduinoespressif32/tools/sdk/esp32s3/include/wpa_supplicant/esp_supplicant/include -IC:/Users/erich/.platformio/packages/framework-arduinoespressif32/tools/sdk/esp32s3/include/ieee802154/include -IC:/Users/erich/.platformio/packages/framework-arduinoespressif32/tools/sdk/esp32s3/include/console -IC:/Users/erich/.platformio/packages/framework-arduinoespressif32/tools/sdk/esp32s3/include/asio/asio/asio/include -IC:/Users/erich/.platformio/packages/framework-arduinoespressif32/tools/sdk/esp32s3/include/asio/port/include -IC:/Users/erich/.platformio/packages/framework-arduinoespressif32/tools/sdk/esp32s3/include/bt/common/osi/include -IC:/Users/erich/.platformio/packages/framework-arduinoespressif32/tools/sdk/esp32s3/include/bt/include/esp32c3/include -IC:/Users/erich/.platformio/packages/framework-arduinoespressif32/tools/sdk/esp32s3/include/bt/common/api/include/api -IC:/Users/erich/.platformio/packages/framework-arduinoespressif32/tools/sdk/esp32s3/include/bt/common/btc/profile/esp/blufi/include -IC:/Users/erich/.platformio/packages/framework-arduinoespressif32/tools/sdk/esp32s3/include/bt/common/btc/profile/esp/include -IC:/Users/erich/.platformio/packages/framework-arduinoespressif32/tools/sdk/esp32s3/include/bt/host/bluedroid/api/include/api -IC:/Users/erich/.platformio/packages/framework-arduinoespressif32/tools/sdk/esp32s3/include/bt/esp_ble_mesh/mesh_common/include -IC:/Users/erich/.platformio/packages/framework-arduinoespressif32/tools/sdk/esp32s3/include/bt/esp_ble_mesh/mesh_common/tinycrypt/include -IC:/Users/erich/.platformio/packages/framework-arduinoespressif32/tools/sdk/esp32s3/include/bt/esp_ble_mesh/mesh_core -IC:/Users/erich/.platformio/packages/framework-arduinoespressif32/tools/sdk/esp32s3/include/bt/esp_ble_mesh/mesh_core/include -IC:/Users/erich/.platformio/packages/framework-arduinoespressif32/tools/sdk/esp32s3/include/bt/esp_ble_mesh/mesh_core/storage -IC:/Users/erich/.platformio/packages/framework-arduinoespressif32/tools/sdk/esp32s3/include/bt/esp_ble_mesh/btc/include -IC:/Users/erich/.platformio/packages/framework-arduinoespressif32/tools/sdk/esp32s3/include/bt/esp_ble_mesh/mesh_models/common/include -IC:/Users/erich/.platformio/packages/framework-arduinoespressif32/tools/sdk/esp32s3/include/bt/esp_ble_mesh/mesh_models/client/include -IC:/Users/erich/.platformio/packages/framework-arduinoespressif32/tools/sdk/esp32s3/include/bt/esp_ble_mesh/mesh_models/server/include -IC:/Users/erich/.platformio/packages/framework-arduinoespressif32/tools/sdk/esp32s3/include/bt/esp_ble_mesh/api/core/include -IC:/Users/erich/.platformio/packages/framework-arduinoespressif32/tools/sdk/esp32s3/include/bt/esp_ble_mesh/api/models/include -IC:/Users/erich/.platformio/packages/framework-arduinoespressif32/tools/sdk/esp32s3/include/bt/esp_ble_mesh/api -IC:/Users/erich/.platformio/packages/framework-arduinoespressif32/tools/sdk/esp32s3/include/cbor/port/include -IC:/Users/erich/.platformio/packages/framework-arduinoespressif32/tools/sdk/esp32s3/include/unity/include -IC:/Users/erich/.platformio/packages/framework-arduinoespressif32/tools/sdk/esp32s3/include/unity/unity/src -IC:/Users/erich/.platformio/packages/framework-arduinoespressif32/tools/sdk/esp32s3/include/cmock/CMock/src -IC:/Users/erich/.platformio/packages/framework-arduinoespressif32/tools/sdk/esp32s3/include/coap/port/include -IC:/Users/erich/.platformio/packages/framework-arduinoespressif32/tools/sdk/esp32s3/include/coap/libcoap/include -IC:/Users/erich/.platformio/packages/framework-arduinoespressif32/tools/sdk/esp32s3/include/nghttp/port/include -IC:/Users/erich/.platformio/packages/framework-arduinoespressif32/tools/sdk/esp32s3/include/nghttp/nghttp2/lib/includes -IC:/Users/erich/.platformio/packages/framework-arduinoespressif32/tools/sdk/esp32s3/include/esp-tls -IC:/Users/erich/.platformio/packages/framework-arduinoespressif32/tools/sdk/esp32s3/include/esp-tls/esp-tls-crypto -IC:/Users/erich/.platformio/packages/framework-arduinoespressif32/tools/sdk/esp32s3/include/esp_adc_cal/include -IC:/Users/erich/.platformio/packages/framework-arduinoespressif32/tools/sdk/esp32s3/include/esp_hid/include -IC:/Users/erich/.platformio/packages/framework-arduinoespressif32/tools/sdk/esp32s3/include/tcp_transport/include -IC:/Users/erich/.platformio/packages/framework-arduinoespressif32/tools/sdk/esp32s3/include/esp_http_client/include -IC:/Users/erich/.platformio/packages/framework-arduinoespressif32/tools/sdk/esp32s3/include/esp_http_server/include -IC:/Users/erich/.platformio/packages/framework-arduinoespressif32/tools/sdk/esp32s3/include/esp_https_ota/include -IC:/Users/erich/.platformio/packages/framework-arduinoespressif32/tools/sdk/esp32s3/include/esp_https_server/include -IC:/Users/erich/.platformio/packages/framework-arduinoespressif32/tools/sdk/esp32s3/include/esp_lcd/include -IC:/Users/erich/.platformio/packages/framework-arduinoespressif32/tools/sdk/esp32s3/include/esp_lcd/interface -IC:/Users/erich/.platformio/packages/framework-arduinoespressif32/tools/sdk/esp32s3/include/protobuf-c/protobuf-c -IC:/Users/erich/.platformio/packages/framework-arduinoespressif32/tools/sdk/esp32s3/include/protocomm/include/common -IC:/Users/erich/.platformio/packages/framework-arduinoespressif32/tools/sdk/esp32s3/include/protocomm/include/security -IC:/Users/erich/.platformio/packages/framework-arduinoespressif32/tools/sdk/esp32s3/include/protocomm/include/transports -IC:/Users/erich/.platformio/packages/framework-arduinoespressif32/tools/sdk/esp32s3/include/mdns/include -IC:/Users/erich/.platformio/packages/framework-arduinoespressif32/tools/sdk/esp32s3/include/esp_local_ctrl/include -IC:/Users/erich/.platformio/packages/framework-arduinoespressif32/tools/sdk/esp32s3/include/sdmmc/include -IC:/Users/erich/.platformio/packages/framework-arduinoespressif32/tools/sdk/esp32s3/include/esp_serial_slave_link/include -IC:/Users/erich/.platformio/packages/framework-arduinoespressif32/tools/sdk/esp32s3/include/esp_websocket_client/include -IC:/Users/erich/.platformio/packages/framework-arduinoespressif32/tools/sdk/esp32s3/include/expat/expat/expat/lib -IC:/Users/erich/.platformio/packages/framework-arduinoespressif32/tools/sdk/esp32s3/include/expat/port/include -IC:/Users/erich/.platformio/packages/framework-arduinoespressif32/tools/sdk/esp32s3/include/wear_levelling/include -IC:/Users/erich/.platformio/packages/framework-arduinoespressif32/tools/sdk/esp32s3/include/fatfs/diskio -IC:/Users/erich/.platformio/packages/framework-arduinoespressif32/tools/sdk/esp32s3/include/fatfs/vfs -IC:/Users/erich/.platformio/packages/framework-arduinoespressif32/tools/sdk/esp32s3/include/fatfs/src -IC:/Users/erich/.platformio/packages/framework-arduinoespressif32/tools/sdk/esp32s3/include/freemodbus/freemodbus/common/include -IC:/Users/erich/.platformio/packages/framework-arduinoespressif32/tools/sdk/esp32s3/include/idf_test/include -IC:/Users/erich/.platformio/packages/framework-arduinoespressif32/tools/sdk/esp32s3/include/idf_test/include/esp32s3 -IC:/Users/erich/.platformio/packages/framework-arduinoespressif32/tools/sdk/esp32s3/include/jsmn/include -IC:/Users/erich/.platformio/packages/framework-arduinoespressif32/tools/sdk/esp32s3/include/json/cJSON -IC:/Users/erich/.platformio/packages/framework-arduinoespressif32/tools/sdk/esp32s3/include/libsodium/libsodium/src/libsodium/include -IC:/Users/erich/.platformio/packages/framework-arduinoespressif32/tools/sdk/esp32s3/include/libsodium/port_include -IC:/Users/erich/.platformio/packages/framework-arduinoespressif32/tools/sdk/esp32s3/include/mqtt/esp-mqtt/include -IC:/Users/erich/.platformio/packages/framework-arduinoespressif32/tools/sdk/esp32s3/include/openssl/include -IC:/Users/erich/.platformio/packages/framework-arduinoespressif32/tools/sdk/esp32s3/include/perfmon/include -IC:/Users/erich/.platformio/packages/framework-arduinoespressif32/tools/sdk/esp32s3/include/spiffs/include -IC:/Users/erich/.platformio/packages/framework-arduinoespressif32/tools/sdk/esp32s3/include/usb/include -IC:/Users/erich/.platformio/packages/framework-arduinoespressif32/tools/sdk/esp32s3/include/ulp/include -IC:/Users/erich/.platformio/packages/framework-arduinoespressif32/tools/sdk/esp32s3/include/wifi_provisioning/include -IC:/Users/erich/.platformio/packages/framework-arduinoespressif32/tools/sdk/esp32s3/include/rmaker_common/include -IC:/Users/erich/.platformio/packages/framework-arduinoespressif32/tools/sdk/esp32s3/include/esp_diagnostics/include -IC:/Users/erich/.platformio/packages/framework-arduinoespressif32/tools/sdk/esp32s3/include/rtc_store/include -IC:/Users/erich/.platformio/packages/framework-arduinoespressif32/tools/sdk/esp32s3/include/esp_insights/include -IC:/Users/erich/.platformio/packages/framework-arduinoespressif32/tools/sdk/esp32s3/include/json_parser/upstream/include -IC:/Users/erich/.platformio/packages/framework-arduinoespressif32/tools/sdk/esp32s3/include/json_parser/upstream -IC:/Users/erich/.platformio/packages/framework-arduinoespressif32/tools/sdk/esp32s3/include/json_generator/upstream -IC:/Users/erich/.platformio/packages/framework-arduinoespressif32/tools/sdk/esp32s3/include/esp_schedule/include -IC:/Users/erich/.platformio/packages/framework-arduinoespressif32/tools/sdk/esp32s3/include/espressif__esp_secure_cert_mgr/include -IC:/Users/erich/.platformio/packages/framework-arduinoespressif32/tools/sdk/esp32s3/include/esp_rainmaker/include -IC:/Users/erich/.platformio/packages/framework-arduinoespressif32/tools/sdk/esp32s3/include/gpio_button/button/include -IC:/Users/erich/.platformio/packages/framework-arduinoespressif32/tools/sdk/esp32s3/include/qrcode/include -IC:/Users/erich/.platformio/packages/framework-arduinoespressif32/tools/sdk/esp32s3/include/ws2812_led -IC:/Users/erich/.platformio/packages/framework-arduinoespressif32/tools/sdk/esp32s3/include/freertos/include/freertos -IC:/Users/erich/.platformio/packages/framework-arduinoespressif32/tools/sdk/esp32s3/include/arduino_tinyusb/tinyusb/src -IC:/Users/erich/.platformio/packages/framework-arduinoespressif32/tools/sdk/esp32s3/include/arduino_tinyusb/include -IC:/Users/erich/.platformio/packages/framework-arduinoespressif32/tools/sdk/esp32s3/include/esp_littlefs/include -IC:/Users/erich/.platformio/packages/framework-arduinoespressif32/tools/sdk/esp32s3/include/esp-dl/include -IC:/Users/erich/.platformio/packages/framework-arduinoespressif32/tools/sdk/esp32s3/include/esp-dl/include/tool -IC:/Users/erich/.platformio/packages/framework-arduinoespressif32/tools/sdk/esp32s3/include/esp-dl/include/typedef -IC:/Users/erich/.platformio/packages/framework-arduinoespressif32/tools/sdk/esp32s3/include/esp-dl/include/image -IC:/Users/erich/.platformio/packages/framework-arduinoespressif32/tools/sdk/esp32s3/include/esp-dl/include/math -IC:/Users/erich/.platformio/packages/framework-arduinoespressif32/tools/sdk/esp32s3/include/esp-dl/include/nn -IC:/Users/erich/.platformio/packages/framework-arduinoespressif32/tools/sdk/esp32s3/include/esp-dl/include/layer -IC:/Users/erich/.platformio/packages/framework-arduinoespressif32/tools/sdk/esp32s3/include/esp-dl/include/detect -IC:/Users/erich/.platformio/packages/framework-arduinoespressif32/tools/sdk/esp32s3/include/esp-dl/include/model_zoo -IC:/Users/erich/.platformio/packages/framework-arduinoespressif32/tools/sdk/esp32s3/include/esp32-camera/driver/include -IC:/Users/erich/.platformio/packages/framework-arduinoespressif32/tools/sdk/esp32s3/include/esp32-camera/conversions/include -IC:/Users/erich/.platformio/packages/framework-arduinoespressif32/tools/sdk/esp32s3/include/espressif__esp-dsp/modules/dotprod/include -IC:/Users/erich/.platformio/packages/framework-arduinoespressif32/tools/sdk/esp32s3/include/espressif__esp-dsp/modules/support/include -IC:/Users/erich/.platformio/packages/framework-arduinoespressif32/tools/sdk/esp32s3/include/espressif__esp-dsp/modules/support/mem/include -IC:/Users/erich/.platformio/packages/framework-arduinoespressif32/tools/sdk/esp32s3/include/espressif__esp-dsp/modules/windows/include -IC:/Users/erich/.platformio/packages/framework-arduinoespressif32/tools/sdk/esp32s3/include/espressif__esp-dsp/modules/windows/hann/include -IC:/Users/erich/.platformio/packages/framework-arduinoespressif32/tools/sdk/esp32s3/include/espressif__esp-dsp/modules/windows/blackman/include -IC:/Users/erich/.platformio/packages/framework-arduinoespressif32/tools/sdk/esp32s3/include/espressif__esp-dsp/modules/windows/blackman_harris/include -IC:/Users/erich/.platformio/packages/framework-arduinoespressif32/tools/sdk/esp32s3/include/espressif__esp-dsp/modules/windows/blackman_nuttall/include -IC:/Users/erich/.platformio/packages/framework-arduinoespressif32/tools/sdk/esp32s3/include/espressif__esp-dsp/modules/windows/nuttall/include -IC:/Users/erich/.platformio/packages/framework-arduinoespressif32/tools/sdk/esp32s3/include/espressif__esp-dsp/modules/windows/flat_top/include -IC:/Users/erich/.platformio/packages/framework-arduinoespressif32/tools/sdk/esp32s3/include/espressif__esp-dsp/modules/iir/include -IC:/Users/erich/.platformio/packages/framework-arduinoespressif32/tools/sdk/esp32s3/include/espressif__esp-dsp/modules/fir/include -IC:/Users/erich/.platformio/packages/framework-arduinoespressif32/tools/sdk/esp32s3/include/espressif__esp-dsp/modules/math/include -IC:/Users/erich/.platformio/packages/framework-arduinoespressif32/tools/sdk/esp32s3/include/espressif__esp-dsp/modules/math/add/include -IC:/Users/erich/.platformio/packages/framework-arduinoespressif32/tools/sdk/esp32s3/include/espressif__esp-dsp/modules/math/sub/include -IC:/Users/erich/.platformio/packages/framework-arduinoespressif32/tools/sdk/esp32s3/include/espressif__esp-dsp/modules/math/mul/include -IC:/Users/erich/.platformio/packages/framework-arduinoespressif32/tools/sdk/esp32s3/include/espressif__esp-dsp/modules/math/addc/include -IC:/Users/erich/.platformio/packages/framework-arduinoespressif32/tools/sdk/esp32s3/include/espressif__esp-dsp/modules/math/mulc/include -IC:/Users/erich/.platformio/packages/framework-arduinoespressif32/tools/sdk/esp32s3/include/espressif__esp-dsp/modules/math/sqrt/include -IC:/Users/erich/.platformio/packages/framework-arduinoespressif32/tools/sdk/esp32s3/include/espressif__esp-dsp/modules/matrix/mul/include -IC:/Users/erich/.platformio/packages/framework-arduinoespressif32/tools/sdk/esp32s3/include/espressif__esp-dsp/modules/matrix/add/include -IC:/Users/erich/.platformio/packages/framework-arduinoespressif32/tools/sdk/esp32s3/include/espressif__esp-dsp/modules/matrix/addc/include -IC:/Users/erich/.platformio/packages/framework-arduinoespressif32/tools/sdk/esp32s3/include/espressif__esp-dsp/modules/matrix/mulc/include -IC:/Users/erich/.platformio/packages/framework-arduinoespressif32/tools/sdk/esp32s3/include/espressif__esp-dsp/modules/matrix/sub/include -IC:/Users/erich/.platformio/packages/framework-arduinoespressif32/tools/sdk/esp32s3/include/espressif__esp-dsp/modules/matrix/include -IC:/Users/erich/.platformio/packages/framework-arduinoespressif32/tools/sdk/esp32s3/include/espressif__esp-dsp/modules/fft/include -IC:/Users/erich/.platformio/packages/framework-arduinoespressif32/tools/sdk/esp32s3/include/espressif__esp-dsp/modules/dct/include -IC:/Users/erich/.platformio/packages/framework-arduinoespressif32/tools/sdk/esp32s3/include/espressif__esp-dsp/modules/conv/include -IC:/Users/erich/.platformio/packages/framework-arduinoespressif32/tools/sdk/esp32s3/include/espressif__esp-dsp/modules/common/include -IC:/Users/erich/.platformio/packages/framework-arduinoespressif32/tools/sdk/esp32s3/include/espressif__esp-dsp/modules/matrix/mul/test/include -IC:/Users/erich/.platformio/packages/framework-arduinoespressif32/tools/sdk/esp32s3/include/espressif__esp-dsp/modules/kalman/ekf/include -IC:/Users/erich/.platformio/packages/framework-arduinoespressif32/tools/sdk/esp32s3/include/espressif__esp-dsp/modules/kalman/ekf_imu13states/include -IC:/Users/erich/.platformio/packages/framework-arduinoespressif32/tools/sdk/esp32s3/include/fb_gfx/include -IC:/Users/erich/.platformio/packages/framework-arduinoespressif32/tools/sdk/esp32s3/qio_qspi/include -IC:/Users/erich/.platformio/packages/framework-arduinoespressif32/cores/esp32 -IC:/Users/erich/.platformio/packages/framework-arduinoespressif32/variants/esp32s3 .pio/libdeps/esp32-s3-devkitc-1/lvgl/src/draw/lv_draw.c
src/ui.h:34:1: error: 'SimpleSt7789' does not name a type
src/ui.h:59:2: error: 'lcd' was not declared in this scope
src/ui.h:102:3: error: 'SPI' was not declared in this scope
src/ui.h:104:3: error: 'lcd' was not declared in this scope
xtensa-esp32s3-elf-gcc -o .pio/build/esp32-s3-devkitc-1/liba0d/lvgl/draw/lv_draw_3d.c.o -c -std=gnu99 -Wno-old-style-declaration -include Arduino.h -Os -mlongcalls -ffunction-sections -fdata-sections -Wno-error=unused-function -Wno-error=unused-variable -Wno-error=deprecated-declarations -Wno-unused-parameter -Wno-sign-compare -ggdb -freorder-blocks -Wwrite-strings -fstack-protector -fstrict-volatile-bitfields -Wno-error=unused-but-set-variable -fno-jump-tables -fno-tree-switch-conversion -MMD -DPLATFORMIO=60119 -DARDUINO_ESP32S3_DEV -DARDUINO_USB_MODE=1 -DARDUINO_RUNNING_CORE=1 -DARDUINO_EVENT_RUNNING_CORE=1 -DLV_CONF_INCLUDE_SIMPLE=1 -DUSER_SETUP_LOADED=1 -DST7789_DRIVER=1 -DTFT_WIDTH=240 -DTFT_HEIGHT=320 -DTFT_MOSI=38 -DTFT_SCLK=39 -DTFT_CS=45 -DTFT_DC=42 -DTFT_RST=-1 -DTFT_BL=1 -DLOAD_GLCD=1 -DLOAD_FONT2=1 -DSPI_FREQUENCY=40000000 -DHAVE_CONFIG_H -DMBEDTLS_CONFIG_FILE=\"mbedtls/esp_config.h\" -DUNITY_INCLUDE_CONFIG_H -DWITH_POSIX -D_GNU_SOURCE -DIDF_VER=\"v4.4.7-dirty\" -DESP_PLATFORM -D_POSIX_READER_WRITER_LOCKS -DARDUINO_ARCH_ESP32 -DESP32 -DF_CPU=240000000L -DARDUINO=10812 -DARDUINO_VARIANT=\"esp32s3\" "-DARDUINO_BOARD=\"Espressif ESP32-S3-DevKitC-1-N8 (8 MB QD, No PSRAM)\"" -DARDUINO_PARTITION_default -I.pio/libdeps/esp32-s3-devkitc-1/lvgl -I.pio/libdeps/esp32-s3-devkitc-1/lvgl/src -IC:/Users/erich/.platformio/packages/framework-arduinoespressif32/libraries/SD/src -I.pio/libdeps/esp32-s3-devkitc-1/TFT_eSPI -IC:/Users/erich/.platformio/packages/framework-arduinoespressif32/libraries/LittleFS/src -IC:/Users/erich/.platformio/packages/framework-arduinoespressif32/libraries/SPIFFS/src -IC:/Users/erich/.platformio/packages/framework-arduinoespressif32/libraries/FS/src -IC:/Users/erich/.platformio/packages/framework-arduinoespressif32/libraries/SPI/src -Isrc -IC:/Users/erich/.platformio/packages/framework-arduinoespressif32/tools/sdk/esp32s3/include/newlib/platform_include -IC:/Users/erich/.platformio/packages/framework-arduinoespressif32/tools/sdk/esp32s3/include/freertos/include -IC:/Users/erich/.platformio/packages/framework-arduinoespressif32/tools/sdk/esp32s3/include/freertos/include/esp_additions/freertos -IC:/Users/erich/.platformio/packages/framework-arduinoespressif32/tools/sdk/esp32s3/include/freertos/port/xtensa/include -IC:/Users/erich/.platformio/packages/framework-arduinoespressif32/tools/sdk/esp32s3/include/freertos/include/esp_additions -IC:/Users/erich/.platformio/packages/framework-arduinoespressif32/tools/sdk/esp32s3/include/esp_hw_support/include -IC:/Users/erich/.platformio/packages/framework-arduinoespressif32/tools/sdk/esp32s3/include/esp_hw_support/include/soc -IC:/Users/erich/.platformio/packages/framework-arduinoespressif32/tools/sdk/esp32s3/include/esp_hw_support/include/soc/esp32s3 -IC:/Users/erich/.platformio/packages/framework-arduinoespressif32/tools/sdk/esp32s3/include/esp_hw_support/port/esp32s3 -IC:/Users/erich/.platformio/packages/framework-arduinoespressif32/tools/sdk/esp32s3/include/esp_hw_support/port/esp32s3/private_include -IC:/Users/erich/.platformio/packages/framework-arduinoespressif32/tools/sdk/esp32s3/include/heap/include -IC:/Users/erich/.platformio/packages/framework-arduinoespressif32/tools/sdk/esp32s3/include/log/include -IC:/Users/erich/.platformio/packages/framework-arduinoespressif32/tools/sdk/esp32s3/include/lwip/include/apps -IC:/Users/erich/.platformio/packages/framework-arduinoespressif32/tools/sdk/esp32s3/include/lwip/include/apps/sntp -IC:/Users/erich/.platformio/packages/framework-arduinoespressif32/tools/sdk/esp32s3/include/lwip/lwip/src/include -IC:/Users/erich/.platformio/packages/framework-arduinoespressif32/tools/sdk/esp32s3/include/lwip/port/esp32/include -IC:/Users/erich/.platformio/packages/framework-arduinoespressif32/tools/sdk/esp32s3/include/lwip/port/esp32/include/arch -IC:/Users/erich/.platformio/packages/framework-arduinoespressif32/tools/sdk/esp32s3/include/soc/include -IC:/Users/erich/.platformio/packages/framework-arduinoespressif32/tools/sdk/esp32s3/include/soc/esp32s3 -IC:/Users/erich/.platformio/packages/framework-arduinoespressif32/tools/sdk/esp32s3/include/soc/esp32s3/include -IC:/Users/erich/.platformio/packages/framework-arduinoespressif32/tools/sdk/esp32s3/include/hal/esp32s3/include -IC:/Users/erich/.platformio/packages/framework-arduinoespressif32/tools/sdk/esp32s3/include/hal/include -IC:/Users/erich/.platformio/packages/framework-arduinoespressif32/tools/sdk/esp32s3/include/hal/platform_port/include -IC:/Users/erich/.platformio/packages/framework-arduinoespressif32/tools/sdk/esp32s3/include/esp_rom/include -IC:/Users/erich/.platformio/packages/framework-arduinoespressif32/tools/sdk/esp32s3/include/esp_rom/include/esp32s3 -IC:/Users/erich/.platformio/packages/framework-arduinoespressif32/tools/sdk/esp32s3/include/esp_rom/esp32s3 -IC:/Users/erich/.platformio/packages/framework-arduinoespressif32/tools/sdk/esp32s3/include/esp_common/include -IC:/Users/erich/.platformio/packages/framework-arduinoespressif32/tools/sdk/esp32s3/include/esp_system/include -IC:/Users/erich/.platformio/packages/framework-arduinoespressif32/tools/sdk/esp32s3/include/esp_system/port/soc -IC:/Users/erich/.platformio/packages/framework-arduinoespressif32/tools/sdk/esp32s3/include/esp_system/port/public_compat -IC:/Users/erich/.platformio/packages/framework-arduinoespressif32/tools/sdk/esp32s3/include/xtensa/include -IC:/Users/erich/.platformio/packages/framework-arduinoespressif32/tools/sdk/esp32s3/include/xtensa/esp32s3/include -IC:/Users/erich/.platformio/packages/framework-arduinoespressif32/tools/sdk/esp32s3/include/driver/include -IC:/Users/erich/.platformio/packages/framework-arduinoespressif32/tools/sdk/esp32s3/include/driver/esp32s3/include -IC:/Users/erich/.platformio/packages/framework-arduinoespressif32/tools/sdk/esp32s3/include/esp_pm/include -IC:/Users/erich/.platformio/packages/framework-arduinoespressif32/tools/sdk/esp32s3/include/esp_ringbuf/include -IC:/Users/erich/.platformio/packages/framework-arduinoespressif32/tools/sdk/esp32s3/include/efuse/include -IC:/Users/erich/.platformio/packages/framework-arduinoespressif32/tools/sdk/esp32s3/include/efuse/esp32s3/include -IC:/Users/erich/.platformio/packages/framework-arduinoespressif32/tools/sdk/esp32s3/include/vfs/include -IC:/Users/erich/.platformio/packages/framework-arduinoespressif32/tools/sdk/esp32s3/include/esp_wifi/include -IC:/Users/erich/.platformio/packages/framework-arduinoespressif32/tools/sdk/esp32s3/include/esp_event/include -IC:/Users/erich/.platformio/packages/framework-arduinoespressif32/tools/sdk/esp32s3/include/esp_netif/include -IC:/Users/erich/.platformio/packages/framework-arduinoespressif32/tools/sdk/esp32s3/include/esp_eth/include -IC:/Users/erich/.platformio/packages/framework-arduinoespressif32/tools/sdk/esp32s3/include/tcpip_adapter/include -IC:/Users/erich/.platformio/packages/framework-arduinoespressif32/tools/sdk/esp32s3/include/esp_phy/include -IC:/Users/erich/.platformio/packages/framework-arduinoespressif32/tools/sdk/esp32s3/include/esp_phy/esp32s3/include -IC:/Users/erich/.platformio/packages/framework-arduinoespressif32/tools/sdk/esp32s3/include/esp_ipc/include -IC:/Users/erich/.platformio/packages/framework-arduinoespressif32/tools/sdk/esp32s3/include/app_trace/include -IC:/Users/erich/.platformio/packages/framework-arduinoespressif32/tools/sdk/esp32s3/include/esp_timer/include -IC:/Users/erich/.platformio/packages/framework-arduinoespressif32/tools/sdk/esp32s3/include/mbedtls/port/include -IC:/Users/erich/.platformio/packages/framework-arduinoespressif32/tools/sdk/esp32s3/include/mbedtls/mbedtls/include -IC:/Users/erich/.platformio/packages/framework-arduinoespressif32/tools/sdk/esp32s3/include/mbedtls/esp_crt_bundle/include -IC:/Users/erich/.platformio/packages/framework-arduinoespressif32/tools/sdk/esp32s3/include/app_update/include -IC:/Users/erich/.platformio/packages/framework-arduinoespressif32/tools/sdk/esp32s3/include/spi_flash/include -IC:/Users/erich/.platformio/packages/framework-arduinoespressif32/tools/sdk/esp32s3/include/bootloader_support/include -IC:/Users/erich/.platformio/packages/framework-arduinoespressif32/tools/sdk/esp32s3/include/nvs_flash/include -IC:/Users/erich/.platformio/packages/framework-arduinoespressif32/tools/sdk/esp32s3/include/pthread/include -IC:/Users/erich/.platformio/packages/framework-arduinoespressif32/tools/sdk/esp32s3/include/esp_gdbstub/include -IC:/Users/erich/.platformio/packages/framework-arduinoespressif32/tools/sdk/esp32s3/include/esp_gdbstub/xtensa -IC:/Users/erich/.platformio/packages/framework-arduinoespressif32/tools/sdk/esp32s3/include/esp_gdbstub/esp32s3 -IC:/Users/erich/.platformio/packages/framework-arduinoespressif32/tools/sdk/esp32s3/include/espcoredump/include -IC:/Users/erich/.platformio/packages/framework-arduinoespressif32/tools/sdk/esp32s3/include/espcoredump/include/port/xtensa -IC:/Users/erich/.platformio/packages/framework-arduinoespressif32/tools/sdk/esp32s3/include/wpa_supplicant/include -IC:/Users/erich/.platformio/packages/framework-arduinoespressif32/tools/sdk/esp32s3/include/wpa_supplicant/port/include -IC:/Users/erich/.platformio/packages/framework-arduinoespressif32/tools/sdk/esp32s3/include/wpa_supplicant/esp_supplicant/include -IC:/Users/erich/.platformio/packages/framework-arduinoespressif32/tools/sdk/esp32s3/include/ieee802154/include -IC:/Users/erich/.platformio/packages/framework-arduinoespressif32/tools/sdk/esp32s3/include/console -IC:/Users/erich/.platformio/packages/framework-arduinoespressif32/tools/sdk/esp32s3/include/asio/asio/asio/include -IC:/Users/erich/.platformio/packages/framework-arduinoespressif32/tools/sdk/esp32s3/include/asio/port/include -IC:/Users/erich/.platformio/packages/framework-arduinoespressif32/tools/sdk/esp32s3/include/bt/common/osi/include -IC:/Users/erich/.platformio/packages/framework-arduinoespressif32/tools/sdk/esp32s3/include/bt/include/esp32c3/include -IC:/Users/erich/.platformio/packages/framework-arduinoespressif32/tools/sdk/esp32s3/include/bt/common/api/include/api -IC:/Users/erich/.platformio/packages/framework-arduinoespressif32/tools/sdk/esp32s3/include/bt/common/btc/profile/esp/blufi/include -IC:/Users/erich/.platformio/packages/framework-arduinoespressif32/tools/sdk/esp32s3/include/bt/common/btc/profile/esp/include -IC:/Users/erich/.platformio/packages/framework-arduinoespressif32/tools/sdk/esp32s3/include/bt/host/bluedroid/api/include/api -IC:/Users/erich/.platformio/packages/framework-arduinoespressif32/tools/sdk/esp32s3/include/bt/esp_ble_mesh/mesh_common/include -IC:/Users/erich/.platformio/packages/framework-arduinoespressif32/tools/sdk/esp32s3/include/bt/esp_ble_mesh/mesh_common/tinycrypt/include -IC:/Users/erich/.platformio/packages/framework-arduinoespressif32/tools/sdk/esp32s3/include/bt/esp_ble_mesh/mesh_core -IC:/Users/erich/.platformio/packages/framework-arduinoespressif32/tools/sdk/esp32s3/include/bt/esp_ble_mesh/mesh_core/include -IC:/Users/erich/.platformio/packages/framework-arduinoespressif32/tools/sdk/esp32s3/include/bt/esp_ble_mesh/mesh_core/storage -IC:/Users/erich/.platformio/packages/framework-arduinoespressif32/tools/sdk/esp32s3/include/bt/esp_ble_mesh/btc/include -IC:/Users/erich/.platformio/packages/framework-arduinoespressif32/tools/sdk/esp32s3/include/bt/esp_ble_mesh/mesh_models/common/include -IC:/Users/erich/.platformio/packages/framework-arduinoespressif32/tools/sdk/esp32s3/include/bt/esp_ble_mesh/mesh_models/client/include -IC:/Users/erich/.platformio/packages/framework-arduinoespressif32/tools/sdk/esp32s3/include/bt/esp_ble_mesh/mesh_models/server/include -IC:/Users/erich/.platformio/packages/framework-arduinoespressif32/tools/sdk/esp32s3/include/bt/esp_ble_mesh/api/core/include -IC:/Users/erich/.platformio/packages/framework-arduinoespressif32/tools/sdk/esp32s3/include/bt/esp_ble_mesh/api/models/include -IC:/Users/erich/.platformio/packages/framework-arduinoespressif32/tools/sdk/esp32s3/include/bt/esp_ble_mesh/api -IC:/Users/erich/.platformio/packages/framework-arduinoespressif32/tools/sdk/esp32s3/include/cbor/port/include -IC:/Users/erich/.platformio/packages/framework-arduinoespressif32/tools/sdk/esp32s3/include/unity/include -IC:/Users/erich/.platformio/packages/framework-arduinoespressif32/tools/sdk/esp32s3/include/unity/unity/src -IC:/Users/erich/.platformio/packages/framework-arduinoespressif32/tools/sdk/esp32s3/include/cmock/CMock/src -IC:/Users/erich/.platformio/packages/framework-arduinoespressif32/tools/sdk/esp32s3/include/coap/port/include -IC:/Users/erich/.platformio/packages/framework-arduinoespressif32/tools/sdk/esp32s3/include/coap/libcoap/include -IC:/Users/erich/.platformio/packages/framework-arduinoespressif32/tools/sdk/esp32s3/include/nghttp/port/include -IC:/Users/erich/.platformio/packages/framework-arduinoespressif32/tools/sdk/esp32s3/include/nghttp/nghttp2/lib/includes -IC:/Users/erich/.platformio/packages/framework-arduinoespressif32/tools/sdk/esp32s3/include/esp-tls -IC:/Users/erich/.platformio/packages/framework-arduinoespressif32/tools/sdk/esp32s3/include/esp-tls/esp-tls-crypto -IC:/Users/erich/.platformio/packages/framework-arduinoespressif32/tools/sdk/esp32s3/include/esp_adc_cal/include -IC:/Users/erich/.platformio/packages/framework-arduinoespressif32/tools/sdk/esp32s3/include/esp_hid/include -IC:/Users/erich/.platformio/packages/framework-arduinoespressif32/tools/sdk/esp32s3/include/tcp_transport/include -IC:/Users/erich/.platformio/packages/framework-arduinoespressif32/tools/sdk/esp32s3/include/esp_http_client/include -IC:/Users/erich/.platformio/packages/framework-arduinoespressif32/tools/sdk/esp32s3/include/esp_http_server/include -IC:/Users/erich/.platformio/packages/framework-arduinoespressif32/tools/sdk/esp32s3/include/esp_https_ota/include -IC:/Users/erich/.platformio/packages/framework-arduinoespressif32/tools/sdk/esp32s3/include/esp_https_server/include -IC:/Users/erich/.platformio/packages/framework-arduinoespressif32/tools/sdk/esp32s3/include/esp_lcd/include -IC:/Users/erich/.platformio/packages/framework-arduinoespressif32/tools/sdk/esp32s3/include/esp_lcd/interface -IC:/Users/erich/.platformio/packages/framework-arduinoespressif32/tools/sdk/esp32s3/include/protobuf-c/protobuf-c -IC:/Users/erich/.platformio/packages/framework-arduinoespressif32/tools/sdk/esp32s3/include/protocomm/include/common -IC:/Users/erich/.platformio/packages/framework-arduinoespressif32/tools/sdk/esp32s3/include/protocomm/include/security -IC:/Users/erich/.platformio/packages/framework-arduinoespressif32/tools/sdk/esp32s3/include/protocomm/include/transports -IC:/Users/erich/.platformio/packages/framework-arduinoespressif32/tools/sdk/esp32s3/include/mdns/include -IC:/Users/erich/.platformio/packages/framework-arduinoespressif32/tools/sdk/esp32s3/include/esp_local_ctrl/include -IC:/Users/erich/.platformio/packages/framework-arduinoespressif32/tools/sdk/esp32s3/include/sdmmc/include -IC:/Users/erich/.platformio/packages/framework-arduinoespressif32/tools/sdk/esp32s3/include/esp_serial_slave_link/include -IC:/Users/erich/.platformio/packages/framework-arduinoespressif32/tools/sdk/esp32s3/include/esp_websocket_client/include -IC:/Users/erich/.platformio/packages/framework-arduinoespressif32/tools/sdk/esp32s3/include/expat/expat/expat/lib -IC:/Users/erich/.platformio/packages/framework-arduinoespressif32/tools/sdk/esp32s3/include/expat/port/include -IC:/Users/erich/.platformio/packages/framework-arduinoespressif32/tools/sdk/esp32s3/include/wear_levelling/include -IC:/Users/erich/.platformio/packages/framework-arduinoespressif32/tools/sdk/esp32s3/include/fatfs/diskio -IC:/Users/erich/.platformio/packages/framework-arduinoespressif32/tools/sdk/esp32s3/include/fatfs/vfs -IC:/Users/erich/.platformio/packages/framework-arduinoespressif32/tools/sdk/esp32s3/include/fatfs/src -IC:/Users/erich/.platformio/packages/framework-arduinoespressif32/tools/sdk/esp32s3/include/freemodbus/freemodbus/common/include -IC:/Users/erich/.platformio/packages/framework-arduinoespressif32/tools/sdk/esp32s3/include/idf_test/include -IC:/Users/erich/.platformio/packages/framework-arduinoespressif32/tools/sdk/esp32s3/include/idf_test/include/esp32s3 -IC:/Users/erich/.platformio/packages/framework-arduinoespressif32/tools/sdk/esp32s3/include/jsmn/include -IC:/Users/erich/.platformio/packages/framework-arduinoespressif32/tools/sdk/esp32s3/include/json/cJSON -IC:/Users/erich/.platformio/packages/framework-arduinoespressif32/tools/sdk/esp32s3/include/libsodium/libsodium/src/libsodium/include -IC:/Users/erich/.platformio/packages/framework-arduinoespressif32/tools/sdk/esp32s3/include/libsodium/port_include -IC:/Users/erich/.platformio/packages/framework-arduinoespressif32/tools/sdk/esp32s3/include/mqtt/esp-mqtt/include -IC:/Users/erich/.platformio/packages/framework-arduinoespressif32/tools/sdk/esp32s3/include/openssl/include -IC:/Users/erich/.platformio/packages/framework-arduinoespressif32/tools/sdk/esp32s3/include/perfmon/include -IC:/Users/erich/.platformio/packages/framework-arduinoespressif32/tools/sdk/esp32s3/include/spiffs/include -IC:/Users/erich/.platformio/packages/framework-arduinoespressif32/tools/sdk/esp32s3/include/usb/include -IC:/Users/erich/.platformio/packages/framework-arduinoespressif32/tools/sdk/esp32s3/include/ulp/include -IC:/Users/erich/.platformio/packages/framework-arduinoespressif32/tools/sdk/esp32s3/include/wifi_provisioning/include -IC:/Users/erich/.platformio/packages/framework-arduinoespressif32/tools/sdk/esp32s3/include/rmaker_common/include -IC:/Users/erich/.platformio/packages/framework-arduinoespressif32/tools/sdk/esp32s3/include/esp_diagnostics/include -IC:/Users/erich/.platformio/packages/framework-arduinoespressif32/tools/sdk/esp32s3/include/rtc_store/include -IC:/Users/erich/.platformio/packages/framework-arduinoespressif32/tools/sdk/esp32s3/include/esp_insights/include -IC:/Users/erich/.platformio/packages/framework-arduinoespressif32/tools/sdk/esp32s3/include/json_parser/upstream/include -IC:/Users/erich/.platformio/packages/framework-arduinoespressif32/tools/sdk/esp32s3/include/json_parser/upstream -IC:/Users/erich/.platformio/packages/framework-arduinoespressif32/tools/sdk/esp32s3/include/json_generator/upstream -IC:/Users/erich/.platformio/packages/framework-arduinoespressif32/tools/sdk/esp32s3/include/esp_schedule/include -IC:/Users/erich/.platformio/packages/framework-arduinoespressif32/tools/sdk/esp32s3/include/espressif__esp_secure_cert_mgr/include -IC:/Users/erich/.platformio/packages/framework-arduinoespressif32/tools/sdk/esp32s3/include/esp_rainmaker/include -IC:/Users/erich/.platformio/packages/framework-arduinoespressif32/tools/sdk/esp32s3/include/gpio_button/button/include -IC:/Users/erich/.platformio/packages/framework-arduinoespressif32/tools/sdk/esp32s3/include/qrcode/include -IC:/Users/erich/.platformio/packages/framework-arduinoespressif32/tools/sdk/esp32s3/include/ws2812_led -IC:/Users/erich/.platformio/packages/framework-arduinoespressif32/tools/sdk/esp32s3/include/freertos/include/freertos -IC:/Users/erich/.platformio/packages/framework-arduinoespressif32/tools/sdk/esp32s3/include/arduino_tinyusb/tinyusb/src -IC:/Users/erich/.platformio/packages/framework-arduinoespressif32/tools/sdk/esp32s3/include/arduino_tinyusb/include -IC:/Users/erich/.platformio/packages/framework-arduinoespressif32/tools/sdk/esp32s3/include/esp_littlefs/include -IC:/Users/erich/.platformio/packages/framework-arduinoespressif32/tools/sdk/esp32s3/include/esp-dl/include -IC:/Users/erich/.platformio/packages/framework-arduinoespressif32/tools/sdk/esp32s3/include/esp-dl/include/tool -IC:/Users/erich/.platformio/packages/framework-arduinoespressif32/tools/sdk/esp32s3/include/esp-dl/include/typedef -IC:/Users/erich/.platformio/packages/framework-arduinoespressif32/tools/sdk/esp32s3/include/esp-dl/include/image -IC:/Users/erich/.platformio/packages/framework-arduinoespressif32/tools/sdk/esp32s3/include/esp-dl/include/math -IC:/Users/erich/.platformio/packages/framework-arduinoespressif32/tools/sdk/esp32s3/include/esp-dl/include/nn -IC:/Users/erich/.platformio/packages/framework-arduinoespressif32/tools/sdk/esp32s3/include/esp-dl/include/layer -IC:/Users/erich/.platformio/packages/framework-arduinoespressif32/tools/sdk/esp32s3/include/esp-dl/include/detect -IC:/Users/erich/.platformio/packages/framework-arduinoespressif32/tools/sdk/esp32s3/include/esp-dl/include/model_zoo -IC:/Users/erich/.platformio/packages/framework-arduinoespressif32/tools/sdk/esp32s3/include/esp32-camera/driver/include -IC:/Users/erich/.platformio/packages/framework-arduinoespressif32/tools/sdk/esp32s3/include/esp32-camera/conversions/include -IC:/Users/erich/.platformio/packages/framework-arduinoespressif32/tools/sdk/esp32s3/include/espressif__esp-dsp/modules/dotprod/include -IC:/Users/erich/.platformio/packages/framework-arduinoespressif32/tools/sdk/esp32s3/include/espressif__esp-dsp/modules/support/include -IC:/Users/erich/.platformio/packages/framework-arduinoespressif32/tools/sdk/esp32s3/include/espressif__esp-dsp/modules/support/mem/include -IC:/Users/erich/.platformio/packages/framework-arduinoespressif32/tools/sdk/esp32s3/include/espressif__esp-dsp/modules/windows/include -IC:/Users/erich/.platformio/packages/framework-arduinoespressif32/tools/sdk/esp32s3/include/espressif__esp-dsp/modules/windows/hann/include -IC:/Users/erich/.platformio/packages/framework-arduinoespressif32/tools/sdk/esp32s3/include/espressif__esp-dsp/modules/windows/blackman/include -IC:/Users/erich/.platformio/packages/framework-arduinoespressif32/tools/sdk/esp32s3/include/espressif__esp-dsp/modules/windows/blackman_harris/include -IC:/Users/erich/.platformio/packages/framework-arduinoespressif32/tools/sdk/esp32s3/include/espressif__esp-dsp/modules/windows/blackman_nuttall/include -IC:/Users/erich/.platformio/packages/framework-arduinoespressif32/tools/sdk/esp32s3/include/espressif__esp-dsp/modules/windows/nuttall/include -IC:/Users/erich/.platformio/packages/framework-arduinoespressif32/tools/sdk/esp32s3/include/espressif__esp-dsp/modules/windows/flat_top/include -IC:/Users/erich/.platformio/packages/framework-arduinoespressif32/tools/sdk/esp32s3/include/espressif__esp-dsp/modules/iir/include -IC:/Users/erich/.platformio/packages/framework-arduinoespressif32/tools/sdk/esp32s3/include/espressif__esp-dsp/modules/fir/include -IC:/Users/erich/.platformio/packages/framework-arduinoespressif32/tools/sdk/esp32s3/include/espressif__esp-dsp/modules/math/include -IC:/Users/erich/.platformio/packages/framework-arduinoespressif32/tools/sdk/esp32s3/include/espressif__esp-dsp/modules/math/add/include -IC:/Users/erich/.platformio/packages/framework-arduinoespressif32/tools/sdk/esp32s3/include/espressif__esp-dsp/modules/math/sub/include -IC:/Users/erich/.platformio/packages/framework-arduinoespressif32/tools/sdk/esp32s3/include/espressif__esp-dsp/modules/math/mul/include -IC:/Users/erich/.platformio/packages/framework-arduinoespressif32/tools/sdk/esp32s3/include/espressif__esp-dsp/modules/math/addc/include -IC:/Users/erich/.platformio/packages/framework-arduinoespressif32/tools/sdk/esp32s3/include/espressif__esp-dsp/modules/math/mulc/include -IC:/Users/erich/.platformio/packages/framework-arduinoespressif32/tools/sdk/esp32s3/include/espressif__esp-dsp/modules/math/sqrt/include -IC:/Users/erich/.platformio/packages/framework-arduinoespressif32/tools/sdk/esp32s3/include/espressif__esp-dsp/modules/matrix/mul/include -IC:/Users/erich/.platformio/packages/framework-arduinoespressif32/tools/sdk/esp32s3/include/espressif__esp-dsp/modules/matrix/add/include -IC:/Users/erich/.platformio/packages/framework-arduinoespressif32/tools/sdk/esp32s3/include/espressif__esp-dsp/modules/matrix/addc/include -IC:/Users/erich/.platformio/packages/framework-arduinoespressif32/tools/sdk/esp32s3/include/espressif__esp-dsp/modules/matrix/mulc/include -IC:/Users/erich/.platformio/packages/framework-arduinoespressif32/tools/sdk/esp32s3/include/espressif__esp-dsp/modules/matrix/sub/include -IC:/Users/erich/.platformio/packages/framework-arduinoespressif32/tools/sdk/esp32s3/include/espressif__esp-dsp/modules/matrix/include -IC:/Users/erich/.platformio/packages/framework-arduinoespressif32/tools/sdk/esp32s3/include/espressif__esp-dsp/modules/fft/include -IC:/Users/erich/.platformio/packages/framework-arduinoespressif32/tools/sdk/esp32s3/include/espressif__esp-dsp/modules/dct/include -IC:/Users/erich/.platformio/packages/framework-arduinoespressif32/tools/sdk/esp32s3/include/espressif__esp-dsp/modules/conv/include -IC:/Users/erich/.platformio/packages/framework-arduinoespressif32/tools/sdk/esp32s3/include/espressif__esp-dsp/modules/common/include -IC:/Users/erich/.platformio/packages/framework-arduinoespressif32/tools/sdk/esp32s3/include/espressif__esp-dsp/modules/matrix/mul/test/include -IC:/Users/erich/.platformio/packages/framework-arduinoespressif32/tools/sdk/esp32s3/include/espressif__esp-dsp/modules/kalman/ekf/include -IC:/Users/erich/.platformio/packages/framework-arduinoespressif32/tools/sdk/esp32s3/include/espressif__esp-dsp/modules/kalman/ekf_imu13states/include -IC:/Users/erich/.platformio/packages/framework-arduinoespressif32/tools/sdk/esp32s3/include/fb_gfx/include -IC:/Users/erich/.platformio/packages/framework-arduinoespressif32/tools/sdk/esp32s3/qio_qspi/include -IC:/Users/erich/.platformio/packages/framework-arduinoespressif32/cores/esp32 -IC:/Users/erich/.platformio/packages/framework-arduinoespressif32/variants/esp32s3 .pio/libdeps/esp32-s3-devkitc-1/lvgl/src/draw/lv_draw_3d.c
src/main.cpp:26:3: error: 'lcd' was not declared in this scope
src/main.cpp:36:3: error: 'pongNavigation' was not declared in this scope
xtensa-esp32s3-elf-gcc -o .pio/build/esp32-s3-devkitc-1/liba0d/lvgl/draw/lv_draw_arc.c.o -c -std=gnu99 -Wno-old-style-declaration -include Arduino.h -Os -mlongcalls -ffunction-sections -fdata-sections -Wno-error=unused-function -Wno-error=unused-variable -Wno-error=deprecated-declarations -Wno-unused-parameter -Wno-sign-compare -ggdb -freorder-blocks -Wwrite-strings -fstack-protector -fstrict-volatile-bitfields -Wno-error=unused-but-set-variable -fno-jump-tables -fno-tree-switch-conversion -MMD -DPLATFORMIO=60119 -DARDUINO_ESP32S3_DEV -DARDUINO_USB_MODE=1 -DARDUINO_RUNNING_CORE=1 -DARDUINO_EVENT_RUNNING_CORE=1 -DLV_CONF_INCLUDE_SIMPLE=1 -DUSER_SETUP_LOADED=1 -DST7789_DRIVER=1 -DTFT_WIDTH=240 -DTFT_HEIGHT=320 -DTFT_MOSI=38 -DTFT_SCLK=39 -DTFT_CS=45 -DTFT_DC=42 -DTFT_RST=-1 -DTFT_BL=1 -DLOAD_GLCD=1 -DLOAD_FONT2=1 -DSPI_FREQUENCY=40000000 -DHAVE_CONFIG_H -DMBEDTLS_CONFIG_FILE=\"mbedtls/esp_config.h\" -DUNITY_INCLUDE_CONFIG_H -DWITH_POSIX -D_GNU_SOURCE -DIDF_VER=\"v4.4.7-dirty\" -DESP_PLATFORM -D_POSIX_READER_WRITER_LOCKS -DARDUINO_ARCH_ESP32 -DESP32 -DF_CPU=240000000L -DARDUINO=10812 -DARDUINO_VARIANT=\"esp32s3\" "-DARDUINO_BOARD=\"Espressif ESP32-S3-DevKitC-1-N8 (8 MB QD, No PSRAM)\"" -DARDUINO_PARTITION_default -I.pio/libdeps/esp32-s3-devkitc-1/lvgl -I.pio/libdeps/esp32-s3-devkitc-1/lvgl/src -IC:/Users/erich/.platformio/packages/framework-arduinoespressif32/libraries/SD/src -I.pio/libdeps/esp32-s3-devkitc-1/TFT_eSPI -IC:/Users/erich/.platformio/packages/framework-arduinoespressif32/libraries/LittleFS/src -IC:/Users/erich/.platformio/packages/framework-arduinoespressif32/libraries/SPIFFS/src -IC:/Users/erich/.platformio/packages/framework-arduinoespressif32/libraries/FS/src -IC:/Users/erich/.platformio/packages/framework-arduinoespressif32/libraries/SPI/src -Isrc -IC:/Users/erich/.platformio/packages/framework-arduinoespressif32/tools/sdk/esp32s3/include/newlib/platform_include -IC:/Users/erich/.platformio/packages/framework-arduinoespressif32/tools/sdk/esp32s3/include/freertos/include -IC:/Users/erich/.platformio/packages/framework-arduinoespressif32/tools/sdk/esp32s3/include/freertos/include/esp_additions/freertos -IC:/Users/erich/.platformio/packages/framework-arduinoespressif32/tools/sdk/esp32s3/include/freertos/port/xtensa/include -IC:/Users/erich/.platformio/packages/framework-arduinoespressif32/tools/sdk/esp32s3/include/freertos/include/esp_additions -IC:/Users/erich/.platformio/packages/framework-arduinoespressif32/tools/sdk/esp32s3/include/esp_hw_support/include -IC:/Users/erich/.platformio/packages/framework-arduinoespressif32/tools/sdk/esp32s3/include/esp_hw_support/include/soc -IC:/Users/erich/.platformio/packages/framework-arduinoespressif32/tools/sdk/esp32s3/include/esp_hw_support/include/soc/esp32s3 -IC:/Users/erich/.platformio/packages/framework-arduinoespressif32/tools/sdk/esp32s3/include/esp_hw_support/port/esp32s3 -IC:/Users/erich/.platformio/packages/framework-arduinoespressif32/tools/sdk/esp32s3/include/esp_hw_support/port/esp32s3/private_include -IC:/Users/erich/.platformio/packages/framework-arduinoespressif32/tools/sdk/esp32s3/include/heap/include -IC:/Users/erich/.platformio/packages/framework-arduinoespressif32/tools/sdk/esp32s3/include/log/include -IC:/Users/erich/.platformio/packages/framework-arduinoespressif32/tools/sdk/esp32s3/include/lwip/include/apps -IC:/Users/erich/.platformio/packages/framework-arduinoespressif32/tools/sdk/esp32s3/include/lwip/include/apps/sntp -IC:/Users/erich/.platformio/packages/framework-arduinoespressif32/tools/sdk/esp32s3/include/lwip/lwip/src/include -IC:/Users/erich/.platformio/packages/framework-arduinoespressif32/tools/sdk/esp32s3/include/lwip/port/esp32/include -IC:/Users/erich/.platformio/packages/framework-arduinoespressif32/tools/sdk/esp32s3/include/lwip/port/esp32/include/arch -IC:/Users/erich/.platformio/packages/framework-arduinoespressif32/tools/sdk/esp32s3/include/soc/include -IC:/Users/erich/.platformio/packages/framework-arduinoespressif32/tools/sdk/esp32s3/include/soc/esp32s3 -IC:/Users/erich/.platformio/packages/framework-arduinoespressif32/tools/sdk/esp32s3/include/soc/esp32s3/include -IC:/Users/erich/.platformio/packages/framework-arduinoespressif32/tools/sdk/esp32s3/include/hal/esp32s3/include -IC:/Users/erich/.platformio/packages/framework-arduinoespressif32/tools/sdk/esp32s3/include/hal/include -IC:/Users/erich/.platformio/packages/framework-arduinoespressif32/tools/sdk/esp32s3/include/hal/platform_port/include -IC:/Users/erich/.platformio/packages/framework-arduinoespressif32/tools/sdk/esp32s3/include/esp_rom/include -IC:/Users/erich/.platformio/packages/framework-arduinoespressif32/tools/sdk/esp32s3/include/esp_rom/include/esp32s3 -IC:/Users/erich/.platformio/packages/framework-arduinoespressif32/tools/sdk/esp32s3/include/esp_rom/esp32s3 -IC:/Users/erich/.platformio/packages/framework-arduinoespressif32/tools/sdk/esp32s3/include/esp_common/include -IC:/Users/erich/.platformio/packages/framework-arduinoespressif32/tools/sdk/esp32s3/include/esp_system/include -IC:/Users/erich/.platformio/packages/framework-arduinoespressif32/tools/sdk/esp32s3/include/esp_system/port/soc -IC:/Users/erich/.platformio/packages/framework-arduinoespressif32/tools/sdk/esp32s3/include/esp_system/port/public_compat -IC:/Users/erich/.platformio/packages/framework-arduinoespressif32/tools/sdk/esp32s3/include/xtensa/include -IC:/Users/erich/.platformio/packages/framework-arduinoespressif32/tools/sdk/esp32s3/include/xtensa/esp32s3/include -IC:/Users/erich/.platformio/packages/framework-arduinoespressif32/tools/sdk/esp32s3/include/driver/include -IC:/Users/erich/.platformio/packages/framework-arduinoespressif32/tools/sdk/esp32s3/include/driver/esp32s3/include -IC:/Users/erich/.platformio/packages/framework-arduinoespressif32/tools/sdk/esp32s3/include/esp_pm/include -IC:/Users/erich/.platformio/packages/framework-arduinoespressif32/tools/sdk/esp32s3/include/esp_ringbuf/include -IC:/Users/erich/.platformio/packages/framework-arduinoespressif32/tools/sdk/esp32s3/include/efuse/include -IC:/Users/erich/.platformio/packages/framework-arduinoespressif32/tools/sdk/esp32s3/include/efuse/esp32s3/include -IC:/Users/erich/.platformio/packages/framework-arduinoespressif32/tools/sdk/esp32s3/include/vfs/include -IC:/Users/erich/.platformio/packages/framework-arduinoespressif32/tools/sdk/esp32s3/include/esp_wifi/include -IC:/Users/erich/.platformio/packages/framework-arduinoespressif32/tools/sdk/esp32s3/include/esp_event/include -IC:/Users/erich/.platformio/packages/framework-arduinoespressif32/tools/sdk/esp32s3/include/esp_netif/include -IC:/Users/erich/.platformio/packages/framework-arduinoespressif32/tools/sdk/esp32s3/include/esp_eth/include -IC:/Users/erich/.platformio/packages/framework-arduinoespressif32/tools/sdk/esp32s3/include/tcpip_adapter/include -IC:/Users/erich/.platformio/packages/framework-arduinoespressif32/tools/sdk/esp32s3/include/esp_phy/include -IC:/Users/erich/.platformio/packages/framework-arduinoespressif32/tools/sdk/esp32s3/include/esp_phy/esp32s3/include -IC:/Users/erich/.platformio/packages/framework-arduinoespressif32/tools/sdk/esp32s3/include/esp_ipc/include -IC:/Users/erich/.platformio/packages/framework-arduinoespressif32/tools/sdk/esp32s3/include/app_trace/include -IC:/Users/erich/.platformio/packages/framework-arduinoespressif32/tools/sdk/esp32s3/include/esp_timer/include -IC:/Users/erich/.platformio/packages/framework-arduinoespressif32/tools/sdk/esp32s3/include/mbedtls/port/include -IC:/Users/erich/.platformio/packages/framework-arduinoespressif32/tools/sdk/esp32s3/include/mbedtls/mbedtls/include -IC:/Users/erich/.platformio/packages/framework-arduinoespressif32/tools/sdk/esp32s3/include/mbedtls/esp_crt_bundle/include -IC:/Users/erich/.platformio/packages/framework-arduinoespressif32/tools/sdk/esp32s3/include/app_update/include -IC:/Users/erich/.platformio/packages/framework-arduinoespressif32/tools/sdk/esp32s3/include/spi_flash/include -IC:/Users/erich/.platformio/packages/framework-arduinoespressif32/tools/sdk/esp32s3/include/bootloader_support/include -IC:/Users/erich/.platformio/packages/framework-arduinoespressif32/tools/sdk/esp32s3/include/nvs_flash/include -IC:/Users/erich/.platformio/packages/framework-arduinoespressif32/tools/sdk/esp32s3/include/pthread/include -IC:/Users/erich/.platformio/packages/framework-arduinoespressif32/tools/sdk/esp32s3/include/esp_gdbstub/include -IC:/Users/erich/.platformio/packages/framework-arduinoespressif32/tools/sdk/esp32s3/include/esp_gdbstub/xtensa -IC:/Users/erich/.platformio/packages/framework-arduinoespressif32/tools/sdk/esp32s3/include/esp_gdbstub/esp32s3 -IC:/Users/erich/.platformio/packages/framework-arduinoespressif32/tools/sdk/esp32s3/include/espcoredump/include -IC:/Users/erich/.platformio/packages/framework-arduinoespressif32/tools/sdk/esp32s3/include/espcoredump/include/port/xtensa -IC:/Users/erich/.platformio/packages/framework-arduinoespressif32/tools/sdk/esp32s3/include/wpa_supplicant/include -IC:/Users/erich/.platformio/packages/framework-arduinoespressif32/tools/sdk/esp32s3/include/wpa_supplicant/port/include -IC:/Users/erich/.platformio/packages/framework-arduinoespressif32/tools/sdk/esp32s3/include/wpa_supplicant/esp_supplicant/include -IC:/Users/erich/.platformio/packages/framework-arduinoespressif32/tools/sdk/esp32s3/include/ieee802154/include -IC:/Users/erich/.platformio/packages/framework-arduinoespressif32/tools/sdk/esp32s3/include/console -IC:/Users/erich/.platformio/packages/framework-arduinoespressif32/tools/sdk/esp32s3/include/asio/asio/asio/include -IC:/Users/erich/.platformio/packages/framework-arduinoespressif32/tools/sdk/esp32s3/include/asio/port/include -IC:/Users/erich/.platformio/packages/framework-arduinoespressif32/tools/sdk/esp32s3/include/bt/common/osi/include -IC:/Users/erich/.platformio/packages/framework-arduinoespressif32/tools/sdk/esp32s3/include/bt/include/esp32c3/include -IC:/Users/erich/.platformio/packages/framework-arduinoespressif32/tools/sdk/esp32s3/include/bt/common/api/include/api -IC:/Users/erich/.platformio/packages/framework-arduinoespressif32/tools/sdk/esp32s3/include/bt/common/btc/profile/esp/blufi/include -IC:/Users/erich/.platformio/packages/framework-arduinoespressif32/tools/sdk/esp32s3/include/bt/common/btc/profile/esp/include -IC:/Users/erich/.platformio/packages/framework-arduinoespressif32/tools/sdk/esp32s3/include/bt/host/bluedroid/api/include/api -IC:/Users/erich/.platformio/packages/framework-arduinoespressif32/tools/sdk/esp32s3/include/bt/esp_ble_mesh/mesh_common/include -IC:/Users/erich/.platformio/packages/framework-arduinoespressif32/tools/sdk/esp32s3/include/bt/esp_ble_mesh/mesh_common/tinycrypt/include -IC:/Users/erich/.platformio/packages/framework-arduinoespressif32/tools/sdk/esp32s3/include/bt/esp_ble_mesh/mesh_core -IC:/Users/erich/.platformio/packages/framework-arduinoespressif32/tools/sdk/esp32s3/include/bt/esp_ble_mesh/mesh_core/include -IC:/Users/erich/.platformio/packages/framework-arduinoespressif32/tools/sdk/esp32s3/include/bt/esp_ble_mesh/mesh_core/storage -IC:/Users/erich/.platformio/packages/framework-arduinoespressif32/tools/sdk/esp32s3/include/bt/esp_ble_mesh/btc/include -IC:/Users/erich/.platformio/packages/framework-arduinoespressif32/tools/sdk/esp32s3/include/bt/esp_ble_mesh/mesh_models/common/include -IC:/Users/erich/.platformio/packages/framework-arduinoespressif32/tools/sdk/esp32s3/include/bt/esp_ble_mesh/mesh_models/client/include -IC:/Users/erich/.platformio/packages/framework-arduinoespressif32/tools/sdk/esp32s3/include/bt/esp_ble_mesh/mesh_models/server/include -IC:/Users/erich/.platformio/packages/framework-arduinoespressif32/tools/sdk/esp32s3/include/bt/esp_ble_mesh/api/core/include -IC:/Users/erich/.platformio/packages/framework-arduinoespressif32/tools/sdk/esp32s3/include/bt/esp_ble_mesh/api/models/include -IC:/Users/erich/.platformio/packages/framework-arduinoespressif32/tools/sdk/esp32s3/include/bt/esp_ble_mesh/api -IC:/Users/erich/.platformio/packages/framework-arduinoespressif32/tools/sdk/esp32s3/include/cbor/port/include -IC:/Users/erich/.platformio/packages/framework-arduinoespressif32/tools/sdk/esp32s3/include/unity/include -IC:/Users/erich/.platformio/packages/framework-arduinoespressif32/tools/sdk/esp32s3/include/unity/unity/src -IC:/Users/erich/.platformio/packages/framework-arduinoespressif32/tools/sdk/esp32s3/include/cmock/CMock/src -IC:/Users/erich/.platformio/packages/framework-arduinoespressif32/tools/sdk/esp32s3/include/coap/port/include -IC:/Users/erich/.platformio/packages/framework-arduinoespressif32/tools/sdk/esp32s3/include/coap/libcoap/include -IC:/Users/erich/.platformio/packages/framework-arduinoespressif32/tools/sdk/esp32s3/include/nghttp/port/include -IC:/Users/erich/.platformio/packages/framework-arduinoespressif32/tools/sdk/esp32s3/include/nghttp/nghttp2/lib/includes -IC:/Users/erich/.platformio/packages/framework-arduinoespressif32/tools/sdk/esp32s3/include/esp-tls -IC:/Users/erich/.platformio/packages/framework-arduinoespressif32/tools/sdk/esp32s3/include/esp-tls/esp-tls-crypto -IC:/Users/erich/.platformio/packages/framework-arduinoespressif32/tools/sdk/esp32s3/include/esp_adc_cal/include -IC:/Users/erich/.platformio/packages/framework-arduinoespressif32/tools/sdk/esp32s3/include/esp_hid/include -IC:/Users/erich/.platformio/packages/framework-arduinoespressif32/tools/sdk/esp32s3/include/tcp_transport/include -IC:/Users/erich/.platformio/packages/framework-arduinoespressif32/tools/sdk/esp32s3/include/esp_http_client/include -IC:/Users/erich/.platformio/packages/framework-arduinoespressif32/tools/sdk/esp32s3/include/esp_http_server/include -IC:/Users/erich/.platformio/packages/framework-arduinoespressif32/tools/sdk/esp32s3/include/esp_https_ota/include -IC:/Users/erich/.platformio/packages/framework-arduinoespressif32/tools/sdk/esp32s3/include/esp_https_server/include -IC:/Users/erich/.platformio/packages/framework-arduinoespressif32/tools/sdk/esp32s3/include/esp_lcd/include -IC:/Users/erich/.platformio/packages/framework-arduinoespressif32/tools/sdk/esp32s3/include/esp_lcd/interface -IC:/Users/erich/.platformio/packages/framework-arduinoespressif32/tools/sdk/esp32s3/include/protobuf-c/protobuf-c -IC:/Users/erich/.platformio/packages/framework-arduinoespressif32/tools/sdk/esp32s3/include/protocomm/include/common -IC:/Users/erich/.platformio/packages/framework-arduinoespressif32/tools/sdk/esp32s3/include/protocomm/include/security -IC:/Users/erich/.platformio/packages/framework-arduinoespressif32/tools/sdk/esp32s3/include/protocomm/include/transports -IC:/Users/erich/.platformio/packages/framework-arduinoespressif32/tools/sdk/esp32s3/include/mdns/include -IC:/Users/erich/.platformio/packages/framework-arduinoespressif32/tools/sdk/esp32s3/include/esp_local_ctrl/include -IC:/Users/erich/.platformio/packages/framework-arduinoespressif32/tools/sdk/esp32s3/include/sdmmc/include -IC:/Users/erich/.platformio/packages/framework-arduinoespressif32/tools/sdk/esp32s3/include/esp_serial_slave_link/include -IC:/Users/erich/.platformio/packages/framework-arduinoespressif32/tools/sdk/esp32s3/include/esp_websocket_client/include -IC:/Users/erich/.platformio/packages/framework-arduinoespressif32/tools/sdk/esp32s3/include/expat/expat/expat/lib -IC:/Users/erich/.platformio/packages/framework-arduinoespressif32/tools/sdk/esp32s3/include/expat/port/include -IC:/Users/erich/.platformio/packages/framework-arduinoespressif32/tools/sdk/esp32s3/include/wear_levelling/include -IC:/Users/erich/.platformio/packages/framework-arduinoespressif32/tools/sdk/esp32s3/include/fatfs/diskio -IC:/Users/erich/.platformio/packages/framework-arduinoespressif32/tools/sdk/esp32s3/include/fatfs/vfs -IC:/Users/erich/.platformio/packages/framework-arduinoespressif32/tools/sdk/esp32s3/include/fatfs/src -IC:/Users/erich/.platformio/packages/framework-arduinoespressif32/tools/sdk/esp32s3/include/freemodbus/freemodbus/common/include -IC:/Users/erich/.platformio/packages/framework-arduinoespressif32/tools/sdk/esp32s3/include/idf_test/include -IC:/Users/erich/.platformio/packages/framework-arduinoespressif32/tools/sdk/esp32s3/include/idf_test/include/esp32s3 -IC:/Users/erich/.platformio/packages/framework-arduinoespressif32/tools/sdk/esp32s3/include/jsmn/include -IC:/Users/erich/.platformio/packages/framework-arduinoespressif32/tools/sdk/esp32s3/include/json/cJSON -IC:/Users/erich/.platformio/packages/framework-arduinoespressif32/tools/sdk/esp32s3/include/libsodium/libsodium/src/libsodium/include -IC:/Users/erich/.platformio/packages/framework-arduinoespressif32/tools/sdk/esp32s3/include/libsodium/port_include -IC:/Users/erich/.platformio/packages/framework-arduinoespressif32/tools/sdk/esp32s3/include/mqtt/esp-mqtt/include -IC:/Users/erich/.platformio/packages/framework-arduinoespressif32/tools/sdk/esp32s3/include/openssl/include -IC:/Users/erich/.platformio/packages/framework-arduinoespressif32/tools/sdk/esp32s3/include/perfmon/include -IC:/Users/erich/.platformio/packages/framework-arduinoespressif32/tools/sdk/esp32s3/include/spiffs/include -IC:/Users/erich/.platformio/packages/framework-arduinoespressif32/tools/sdk/esp32s3/include/usb/include -IC:/Users/erich/.platformio/packages/framework-arduinoespressif32/tools/sdk/esp32s3/include/ulp/include -IC:/Users/erich/.platformio/packages/framework-arduinoespressif32/tools/sdk/esp32s3/include/wifi_provisioning/include -IC:/Users/erich/.platformio/packages/framework-arduinoespressif32/tools/sdk/esp32s3/include/rmaker_common/include -IC:/Users/erich/.platformio/packages/framework-arduinoespressif32/tools/sdk/esp32s3/include/esp_diagnostics/include -IC:/Users/erich/.platformio/packages/framework-arduinoespressif32/tools/sdk/esp32s3/include/rtc_store/include -IC:/Users/erich/.platformio/packages/framework-arduinoespressif32/tools/sdk/esp32s3/include/esp_insights/include -IC:/Users/erich/.platformio/packages/framework-arduinoespressif32/tools/sdk/esp32s3/include/json_parser/upstream/include -IC:/Users/erich/.platformio/packages/framework-arduinoespressif32/tools/sdk/esp32s3/include/json_parser/upstream -IC:/Users/erich/.platformio/packages/framework-arduinoespressif32/tools/sdk/esp32s3/include/json_generator/upstream -IC:/Users/erich/.platformio/packages/framework-arduinoespressif32/tools/sdk/esp32s3/include/esp_schedule/include -IC:/Users/erich/.platformio/packages/framework-arduinoespressif32/tools/sdk/esp32s3/include/espressif__esp_secure_cert_mgr/include -IC:/Users/erich/.platformio/packages/framework-arduinoespressif32/tools/sdk/esp32s3/include/esp_rainmaker/include -IC:/Users/erich/.platformio/packages/framework-arduinoespressif32/tools/sdk/esp32s3/include/gpio_button/button/include -IC:/Users/erich/.platformio/packages/framework-arduinoespressif32/tools/sdk/esp32s3/include/qrcode/include -IC:/Users/erich/.platformio/packages/framework-arduinoespressif32/tools/sdk/esp32s3/include/ws2812_led -IC:/Users/erich/.platformio/packages/framework-arduinoespressif32/tools/sdk/esp32s3/include/freertos/include/freertos -IC:/Users/erich/.platformio/packages/framework-arduinoespressif32/tools/sdk/esp32s3/include/arduino_tinyusb/tinyusb/src -IC:/Users/erich/.platformio/packages/framework-arduinoespressif32/tools/sdk/esp32s3/include/arduino_tinyusb/include -IC:/Users/erich/.platformio/packages/framework-arduinoespressif32/tools/sdk/esp32s3/include/esp_littlefs/include -IC:/Users/erich/.platformio/packages/framework-arduinoespressif32/tools/sdk/esp32s3/include/esp-dl/include -IC:/Users/erich/.platformio/packages/framework-arduinoespressif32/tools/sdk/esp32s3/include/esp-dl/include/tool -IC:/Users/erich/.platformio/packages/framework-arduinoespressif32/tools/sdk/esp32s3/include/esp-dl/include/typedef -IC:/Users/erich/.platformio/packages/framework-arduinoespressif32/tools/sdk/esp32s3/include/esp-dl/include/image -IC:/Users/erich/.platformio/packages/framework-arduinoespressif32/tools/sdk/esp32s3/include/esp-dl/include/math -IC:/Users/erich/.platformio/packages/framework-arduinoespressif32/tools/sdk/esp32s3/include/esp-dl/include/nn -IC:/Users/erich/.platformio/packages/framework-arduinoespressif32/tools/sdk/esp32s3/include/esp-dl/include/layer -IC:/Users/erich/.platformio/packages/framework-arduinoespressif32/tools/sdk/esp32s3/include/esp-dl/include/detect -IC:/Users/erich/.platformio/packages/framework-arduinoespressif32/tools/sdk/esp32s3/include/esp-dl/include/model_zoo -IC:/Users/erich/.platformio/packages/framework-arduinoespressif32/tools/sdk/esp32s3/include/esp32-camera/driver/include -IC:/Users/erich/.platformio/packages/framework-arduinoespressif32/tools/sdk/esp32s3/include/esp32-camera/conversions/include -IC:/Users/erich/.platformio/packages/framework-arduinoespressif32/tools/sdk/esp32s3/include/espressif__esp-dsp/modules/dotprod/include -IC:/Users/erich/.platformio/packages/framework-arduinoespressif32/tools/sdk/esp32s3/include/espressif__esp-dsp/modules/support/include -IC:/Users/erich/.platformio/packages/framework-arduinoespressif32/tools/sdk/esp32s3/include/espressif__esp-dsp/modules/support/mem/include -IC:/Users/erich/.platformio/packages/framework-arduinoespressif32/tools/sdk/esp32s3/include/espressif__esp-dsp/modules/windows/include -IC:/Users/erich/.platformio/packages/framework-arduinoespressif32/tools/sdk/esp32s3/include/espressif__esp-dsp/modules/windows/hann/include -IC:/Users/erich/.platformio/packages/framework-arduinoespressif32/tools/sdk/esp32s3/include/espressif__esp-dsp/modules/windows/blackman/include -IC:/Users/erich/.platformio/packages/framework-arduinoespressif32/tools/sdk/esp32s3/include/espressif__esp-dsp/modules/windows/blackman_harris/include -IC:/Users/erich/.platformio/packages/framework-arduinoespressif32/tools/sdk/esp32s3/include/espressif__esp-dsp/modules/windows/blackman_nuttall/include -IC:/Users/erich/.platformio/packages/framework-arduinoespressif32/tools/sdk/esp32s3/include/espressif__esp-dsp/modules/windows/nuttall/include -IC:/Users/erich/.platformio/packages/framework-arduinoespressif32/tools/sdk/esp32s3/include/espressif__esp-dsp/modules/windows/flat_top/include -IC:/Users/erich/.platformio/packages/framework-arduinoespressif32/tools/sdk/esp32s3/include/espressif__esp-dsp/modules/iir/include -IC:/Users/erich/.platformio/packages/framework-arduinoespressif32/tools/sdk/esp32s3/include/espressif__esp-dsp/modules/fir/include -IC:/Users/erich/.platformio/packages/framework-arduinoespressif32/tools/sdk/esp32s3/include/espressif__esp-dsp/modules/math/include -IC:/Users/erich/.platformio/packages/framework-arduinoespressif32/tools/sdk/esp32s3/include/espressif__esp-dsp/modules/math/add/include -IC:/Users/erich/.platformio/packages/framework-arduinoespressif32/tools/sdk/esp32s3/include/espressif__esp-dsp/modules/math/sub/include -IC:/Users/erich/.platformio/packages/framework-arduinoespressif32/tools/sdk/esp32s3/include/espressif__esp-dsp/modules/math/mul/include -IC:/Users/erich/.platformio/packages/framework-arduinoespressif32/tools/sdk/esp32s3/include/espressif__esp-dsp/modules/math/addc/include -IC:/Users/erich/.platformio/packages/framework-arduinoespressif32/tools/sdk/esp32s3/include/espressif__esp-dsp/modules/math/mulc/include -IC:/Users/erich/.platformio/packages/framework-arduinoespressif32/tools/sdk/esp32s3/include/espressif__esp-dsp/modules/math/sqrt/include -IC:/Users/erich/.platformio/packages/framework-arduinoespressif32/tools/sdk/esp32s3/include/espressif__esp-dsp/modules/matrix/mul/include -IC:/Users/erich/.platformio/packages/framework-arduinoespressif32/tools/sdk/esp32s3/include/espressif__esp-dsp/modules/matrix/add/include -IC:/Users/erich/.platformio/packages/framework-arduinoespressif32/tools/sdk/esp32s3/include/espressif__esp-dsp/modules/matrix/addc/include -IC:/Users/erich/.platformio/packages/framework-arduinoespressif32/tools/sdk/esp32s3/include/espressif__esp-dsp/modules/matrix/mulc/include -IC:/Users/erich/.platformio/packages/framework-arduinoespressif32/tools/sdk/esp32s3/include/espressif__esp-dsp/modules/matrix/sub/include -IC:/Users/erich/.platformio/packages/framework-arduinoespressif32/tools/sdk/esp32s3/include/espressif__esp-dsp/modules/matrix/include -IC:/Users/erich/.platformio/packages/framework-arduinoespressif32/tools/sdk/esp32s3/include/espressif__esp-dsp/modules/fft/include -IC:/Users/erich/.platformio/packages/framework-arduinoespressif32/tools/sdk/esp32s3/include/espressif__esp-dsp/modules/dct/include -IC:/Users/erich/.platformio/packages/framework-arduinoespressif32/tools/sdk/esp32s3/include/espressif__esp-dsp/modules/conv/include -IC:/Users/erich/.platformio/packages/framework-arduinoespressif32/tools/sdk/esp32s3/include/espressif__esp-dsp/modules/common/include -IC:/Users/erich/.platformio/packages/framework-arduinoespressif32/tools/sdk/esp32s3/include/espressif__esp-dsp/modules/matrix/mul/test/include -IC:/Users/erich/.platformio/packages/framework-arduinoespressif32/tools/sdk/esp32s3/include/espressif__esp-dsp/modules/kalman/ekf/include -IC:/Users/erich/.platformio/packages/framework-arduinoespressif32/tools/sdk/esp32s3/include/espressif__esp-dsp/modules/kalman/ekf_imu13states/include -IC:/Users/erich/.platformio/packages/framework-arduinoespressif32/tools/sdk/esp32s3/include/fb_gfx/include -IC:/Users/erich/.platformio/packages/framework-arduinoespressif32/tools/sdk/esp32s3/qio_qspi/include -IC:/Users/erich/.platformio/packages/framework-arduinoespressif32/cores/esp32 -IC:/Users/erich/.platformio/packages/framework-arduinoespressif32/variants/esp32s3 .pio/libdeps/esp32-s3-devkitc-1/lvgl/src/draw/lv_draw_arc.c
src/main.cpp:64:3: error: 'pongNavigation' was not declared in this scope
src/main.cpp:70:3: error: 'pongSpeed' was not declared in this scope
src/main.cpp:136:2: error: 'lcd' was not declared in this scope
xtensa-esp32s3-elf-gcc -o .pio/build/esp32-s3-devkitc-1/liba0d/lvgl/draw/lv_draw_blur.c.o -c -std=gnu99 -Wno-old-style-declaration -include Arduino.h -Os -mlongcalls -ffunction-sections -fdata-sections -Wno-error=unused-function -Wno-error=unused-variable -Wno-error=deprecated-declarations -Wno-unused-parameter -Wno-sign-compare -ggdb -freorder-blocks -Wwrite-strings -fstack-protector -fstrict-volatile-bitfields -Wno-error=unused-but-set-variable -fno-jump-tables -fno-tree-switch-conversion -MMD -DPLATFORMIO=60119 -DARDUINO_ESP32S3_DEV -DARDUINO_USB_MODE=1 -DARDUINO_RUNNING_CORE=1 -DARDUINO_EVENT_RUNNING_CORE=1 -DLV_CONF_INCLUDE_SIMPLE=1 -DUSER_SETUP_LOADED=1 -DST7789_DRIVER=1 -DTFT_WIDTH=240 -DTFT_HEIGHT=320 -DTFT_MOSI=38 -DTFT_SCLK=39 -DTFT_CS=45 -DTFT_DC=42 -DTFT_RST=-1 -DTFT_BL=1 -DLOAD_GLCD=1 -DLOAD_FONT2=1 -DSPI_FREQUENCY=40000000 -DHAVE_CONFIG_H -DMBEDTLS_CONFIG_FILE=\"mbedtls/esp_config.h\" -DUNITY_INCLUDE_CONFIG_H -DWITH_POSIX -D_GNU_SOURCE -DIDF_VER=\"v4.4.7-dirty\" -DESP_PLATFORM -D_POSIX_READER_WRITER_LOCKS -DARDUINO_ARCH_ESP32 -DESP32 -DF_CPU=240000000L -DARDUINO=10812 -DARDUINO_VARIANT=\"esp32s3\" "-DARDUINO_BOARD=\"Espressif ESP32-S3-DevKitC-1-N8 (8 MB QD, No PSRAM)\"" -DARDUINO_PARTITION_default -I.pio/libdeps/esp32-s3-devkitc-1/lvgl -I.pio/libdeps/esp32-s3-devkitc-1/lvgl/src -IC:/Users/erich/.platformio/packages/framework-arduinoespressif32/libraries/SD/src -I.pio/libdeps/esp32-s3-devkitc-1/TFT_eSPI -IC:/Users/erich/.platformio/packages/framework-arduinoespressif32/libraries/LittleFS/src -IC:/Users/erich/.platformio/packages/framework-arduinoespressif32/libraries/SPIFFS/src -IC:/Users/erich/.platformio/packages/framework-arduinoespressif32/libraries/FS/src -IC:/Users/erich/.platformio/packages/framework-arduinoespressif32/libraries/SPI/src -Isrc -IC:/Users/erich/.platformio/packages/framework-arduinoespressif32/tools/sdk/esp32s3/include/newlib/platform_include -IC:/Users/erich/.platformio/packages/framework-arduinoespressif32/tools/sdk/esp32s3/include/freertos/include -IC:/Users/erich/.platformio/packages/framework-arduinoespressif32/tools/sdk/esp32s3/include/freertos/include/esp_additions/freertos -IC:/Users/erich/.platformio/packages/framework-arduinoespressif32/tools/sdk/esp32s3/include/freertos/port/xtensa/include -IC:/Users/erich/.platformio/packages/framework-arduinoespressif32/tools/sdk/esp32s3/include/freertos/include/esp_additions -IC:/Users/erich/.platformio/packages/framework-arduinoespressif32/tools/sdk/esp32s3/include/esp_hw_support/include -IC:/Users/erich/.platformio/packages/framework-arduinoespressif32/tools/sdk/esp32s3/include/esp_hw_support/include/soc -IC:/Users/erich/.platformio/packages/framework-arduinoespressif32/tools/sdk/esp32s3/include/esp_hw_support/include/soc/esp32s3 -IC:/Users/erich/.platformio/packages/framework-arduinoespressif32/tools/sdk/esp32s3/include/esp_hw_support/port/esp32s3 -IC:/Users/erich/.platformio/packages/framework-arduinoespressif32/tools/sdk/esp32s3/include/esp_hw_support/port/esp32s3/private_include -IC:/Users/erich/.platformio/packages/framework-arduinoespressif32/tools/sdk/esp32s3/include/heap/include -IC:/Users/erich/.platformio/packages/framework-arduinoespressif32/tools/sdk/esp32s3/include/log/include -IC:/Users/erich/.platformio/packages/framework-arduinoespressif32/tools/sdk/esp32s3/include/lwip/include/apps -IC:/Users/erich/.platformio/packages/framework-arduinoespressif32/tools/sdk/esp32s3/include/lwip/include/apps/sntp -IC:/Users/erich/.platformio/packages/framework-arduinoespressif32/tools/sdk/esp32s3/include/lwip/lwip/src/include -IC:/Users/erich/.platformio/packages/framework-arduinoespressif32/tools/sdk/esp32s3/include/lwip/port/esp32/include -IC:/Users/erich/.platformio/packages/framework-arduinoespressif32/tools/sdk/esp32s3/include/lwip/port/esp32/include/arch -IC:/Users/erich/.platformio/packages/framework-arduinoespressif32/tools/sdk/esp32s3/include/soc/include -IC:/Users/erich/.platformio/packages/framework-arduinoespressif32/tools/sdk/esp32s3/include/soc/esp32s3 -IC:/Users/erich/.platformio/packages/framework-arduinoespressif32/tools/sdk/esp32s3/include/soc/esp32s3/include -IC:/Users/erich/.platformio/packages/framework-arduinoespressif32/tools/sdk/esp32s3/include/hal/esp32s3/include -IC:/Users/erich/.platformio/packages/framework-arduinoespressif32/tools/sdk/esp32s3/include/hal/include -IC:/Users/erich/.platformio/packages/framework-arduinoespressif32/tools/sdk/esp32s3/include/hal/platform_port/include -IC:/Users/erich/.platformio/packages/framework-arduinoespressif32/tools/sdk/esp32s3/include/esp_rom/include -IC:/Users/erich/.platformio/packages/framework-arduinoespressif32/tools/sdk/esp32s3/include/esp_rom/include/esp32s3 -IC:/Users/erich/.platformio/packages/framework-arduinoespressif32/tools/sdk/esp32s3/include/esp_rom/esp32s3 -IC:/Users/erich/.platformio/packages/framework-arduinoespressif32/tools/sdk/esp32s3/include/esp_common/include -IC:/Users/erich/.platformio/packages/framework-arduinoespressif32/tools/sdk/esp32s3/include/esp_system/include -IC:/Users/erich/.platformio/packages/framework-arduinoespressif32/tools/sdk/esp32s3/include/esp_system/port/soc -IC:/Users/erich/.platformio/packages/framework-arduinoespressif32/tools/sdk/esp32s3/include/esp_system/port/public_compat -IC:/Users/erich/.platformio/packages/framework-arduinoespressif32/tools/sdk/esp32s3/include/xtensa/include -IC:/Users/erich/.platformio/packages/framework-arduinoespressif32/tools/sdk/esp32s3/include/xtensa/esp32s3/include -IC:/Users/erich/.platformio/packages/framework-arduinoespressif32/tools/sdk/esp32s3/include/driver/include -IC:/Users/erich/.platformio/packages/framework-arduinoespressif32/tools/sdk/esp32s3/include/driver/esp32s3/include -IC:/Users/erich/.platformio/packages/framework-arduinoespressif32/tools/sdk/esp32s3/include/esp_pm/include -IC:/Users/erich/.platformio/packages/framework-arduinoespressif32/tools/sdk/esp32s3/include/esp_ringbuf/include -IC:/Users/erich/.platformio/packages/framework-arduinoespressif32/tools/sdk/esp32s3/include/efuse/include -IC:/Users/erich/.platformio/packages/framework-arduinoespressif32/tools/sdk/esp32s3/include/efuse/esp32s3/include -IC:/Users/erich/.platformio/packages/framework-arduinoespressif32/tools/sdk/esp32s3/include/vfs/include -IC:/Users/erich/.platformio/packages/framework-arduinoespressif32/tools/sdk/esp32s3/include/esp_wifi/include -IC:/Users/erich/.platformio/packages/framework-arduinoespressif32/tools/sdk/esp32s3/include/esp_event/include -IC:/Users/erich/.platformio/packages/framework-arduinoespressif32/tools/sdk/esp32s3/include/esp_netif/include -IC:/Users/erich/.platformio/packages/framework-arduinoespressif32/tools/sdk/esp32s3/include/esp_eth/include -IC:/Users/erich/.platformio/packages/framework-arduinoespressif32/tools/sdk/esp32s3/include/tcpip_adapter/include -IC:/Users/erich/.platformio/packages/framework-arduinoespressif32/tools/sdk/esp32s3/include/esp_phy/include -IC:/Users/erich/.platformio/packages/framework-arduinoespressif32/tools/sdk/esp32s3/include/esp_phy/esp32s3/include -IC:/Users/erich/.platformio/packages/framework-arduinoespressif32/tools/sdk/esp32s3/include/esp_ipc/include -IC:/Users/erich/.platformio/packages/framework-arduinoespressif32/tools/sdk/esp32s3/include/app_trace/include -IC:/Users/erich/.platformio/packages/framework-arduinoespressif32/tools/sdk/esp32s3/include/esp_timer/include -IC:/Users/erich/.platformio/packages/framework-arduinoespressif32/tools/sdk/esp32s3/include/mbedtls/port/include -IC:/Users/erich/.platformio/packages/framework-arduinoespressif32/tools/sdk/esp32s3/include/mbedtls/mbedtls/include -IC:/Users/erich/.platformio/packages/framework-arduinoespressif32/tools/sdk/esp32s3/include/mbedtls/esp_crt_bundle/include -IC:/Users/erich/.platformio/packages/framework-arduinoespressif32/tools/sdk/esp32s3/include/app_update/include -IC:/Users/erich/.platformio/packages/framework-arduinoespressif32/tools/sdk/esp32s3/include/spi_flash/include -IC:/Users/erich/.platformio/packages/framework-arduinoespressif32/tools/sdk/esp32s3/include/bootloader_support/include -IC:/Users/erich/.platformio/packages/framework-arduinoespressif32/tools/sdk/esp32s3/include/nvs_flash/include -IC:/Users/erich/.platformio/packages/framework-arduinoespressif32/tools/sdk/esp32s3/include/pthread/include -IC:/Users/erich/.platformio/packages/framework-arduinoespressif32/tools/sdk/esp32s3/include/esp_gdbstub/include -IC:/Users/erich/.platformio/packages/framework-arduinoespressif32/tools/sdk/esp32s3/include/esp_gdbstub/xtensa -IC:/Users/erich/.platformio/packages/framework-arduinoespressif32/tools/sdk/esp32s3/include/esp_gdbstub/esp32s3 -IC:/Users/erich/.platformio/packages/framework-arduinoespressif32/tools/sdk/esp32s3/include/espcoredump/include -IC:/Users/erich/.platformio/packages/framework-arduinoespressif32/tools/sdk/esp32s3/include/espcoredump/include/port/xtensa -IC:/Users/erich/.platformio/packages/framework-arduinoespressif32/tools/sdk/esp32s3/include/wpa_supplicant/include -IC:/Users/erich/.platformio/packages/framework-arduinoespressif32/tools/sdk/esp32s3/include/wpa_supplicant/port/include -IC:/Users/erich/.platformio/packages/framework-arduinoespressif32/tools/sdk/esp32s3/include/wpa_supplicant/esp_supplicant/include -IC:/Users/erich/.platformio/packages/framework-arduinoespressif32/tools/sdk/esp32s3/include/ieee802154/include -IC:/Users/erich/.platformio/packages/framework-arduinoespressif32/tools/sdk/esp32s3/include/console -IC:/Users/erich/.platformio/packages/framework-arduinoespressif32/tools/sdk/esp32s3/include/asio/asio/asio/include -IC:/Users/erich/.platformio/packages/framework-arduinoespressif32/tools/sdk/esp32s3/include/asio/port/include -IC:/Users/erich/.platformio/packages/framework-arduinoespressif32/tools/sdk/esp32s3/include/bt/common/osi/include -IC:/Users/erich/.platformio/packages/framework-arduinoespressif32/tools/sdk/esp32s3/include/bt/include/esp32c3/include -IC:/Users/erich/.platformio/packages/framework-arduinoespressif32/tools/sdk/esp32s3/include/bt/common/api/include/api -IC:/Users/erich/.platformio/packages/framework-arduinoespressif32/tools/sdk/esp32s3/include/bt/common/btc/profile/esp/blufi/include -IC:/Users/erich/.platformio/packages/framework-arduinoespressif32/tools/sdk/esp32s3/include/bt/common/btc/profile/esp/include -IC:/Users/erich/.platformio/packages/framework-arduinoespressif32/tools/sdk/esp32s3/include/bt/host/bluedroid/api/include/api -IC:/Users/erich/.platformio/packages/framework-arduinoespressif32/tools/sdk/esp32s3/include/bt/esp_ble_mesh/mesh_common/include -IC:/Users/erich/.platformio/packages/framework-arduinoespressif32/tools/sdk/esp32s3/include/bt/esp_ble_mesh/mesh_common/tinycrypt/include -IC:/Users/erich/.platformio/packages/framework-arduinoespressif32/tools/sdk/esp32s3/include/bt/esp_ble_mesh/mesh_core -IC:/Users/erich/.platformio/packages/framework-arduinoespressif32/tools/sdk/esp32s3/include/bt/esp_ble_mesh/mesh_core/include -IC:/Users/erich/.platformio/packages/framework-arduinoespressif32/tools/sdk/esp32s3/include/bt/esp_ble_mesh/mesh_core/storage -IC:/Users/erich/.platformio/packages/framework-arduinoespressif32/tools/sdk/esp32s3/include/bt/esp_ble_mesh/btc/include -IC:/Users/erich/.platformio/packages/framework-arduinoespressif32/tools/sdk/esp32s3/include/bt/esp_ble_mesh/mesh_models/common/include -IC:/Users/erich/.platformio/packages/framework-arduinoespressif32/tools/sdk/esp32s3/include/bt/esp_ble_mesh/mesh_models/client/include -IC:/Users/erich/.platformio/packages/framework-arduinoespressif32/tools/sdk/esp32s3/include/bt/esp_ble_mesh/mesh_models/server/include -IC:/Users/erich/.platformio/packages/framework-arduinoespressif32/tools/sdk/esp32s3/include/bt/esp_ble_mesh/api/core/include -IC:/Users/erich/.platformio/packages/framework-arduinoespressif32/tools/sdk/esp32s3/include/bt/esp_ble_mesh/api/models/include -IC:/Users/erich/.platformio/packages/framework-arduinoespressif32/tools/sdk/esp32s3/include/bt/esp_ble_mesh/api -IC:/Users/erich/.platformio/packages/framework-arduinoespressif32/tools/sdk/esp32s3/include/cbor/port/include -IC:/Users/erich/.platformio/packages/framework-arduinoespressif32/tools/sdk/esp32s3/include/unity/include -IC:/Users/erich/.platformio/packages/framework-arduinoespressif32/tools/sdk/esp32s3/include/unity/unity/src -IC:/Users/erich/.platformio/packages/framework-arduinoespressif32/tools/sdk/esp32s3/include/cmock/CMock/src -IC:/Users/erich/.platformio/packages/framework-arduinoespressif32/tools/sdk/esp32s3/include/coap/port/include -IC:/Users/erich/.platformio/packages/framework-arduinoespressif32/tools/sdk/esp32s3/include/coap/libcoap/include -IC:/Users/erich/.platformio/packages/framework-arduinoespressif32/tools/sdk/esp32s3/include/nghttp/port/include -IC:/Users/erich/.platformio/packages/framework-arduinoespressif32/tools/sdk/esp32s3/include/nghttp/nghttp2/lib/includes -IC:/Users/erich/.platformio/packages/framework-arduinoespressif32/tools/sdk/esp32s3/include/esp-tls -IC:/Users/erich/.platformio/packages/framework-arduinoespressif32/tools/sdk/esp32s3/include/esp-tls/esp-tls-crypto -IC:/Users/erich/.platformio/packages/framework-arduinoespressif32/tools/sdk/esp32s3/include/esp_adc_cal/include -IC:/Users/erich/.platformio/packages/framework-arduinoespressif32/tools/sdk/esp32s3/include/esp_hid/include -IC:/Users/erich/.platformio/packages/framework-arduinoespressif32/tools/sdk/esp32s3/include/tcp_transport/include -IC:/Users/erich/.platformio/packages/framework-arduinoespressif32/tools/sdk/esp32s3/include/esp_http_client/include -IC:/Users/erich/.platformio/packages/framework-arduinoespressif32/tools/sdk/esp32s3/include/esp_http_server/include -IC:/Users/erich/.platformio/packages/framework-arduinoespressif32/tools/sdk/esp32s3/include/esp_https_ota/include -IC:/Users/erich/.platformio/packages/framework-arduinoespressif32/tools/sdk/esp32s3/include/esp_https_server/include -IC:/Users/erich/.platformio/packages/framework-arduinoespressif32/tools/sdk/esp32s3/include/esp_lcd/include -IC:/Users/erich/.platformio/packages/framework-arduinoespressif32/tools/sdk/esp32s3/include/esp_lcd/interface -IC:/Users/erich/.platformio/packages/framework-arduinoespressif32/tools/sdk/esp32s3/include/protobuf-c/protobuf-c -IC:/Users/erich/.platformio/packages/framework-arduinoespressif32/tools/sdk/esp32s3/include/protocomm/include/common -IC:/Users/erich/.platformio/packages/framework-arduinoespressif32/tools/sdk/esp32s3/include/protocomm/include/security -IC:/Users/erich/.platformio/packages/framework-arduinoespressif32/tools/sdk/esp32s3/include/protocomm/include/transports -IC:/Users/erich/.platformio/packages/framework-arduinoespressif32/tools/sdk/esp32s3/include/mdns/include -IC:/Users/erich/.platformio/packages/framework-arduinoespressif32/tools/sdk/esp32s3/include/esp_local_ctrl/include -IC:/Users/erich/.platformio/packages/framework-arduinoespressif32/tools/sdk/esp32s3/include/sdmmc/include -IC:/Users/erich/.platformio/packages/framework-arduinoespressif32/tools/sdk/esp32s3/include/esp_serial_slave_link/include -IC:/Users/erich/.platformio/packages/framework-arduinoespressif32/tools/sdk/esp32s3/include/esp_websocket_client/include -IC:/Users/erich/.platformio/packages/framework-arduinoespressif32/tools/sdk/esp32s3/include/expat/expat/expat/lib -IC:/Users/erich/.platformio/packages/framework-arduinoespressif32/tools/sdk/esp32s3/include/expat/port/include -IC:/Users/erich/.platformio/packages/framework-arduinoespressif32/tools/sdk/esp32s3/include/wear_levelling/include -IC:/Users/erich/.platformio/packages/framework-arduinoespressif32/tools/sdk/esp32s3/include/fatfs/diskio -IC:/Users/erich/.platformio/packages/framework-arduinoespressif32/tools/sdk/esp32s3/include/fatfs/vfs -IC:/Users/erich/.platformio/packages/framework-arduinoespressif32/tools/sdk/esp32s3/include/fatfs/src -IC:/Users/erich/.platformio/packages/framework-arduinoespressif32/tools/sdk/esp32s3/include/freemodbus/freemodbus/common/include -IC:/Users/erich/.platformio/packages/framework-arduinoespressif32/tools/sdk/esp32s3/include/idf_test/include -IC:/Users/erich/.platformio/packages/framework-arduinoespressif32/tools/sdk/esp32s3/include/idf_test/include/esp32s3 -IC:/Users/erich/.platformio/packages/framework-arduinoespressif32/tools/sdk/esp32s3/include/jsmn/include -IC:/Users/erich/.platformio/packages/framework-arduinoespressif32/tools/sdk/esp32s3/include/json/cJSON -IC:/Users/erich/.platformio/packages/framework-arduinoespressif32/tools/sdk/esp32s3/include/libsodium/libsodium/src/libsodium/include -IC:/Users/erich/.platformio/packages/framework-arduinoespressif32/tools/sdk/esp32s3/include/libsodium/port_include -IC:/Users/erich/.platformio/packages/framework-arduinoespressif32/tools/sdk/esp32s3/include/mqtt/esp-mqtt/include -IC:/Users/erich/.platformio/packages/framework-arduinoespressif32/tools/sdk/esp32s3/include/openssl/include -IC:/Users/erich/.platformio/packages/framework-arduinoespressif32/tools/sdk/esp32s3/include/perfmon/include -IC:/Users/erich/.platformio/packages/framework-arduinoespressif32/tools/sdk/esp32s3/include/spiffs/include -IC:/Users/erich/.platformio/packages/framework-arduinoespressif32/tools/sdk/esp32s3/include/usb/include -IC:/Users/erich/.platformio/packages/framework-arduinoespressif32/tools/sdk/esp32s3/include/ulp/include -IC:/Users/erich/.platformio/packages/framework-arduinoespressif32/tools/sdk/esp32s3/include/wifi_provisioning/include -IC:/Users/erich/.platformio/packages/framework-arduinoespressif32/tools/sdk/esp32s3/include/rmaker_common/include -IC:/Users/erich/.platformio/packages/framework-arduinoespressif32/tools/sdk/esp32s3/include/esp_diagnostics/include -IC:/Users/erich/.platformio/packages/framework-arduinoespressif32/tools/sdk/esp32s3/include/rtc_store/include -IC:/Users/erich/.platformio/packages/framework-arduinoespressif32/tools/sdk/esp32s3/include/esp_insights/include -IC:/Users/erich/.platformio/packages/framework-arduinoespressif32/tools/sdk/esp32s3/include/json_parser/upstream/include -IC:/Users/erich/.platformio/packages/framework-arduinoespressif32/tools/sdk/esp32s3/include/json_parser/upstream -IC:/Users/erich/.platformio/packages/framework-arduinoespressif32/tools/sdk/esp32s3/include/json_generator/upstream -IC:/Users/erich/.platformio/packages/framework-arduinoespressif32/tools/sdk/esp32s3/include/esp_schedule/include -IC:/Users/erich/.platformio/packages/framework-arduinoespressif32/tools/sdk/esp32s3/include/espressif__esp_secure_cert_mgr/include -IC:/Users/erich/.platformio/packages/framework-arduinoespressif32/tools/sdk/esp32s3/include/esp_rainmaker/include -IC:/Users/erich/.platformio/packages/framework-arduinoespressif32/tools/sdk/esp32s3/include/gpio_button/button/include -IC:/Users/erich/.platformio/packages/framework-arduinoespressif32/tools/sdk/esp32s3/include/qrcode/include -IC:/Users/erich/.platformio/packages/framework-arduinoespressif32/tools/sdk/esp32s3/include/ws2812_led -IC:/Users/erich/.platformio/packages/framework-arduinoespressif32/tools/sdk/esp32s3/include/freertos/include/freertos -IC:/Users/erich/.platformio/packages/framework-arduinoespressif32/tools/sdk/esp32s3/include/arduino_tinyusb/tinyusb/src -IC:/Users/erich/.platformio/packages/framework-arduinoespressif32/tools/sdk/esp32s3/include/arduino_tinyusb/include -IC:/Users/erich/.platformio/packages/framework-arduinoespressif32/tools/sdk/esp32s3/include/esp_littlefs/include -IC:/Users/erich/.platformio/packages/framework-arduinoespressif32/tools/sdk/esp32s3/include/esp-dl/include -IC:/Users/erich/.platformio/packages/framework-arduinoespressif32/tools/sdk/esp32s3/include/esp-dl/include/tool -IC:/Users/erich/.platformio/packages/framework-arduinoespressif32/tools/sdk/esp32s3/include/esp-dl/include/typedef -IC:/Users/erich/.platformio/packages/framework-arduinoespressif32/tools/sdk/esp32s3/include/esp-dl/include/image -IC:/Users/erich/.platformio/packages/framework-arduinoespressif32/tools/sdk/esp32s3/include/esp-dl/include/math -IC:/Users/erich/.platformio/packages/framework-arduinoespressif32/tools/sdk/esp32s3/include/esp-dl/include/nn -IC:/Users/erich/.platformio/packages/framework-arduinoespressif32/tools/sdk/esp32s3/include/esp-dl/include/layer -IC:/Users/erich/.platformio/packages/framework-arduinoespressif32/tools/sdk/esp32s3/include/esp-dl/include/detect -IC:/Users/erich/.platformio/packages/framework-arduinoespressif32/tools/sdk/esp32s3/include/esp-dl/include/model_zoo -IC:/Users/erich/.platformio/packages/framework-arduinoespressif32/tools/sdk/esp32s3/include/esp32-camera/driver/include -IC:/Users/erich/.platformio/packages/framework-arduinoespressif32/tools/sdk/esp32s3/include/esp32-camera/conversions/include -IC:/Users/erich/.platformio/packages/framework-arduinoespressif32/tools/sdk/esp32s3/include/espressif__esp-dsp/modules/dotprod/include -IC:/Users/erich/.platformio/packages/framework-arduinoespressif32/tools/sdk/esp32s3/include/espressif__esp-dsp/modules/support/include -IC:/Users/erich/.platformio/packages/framework-arduinoespressif32/tools/sdk/esp32s3/include/espressif__esp-dsp/modules/support/mem/include -IC:/Users/erich/.platformio/packages/framework-arduinoespressif32/tools/sdk/esp32s3/include/espressif__esp-dsp/modules/windows/include -IC:/Users/erich/.platformio/packages/framework-arduinoespressif32/tools/sdk/esp32s3/include/espressif__esp-dsp/modules/windows/hann/include -IC:/Users/erich/.platformio/packages/framework-arduinoespressif32/tools/sdk/esp32s3/include/espressif__esp-dsp/modules/windows/blackman/include -IC:/Users/erich/.platformio/packages/framework-arduinoespressif32/tools/sdk/esp32s3/include/espressif__esp-dsp/modules/windows/blackman_harris/include -IC:/Users/erich/.platformio/packages/framework-arduinoespressif32/tools/sdk/esp32s3/include/espressif__esp-dsp/modules/windows/blackman_nuttall/include -IC:/Users/erich/.platformio/packages/framework-arduinoespressif32/tools/sdk/esp32s3/include/espressif__esp-dsp/modules/windows/nuttall/include -IC:/Users/erich/.platformio/packages/framework-arduinoespressif32/tools/sdk/esp32s3/include/espressif__esp-dsp/modules/windows/flat_top/include -IC:/Users/erich/.platformio/packages/framework-arduinoespressif32/tools/sdk/esp32s3/include/espressif__esp-dsp/modules/iir/include -IC:/Users/erich/.platformio/packages/framework-arduinoespressif32/tools/sdk/esp32s3/include/espressif__esp-dsp/modules/fir/include -IC:/Users/erich/.platformio/packages/framework-arduinoespressif32/tools/sdk/esp32s3/include/espressif__esp-dsp/modules/math/include -IC:/Users/erich/.platformio/packages/framework-arduinoespressif32/tools/sdk/esp32s3/include/espressif__esp-dsp/modules/math/add/include -IC:/Users/erich/.platformio/packages/framework-arduinoespressif32/tools/sdk/esp32s3/include/espressif__esp-dsp/modules/math/sub/include -IC:/Users/erich/.platformio/packages/framework-arduinoespressif32/tools/sdk/esp32s3/include/espressif__esp-dsp/modules/math/mul/include -IC:/Users/erich/.platformio/packages/framework-arduinoespressif32/tools/sdk/esp32s3/include/espressif__esp-dsp/modules/math/addc/include -IC:/Users/erich/.platformio/packages/framework-arduinoespressif32/tools/sdk/esp32s3/include/espressif__esp-dsp/modules/math/mulc/include -IC:/Users/erich/.platformio/packages/framework-arduinoespressif32/tools/sdk/esp32s3/include/espressif__esp-dsp/modules/math/sqrt/include -IC:/Users/erich/.platformio/packages/framework-arduinoespressif32/tools/sdk/esp32s3/include/espressif__esp-dsp/modules/matrix/mul/include -IC:/Users/erich/.platformio/packages/framework-arduinoespressif32/tools/sdk/esp32s3/include/espressif__esp-dsp/modules/matrix/add/include -IC:/Users/erich/.platformio/packages/framework-arduinoespressif32/tools/sdk/esp32s3/include/espressif__esp-dsp/modules/matrix/addc/include -IC:/Users/erich/.platformio/packages/framework-arduinoespressif32/tools/sdk/esp32s3/include/espressif__esp-dsp/modules/matrix/mulc/include -IC:/Users/erich/.platformio/packages/framework-arduinoespressif32/tools/sdk/esp32s3/include/espressif__esp-dsp/modules/matrix/sub/include -IC:/Users/erich/.platformio/packages/framework-arduinoespressif32/tools/sdk/esp32s3/include/espressif__esp-dsp/modules/matrix/include -IC:/Users/erich/.platformio/packages/framework-arduinoespressif32/tools/sdk/esp32s3/include/espressif__esp-dsp/modules/fft/include -IC:/Users/erich/.platformio/packages/framework-arduinoespressif32/tools/sdk/esp32s3/include/espressif__esp-dsp/modules/dct/include -IC:/Users/erich/.platformio/packages/framework-arduinoespressif32/tools/sdk/esp32s3/include/espressif__esp-dsp/modules/conv/include -IC:/Users/erich/.platformio/packages/framework-arduinoespressif32/tools/sdk/esp32s3/include/espressif__esp-dsp/modules/common/include -IC:/Users/erich/.platformio/packages/framework-arduinoespressif32/tools/sdk/esp32s3/include/espressif__esp-dsp/modules/matrix/mul/test/include -IC:/Users/erich/.platformio/packages/framework-arduinoespressif32/tools/sdk/esp32s3/include/espressif__esp-dsp/modules/kalman/ekf/include -IC:/Users/erich/.platformio/packages/framework-arduinoespressif32/tools/sdk/esp32s3/include/espressif__esp-dsp/modules/kalman/ekf_imu13states/include -IC:/Users/erich/.platformio/packages/framework-arduinoespressif32/tools/sdk/esp32s3/include/fb_gfx/include -IC:/Users/erich/.platformio/packages/framework-arduinoespressif32/tools/sdk/esp32s3/qio_qspi/include -IC:/Users/erich/.platformio/packages/framework-arduinoespressif32/cores/esp32 -IC:/Users/erich/.platformio/packages/framework-arduinoespressif32/variants/esp32s3 .pio/libdeps/esp32-s3-devkitc-1/lvgl/src/draw/lv_draw_blur.c
xtensa-esp32s3-elf-gcc -o .pio/build/esp32-s3-devkitc-1/liba0d/lvgl/draw/lv_draw_buf.c.o -c -std=gnu99 -Wno-old-style-declaration -include Arduino.h -Os -mlongcalls -ffunction-sections -fdata-sections -Wno-error=unused-function -Wno-error=unused-variable -Wno-error=deprecated-declarations -Wno-unused-parameter -Wno-sign-compare -ggdb -freorder-blocks -Wwrite-strings -fstack-protector -fstrict-volatile-bitfields -Wno-error=unused-but-set-variable -fno-jump-tables -fno-tree-switch-conversion -MMD -DPLATFORMIO=60119 -DARDUINO_ESP32S3_DEV -DARDUINO_USB_MODE=1 -DARDUINO_RUNNING_CORE=1 -DARDUINO_EVENT_RUNNING_CORE=1 -DLV_CONF_INCLUDE_SIMPLE=1 -DUSER_SETUP_LOADED=1 -DST7789_DRIVER=1 -DTFT_WIDTH=240 -DTFT_HEIGHT=320 -DTFT_MOSI=38 -DTFT_SCLK=39 -DTFT_CS=45 -DTFT_DC=42 -DTFT_RST=-1 -DTFT_BL=1 -DLOAD_GLCD=1 -DLOAD_FONT2=1 -DSPI_FREQUENCY=40000000 -DHAVE_CONFIG_H -DMBEDTLS_CONFIG_FILE=\"mbedtls/esp_config.h\" -DUNITY_INCLUDE_CONFIG_H -DWITH_POSIX -D_GNU_SOURCE -DIDF_VER=\"v4.4.7-dirty\" -DESP_PLATFORM -D_POSIX_READER_WRITER_LOCKS -DARDUINO_ARCH_ESP32 -DESP32 -DF_CPU=240000000L -DARDUINO=10812 -DARDUINO_VARIANT=\"esp32s3\" "-DARDUINO_BOARD=\"Espressif ESP32-S3-DevKitC-1-N8 (8 MB QD, No PSRAM)\"" -DARDUINO_PARTITION_default -I.pio/libdeps/esp32-s3-devkitc-1/lvgl -I.pio/libdeps/esp32-s3-devkitc-1/lvgl/src -IC:/Users/erich/.platformio/packages/framework-arduinoespressif32/libraries/SD/src -I.pio/libdeps/esp32-s3-devkitc-1/TFT_eSPI -IC:/Users/erich/.platformio/packages/framework-arduinoespressif32/libraries/LittleFS/src -IC:/Users/erich/.platformio/packages/framework-arduinoespressif32/libraries/SPIFFS/src -IC:/Users/erich/.platformio/packages/framework-arduinoespressif32/libraries/FS/src -IC:/Users/erich/.platformio/packages/framework-arduinoespressif32/libraries/SPI/src -Isrc -IC:/Users/erich/.platformio/packages/framework-arduinoespressif32/tools/sdk/esp32s3/include/newlib/platform_include -IC:/Users/erich/.platformio/packages/framework-arduinoespressif32/tools/sdk/esp32s3/include/freertos/include -IC:/Users/erich/.platformio/packages/framework-arduinoespressif32/tools/sdk/esp32s3/include/freertos/include/esp_additions/freertos -IC:/Users/erich/.platformio/packages/framework-arduinoespressif32/tools/sdk/esp32s3/include/freertos/port/xtensa/include -IC:/Users/erich/.platformio/packages/framework-arduinoespressif32/tools/sdk/esp32s3/include/freertos/include/esp_additions -IC:/Users/erich/.platformio/packages/framework-arduinoespressif32/tools/sdk/esp32s3/include/esp_hw_support/include -IC:/Users/erich/.platformio/packages/framework-arduinoespressif32/tools/sdk/esp32s3/include/esp_hw_support/include/soc -IC:/Users/erich/.platformio/packages/framework-arduinoespressif32/tools/sdk/esp32s3/include/esp_hw_support/include/soc/esp32s3 -IC:/Users/erich/.platformio/packages/framework-arduinoespressif32/tools/sdk/esp32s3/include/esp_hw_support/port/esp32s3 -IC:/Users/erich/.platformio/packages/framework-arduinoespressif32/tools/sdk/esp32s3/include/esp_hw_support/port/esp32s3/private_include -IC:/Users/erich/.platformio/packages/framework-arduinoespressif32/tools/sdk/esp32s3/include/heap/include -IC:/Users/erich/.platformio/packages/framework-arduinoespressif32/tools/sdk/esp32s3/include/log/include -IC:/Users/erich/.platformio/packages/framework-arduinoespressif32/tools/sdk/esp32s3/include/lwip/include/apps -IC:/Users/erich/.platformio/packages/framework-arduinoespressif32/tools/sdk/esp32s3/include/lwip/include/apps/sntp -IC:/Users/erich/.platformio/packages/framework-arduinoespressif32/tools/sdk/esp32s3/include/lwip/lwip/src/include -IC:/Users/erich/.platformio/packages/framework-arduinoespressif32/tools/sdk/esp32s3/include/lwip/port/esp32/include -IC:/Users/erich/.platformio/packages/framework-arduinoespressif32/tools/sdk/esp32s3/include/lwip/port/esp32/include/arch -IC:/Users/erich/.platformio/packages/framework-arduinoespressif32/tools/sdk/esp32s3/include/soc/include -IC:/Users/erich/.platformio/packages/framework-arduinoespressif32/tools/sdk/esp32s3/include/soc/esp32s3 -IC:/Users/erich/.platformio/packages/framework-arduinoespressif32/tools/sdk/esp32s3/include/soc/esp32s3/include -IC:/Users/erich/.platformio/packages/framework-arduinoespressif32/tools/sdk/esp32s3/include/hal/esp32s3/include -IC:/Users/erich/.platformio/packages/framework-arduinoespressif32/tools/sdk/esp32s3/include/hal/include -IC:/Users/erich/.platformio/packages/framework-arduinoespressif32/tools/sdk/esp32s3/include/hal/platform_port/include -IC:/Users/erich/.platformio/packages/framework-arduinoespressif32/tools/sdk/esp32s3/include/esp_rom/include -IC:/Users/erich/.platformio/packages/framework-arduinoespressif32/tools/sdk/esp32s3/include/esp_rom/include/esp32s3 -IC:/Users/erich/.platformio/packages/framework-arduinoespressif32/tools/sdk/esp32s3/include/esp_rom/esp32s3 -IC:/Users/erich/.platformio/packages/framework-arduinoespressif32/tools/sdk/esp32s3/include/esp_common/include -IC:/Users/erich/.platformio/packages/framework-arduinoespressif32/tools/sdk/esp32s3/include/esp_system/include -IC:/Users/erich/.platformio/packages/framework-arduinoespressif32/tools/sdk/esp32s3/include/esp_system/port/soc -IC:/Users/erich/.platformio/packages/framework-arduinoespressif32/tools/sdk/esp32s3/include/esp_system/port/public_compat -IC:/Users/erich/.platformio/packages/framework-arduinoespressif32/tools/sdk/esp32s3/include/xtensa/include -IC:/Users/erich/.platformio/packages/framework-arduinoespressif32/tools/sdk/esp32s3/include/xtensa/esp32s3/include -IC:/Users/erich/.platformio/packages/framework-arduinoespressif32/tools/sdk/esp32s3/include/driver/include -IC:/Users/erich/.platformio/packages/framework-arduinoespressif32/tools/sdk/esp32s3/include/driver/esp32s3/include -IC:/Users/erich/.platformio/packages/framework-arduinoespressif32/tools/sdk/esp32s3/include/esp_pm/include -IC:/Users/erich/.platformio/packages/framework-arduinoespressif32/tools/sdk/esp32s3/include/esp_ringbuf/include -IC:/Users/erich/.platformio/packages/framework-arduinoespressif32/tools/sdk/esp32s3/include/efuse/include -IC:/Users/erich/.platformio/packages/framework-arduinoespressif32/tools/sdk/esp32s3/include/efuse/esp32s3/include -IC:/Users/erich/.platformio/packages/framework-arduinoespressif32/tools/sdk/esp32s3/include/vfs/include -IC:/Users/erich/.platformio/packages/framework-arduinoespressif32/tools/sdk/esp32s3/include/esp_wifi/include -IC:/Users/erich/.platformio/packages/framework-arduinoespressif32/tools/sdk/esp32s3/include/esp_event/include -IC:/Users/erich/.platformio/packages/framework-arduinoespressif32/tools/sdk/esp32s3/include/esp_netif/include -IC:/Users/erich/.platformio/packages/framework-arduinoespressif32/tools/sdk/esp32s3/include/esp_eth/include -IC:/Users/erich/.platformio/packages/framework-arduinoespressif32/tools/sdk/esp32s3/include/tcpip_adapter/include -IC:/Users/erich/.platformio/packages/framework-arduinoespressif32/tools/sdk/esp32s3/include/esp_phy/include -IC:/Users/erich/.platformio/packages/framework-arduinoespressif32/tools/sdk/esp32s3/include/esp_phy/esp32s3/include -IC:/Users/erich/.platformio/packages/framework-arduinoespressif32/tools/sdk/esp32s3/include/esp_ipc/include -IC:/Users/erich/.platformio/packages/framework-arduinoespressif32/tools/sdk/esp32s3/include/app_trace/include -IC:/Users/erich/.platformio/packages/framework-arduinoespressif32/tools/sdk/esp32s3/include/esp_timer/include -IC:/Users/erich/.platformio/packages/framework-arduinoespressif32/tools/sdk/esp32s3/include/mbedtls/port/include -IC:/Users/erich/.platformio/packages/framework-arduinoespressif32/tools/sdk/esp32s3/include/mbedtls/mbedtls/include -IC:/Users/erich/.platformio/packages/framework-arduinoespressif32/tools/sdk/esp32s3/include/mbedtls/esp_crt_bundle/include -IC:/Users/erich/.platformio/packages/framework-arduinoespressif32/tools/sdk/esp32s3/include/app_update/include -IC:/Users/erich/.platformio/packages/framework-arduinoespressif32/tools/sdk/esp32s3/include/spi_flash/include -IC:/Users/erich/.platformio/packages/framework-arduinoespressif32/tools/sdk/esp32s3/include/bootloader_support/include -IC:/Users/erich/.platformio/packages/framework-arduinoespressif32/tools/sdk/esp32s3/include/nvs_flash/include -IC:/Users/erich/.platformio/packages/framework-arduinoespressif32/tools/sdk/esp32s3/include/pthread/include -IC:/Users/erich/.platformio/packages/framework-arduinoespressif32/tools/sdk/esp32s3/include/esp_gdbstub/include -IC:/Users/erich/.platformio/packages/framework-arduinoespressif32/tools/sdk/esp32s3/include/esp_gdbstub/xtensa -IC:/Users/erich/.platformio/packages/framework-arduinoespressif32/tools/sdk/esp32s3/include/esp_gdbstub/esp32s3 -IC:/Users/erich/.platformio/packages/framework-arduinoespressif32/tools/sdk/esp32s3/include/espcoredump/include -IC:/Users/erich/.platformio/packages/framework-arduinoespressif32/tools/sdk/esp32s3/include/espcoredump/include/port/xtensa -IC:/Users/erich/.platformio/packages/framework-arduinoespressif32/tools/sdk/esp32s3/include/wpa_supplicant/include -IC:/Users/erich/.platformio/packages/framework-arduinoespressif32/tools/sdk/esp32s3/include/wpa_supplicant/port/include -IC:/Users/erich/.platformio/packages/framework-arduinoespressif32/tools/sdk/esp32s3/include/wpa_supplicant/esp_supplicant/include -IC:/Users/erich/.platformio/packages/framework-arduinoespressif32/tools/sdk/esp32s3/include/ieee802154/include -IC:/Users/erich/.platformio/packages/framework-arduinoespressif32/tools/sdk/esp32s3/include/console -IC:/Users/erich/.platformio/packages/framework-arduinoespressif32/tools/sdk/esp32s3/include/asio/asio/asio/include -IC:/Users/erich/.platformio/packages/framework-arduinoespressif32/tools/sdk/esp32s3/include/asio/port/include -IC:/Users/erich/.platformio/packages/framework-arduinoespressif32/tools/sdk/esp32s3/include/bt/common/osi/include -IC:/Users/erich/.platformio/packages/framework-arduinoespressif32/tools/sdk/esp32s3/include/bt/include/esp32c3/include -IC:/Users/erich/.platformio/packages/framework-arduinoespressif32/tools/sdk/esp32s3/include/bt/common/api/include/api -IC:/Users/erich/.platformio/packages/framework-arduinoespressif32/tools/sdk/esp32s3/include/bt/common/btc/profile/esp/blufi/include -IC:/Users/erich/.platformio/packages/framework-arduinoespressif32/tools/sdk/esp32s3/include/bt/common/btc/profile/esp/include -IC:/Users/erich/.platformio/packages/framework-arduinoespressif32/tools/sdk/esp32s3/include/bt/host/bluedroid/api/include/api -IC:/Users/erich/.platformio/packages/framework-arduinoespressif32/tools/sdk/esp32s3/include/bt/esp_ble_mesh/mesh_common/include -IC:/Users/erich/.platformio/packages/framework-arduinoespressif32/tools/sdk/esp32s3/include/bt/esp_ble_mesh/mesh_common/tinycrypt/include -IC:/Users/erich/.platformio/packages/framework-arduinoespressif32/tools/sdk/esp32s3/include/bt/esp_ble_mesh/mesh_core -IC:/Users/erich/.platformio/packages/framework-arduinoespressif32/tools/sdk/esp32s3/include/bt/esp_ble_mesh/mesh_core/include -IC:/Users/erich/.platformio/packages/framework-arduinoespressif32/tools/sdk/esp32s3/include/bt/esp_ble_mesh/mesh_core/storage -IC:/Users/erich/.platformio/packages/framework-arduinoespressif32/tools/sdk/esp32s3/include/bt/esp_ble_mesh/btc/include -IC:/Users/erich/.platformio/packages/framework-arduinoespressif32/tools/sdk/esp32s3/include/bt/esp_ble_mesh/mesh_models/common/include -IC:/Users/erich/.platformio/packages/framework-arduinoespressif32/tools/sdk/esp32s3/include/bt/esp_ble_mesh/mesh_models/client/include -IC:/Users/erich/.platformio/packages/framework-arduinoespressif32/tools/sdk/esp32s3/include/bt/esp_ble_mesh/mesh_models/server/include -IC:/Users/erich/.platformio/packages/framework-arduinoespressif32/tools/sdk/esp32s3/include/bt/esp_ble_mesh/api/core/include -IC:/Users/erich/.platformio/packages/framework-arduinoespressif32/tools/sdk/esp32s3/include/bt/esp_ble_mesh/api/models/include -IC:/Users/erich/.platformio/packages/framework-arduinoespressif32/tools/sdk/esp32s3/include/bt/esp_ble_mesh/api -IC:/Users/erich/.platformio/packages/framework-arduinoespressif32/tools/sdk/esp32s3/include/cbor/port/include -IC:/Users/erich/.platformio/packages/framework-arduinoespressif32/tools/sdk/esp32s3/include/unity/include -IC:/Users/erich/.platformio/packages/framework-arduinoespressif32/tools/sdk/esp32s3/include/unity/unity/src -IC:/Users/erich/.platformio/packages/framework-arduinoespressif32/tools/sdk/esp32s3/include/cmock/CMock/src -IC:/Users/erich/.platformio/packages/framework-arduinoespressif32/tools/sdk/esp32s3/include/coap/port/include -IC:/Users/erich/.platformio/packages/framework-arduinoespressif32/tools/sdk/esp32s3/include/coap/libcoap/include -IC:/Users/erich/.platformio/packages/framework-arduinoespressif32/tools/sdk/esp32s3/include/nghttp/port/include -IC:/Users/erich/.platformio/packages/framework-arduinoespressif32/tools/sdk/esp32s3/include/nghttp/nghttp2/lib/includes -IC:/Users/erich/.platformio/packages/framework-arduinoespressif32/tools/sdk/esp32s3/include/esp-tls -IC:/Users/erich/.platformio/packages/framework-arduinoespressif32/tools/sdk/esp32s3/include/esp-tls/esp-tls-crypto -IC:/Users/erich/.platformio/packages/framework-arduinoespressif32/tools/sdk/esp32s3/include/esp_adc_cal/include -IC:/Users/erich/.platformio/packages/framework-arduinoespressif32/tools/sdk/esp32s3/include/esp_hid/include -IC:/Users/erich/.platformio/packages/framework-arduinoespressif32/tools/sdk/esp32s3/include/tcp_transport/include -IC:/Users/erich/.platformio/packages/framework-arduinoespressif32/tools/sdk/esp32s3/include/esp_http_client/include -IC:/Users/erich/.platformio/packages/framework-arduinoespressif32/tools/sdk/esp32s3/include/esp_http_server/include -IC:/Users/erich/.platformio/packages/framework-arduinoespressif32/tools/sdk/esp32s3/include/esp_https_ota/include -IC:/Users/erich/.platformio/packages/framework-arduinoespressif32/tools/sdk/esp32s3/include/esp_https_server/include -IC:/Users/erich/.platformio/packages/framework-arduinoespressif32/tools/sdk/esp32s3/include/esp_lcd/include -IC:/Users/erich/.platformio/packages/framework-arduinoespressif32/tools/sdk/esp32s3/include/esp_lcd/interface -IC:/Users/erich/.platformio/packages/framework-arduinoespressif32/tools/sdk/esp32s3/include/protobuf-c/protobuf-c -IC:/Users/erich/.platformio/packages/framework-arduinoespressif32/tools/sdk/esp32s3/include/protocomm/include/common -IC:/Users/erich/.platformio/packages/framework-arduinoespressif32/tools/sdk/esp32s3/include/protocomm/include/security -IC:/Users/erich/.platformio/packages/framework-arduinoespressif32/tools/sdk/esp32s3/include/protocomm/include/transports -IC:/Users/erich/.platformio/packages/framework-arduinoespressif32/tools/sdk/esp32s3/include/mdns/include -IC:/Users/erich/.platformio/packages/framework-arduinoespressif32/tools/sdk/esp32s3/include/esp_local_ctrl/include -IC:/Users/erich/.platformio/packages/framework-arduinoespressif32/tools/sdk/esp32s3/include/sdmmc/include -IC:/Users/erich/.platformio/packages/framework-arduinoespressif32/tools/sdk/esp32s3/include/esp_serial_slave_link/include -IC:/Users/erich/.platformio/packages/framework-arduinoespressif32/tools/sdk/esp32s3/include/esp_websocket_client/include -IC:/Users/erich/.platformio/packages/framework-arduinoespressif32/tools/sdk/esp32s3/include/expat/expat/expat/lib -IC:/Users/erich/.platformio/packages/framework-arduinoespressif32/tools/sdk/esp32s3/include/expat/port/include -IC:/Users/erich/.platformio/packages/framework-arduinoespressif32/tools/sdk/esp32s3/include/wear_levelling/include -IC:/Users/erich/.platformio/packages/framework-arduinoespressif32/tools/sdk/esp32s3/include/fatfs/diskio -IC:/Users/erich/.platformio/packages/framework-arduinoespressif32/tools/sdk/esp32s3/include/fatfs/vfs -IC:/Users/erich/.platformio/packages/framework-arduinoespressif32/tools/sdk/esp32s3/include/fatfs/src -IC:/Users/erich/.platformio/packages/framework-arduinoespressif32/tools/sdk/esp32s3/include/freemodbus/freemodbus/common/include -IC:/Users/erich/.platformio/packages/framework-arduinoespressif32/tools/sdk/esp32s3/include/idf_test/include -IC:/Users/erich/.platformio/packages/framework-arduinoespressif32/tools/sdk/esp32s3/include/idf_test/include/esp32s3 -IC:/Users/erich/.platformio/packages/framework-arduinoespressif32/tools/sdk/esp32s3/include/jsmn/include -IC:/Users/erich/.platformio/packages/framework-arduinoespressif32/tools/sdk/esp32s3/include/json/cJSON -IC:/Users/erich/.platformio/packages/framework-arduinoespressif32/tools/sdk/esp32s3/include/libsodium/libsodium/src/libsodium/include -IC:/Users/erich/.platformio/packages/framework-arduinoespressif32/tools/sdk/esp32s3/include/libsodium/port_include -IC:/Users/erich/.platformio/packages/framework-arduinoespressif32/tools/sdk/esp32s3/include/mqtt/esp-mqtt/include -IC:/Users/erich/.platformio/packages/framework-arduinoespressif32/tools/sdk/esp32s3/include/openssl/include -IC:/Users/erich/.platformio/packages/framework-arduinoespressif32/tools/sdk/esp32s3/include/perfmon/include -IC:/Users/erich/.platformio/packages/framework-arduinoespressif32/tools/sdk/esp32s3/include/spiffs/include -IC:/Users/erich/.platformio/packages/framework-arduinoespressif32/tools/sdk/esp32s3/include/usb/include -IC:/Users/erich/.platformio/packages/framework-arduinoespressif32/tools/sdk/esp32s3/include/ulp/include -IC:/Users/erich/.platformio/packages/framework-arduinoespressif32/tools/sdk/esp32s3/include/wifi_provisioning/include -IC:/Users/erich/.platformio/packages/framework-arduinoespressif32/tools/sdk/esp32s3/include/rmaker_common/include -IC:/Users/erich/.platformio/packages/framework-arduinoespressif32/tools/sdk/esp32s3/include/esp_diagnostics/include -IC:/Users/erich/.platformio/packages/framework-arduinoespressif32/tools/sdk/esp32s3/include/rtc_store/include -IC:/Users/erich/.platformio/packages/framework-arduinoespressif32/tools/sdk/esp32s3/include/esp_insights/include -IC:/Users/erich/.platformio/packages/framework-arduinoespressif32/tools/sdk/esp32s3/include/json_parser/upstream/include -IC:/Users/erich/.platformio/packages/framework-arduinoespressif32/tools/sdk/esp32s3/include/json_parser/upstream -IC:/Users/erich/.platformio/packages/framework-arduinoespressif32/tools/sdk/esp32s3/include/json_generator/upstream -IC:/Users/erich/.platformio/packages/framework-arduinoespressif32/tools/sdk/esp32s3/include/esp_schedule/include -IC:/Users/erich/.platformio/packages/framework-arduinoespressif32/tools/sdk/esp32s3/include/espressif__esp_secure_cert_mgr/include -IC:/Users/erich/.platformio/packages/framework-arduinoespressif32/tools/sdk/esp32s3/include/esp_rainmaker/include -IC:/Users/erich/.platformio/packages/framework-arduinoespressif32/tools/sdk/esp32s3/include/gpio_button/button/include -IC:/Users/erich/.platformio/packages/framework-arduinoespressif32/tools/sdk/esp32s3/include/qrcode/include -IC:/Users/erich/.platformio/packages/framework-arduinoespressif32/tools/sdk/esp32s3/include/ws2812_led -IC:/Users/erich/.platformio/packages/framework-arduinoespressif32/tools/sdk/esp32s3/include/freertos/include/freertos -IC:/Users/erich/.platformio/packages/framework-arduinoespressif32/tools/sdk/esp32s3/include/arduino_tinyusb/tinyusb/src -IC:/Users/erich/.platformio/packages/framework-arduinoespressif32/tools/sdk/esp32s3/include/arduino_tinyusb/include -IC:/Users/erich/.platformio/packages/framework-arduinoespressif32/tools/sdk/esp32s3/include/esp_littlefs/include -IC:/Users/erich/.platformio/packages/framework-arduinoespressif32/tools/sdk/esp32s3/include/esp-dl/include -IC:/Users/erich/.platformio/packages/framework-arduinoespressif32/tools/sdk/esp32s3/include/esp-dl/include/tool -IC:/Users/erich/.platformio/packages/framework-arduinoespressif32/tools/sdk/esp32s3/include/esp-dl/include/typedef -IC:/Users/erich/.platformio/packages/framework-arduinoespressif32/tools/sdk/esp32s3/include/esp-dl/include/image -IC:/Users/erich/.platformio/packages/framework-arduinoespressif32/tools/sdk/esp32s3/include/esp-dl/include/math -IC:/Users/erich/.platformio/packages/framework-arduinoespressif32/tools/sdk/esp32s3/include/esp-dl/include/nn -IC:/Users/erich/.platformio/packages/framework-arduinoespressif32/tools/sdk/esp32s3/include/esp-dl/include/layer -IC:/Users/erich/.platformio/packages/framework-arduinoespressif32/tools/sdk/esp32s3/include/esp-dl/include/detect -IC:/Users/erich/.platformio/packages/framework-arduinoespressif32/tools/sdk/esp32s3/include/esp-dl/include/model_zoo -IC:/Users/erich/.platformio/packages/framework-arduinoespressif32/tools/sdk/esp32s3/include/esp32-camera/driver/include -IC:/Users/erich/.platformio/packages/framework-arduinoespressif32/tools/sdk/esp32s3/include/esp32-camera/conversions/include -IC:/Users/erich/.platformio/packages/framework-arduinoespressif32/tools/sdk/esp32s3/include/espressif__esp-dsp/modules/dotprod/include -IC:/Users/erich/.platformio/packages/framework-arduinoespressif32/tools/sdk/esp32s3/include/espressif__esp-dsp/modules/support/include -IC:/Users/erich/.platformio/packages/framework-arduinoespressif32/tools/sdk/esp32s3/include/espressif__esp-dsp/modules/support/mem/include -IC:/Users/erich/.platformio/packages/framework-arduinoespressif32/tools/sdk/esp32s3/include/espressif__esp-dsp/modules/windows/include -IC:/Users/erich/.platformio/packages/framework-arduinoespressif32/tools/sdk/esp32s3/include/espressif__esp-dsp/modules/windows/hann/include -IC:/Users/erich/.platformio/packages/framework-arduinoespressif32/tools/sdk/esp32s3/include/espressif__esp-dsp/modules/windows/blackman/include -IC:/Users/erich/.platformio/packages/framework-arduinoespressif32/tools/sdk/esp32s3/include/espressif__esp-dsp/modules/windows/blackman_harris/include -IC:/Users/erich/.platformio/packages/framework-arduinoespressif32/tools/sdk/esp32s3/include/espressif__esp-dsp/modules/windows/blackman_nuttall/include -IC:/Users/erich/.platformio/packages/framework-arduinoespressif32/tools/sdk/esp32s3/include/espressif__esp-dsp/modules/windows/nuttall/include -IC:/Users/erich/.platformio/packages/framework-arduinoespressif32/tools/sdk/esp32s3/include/espressif__esp-dsp/modules/windows/flat_top/include -IC:/Users/erich/.platformio/packages/framework-arduinoespressif32/tools/sdk/esp32s3/include/espressif__esp-dsp/modules/iir/include -IC:/Users/erich/.platformio/packages/framework-arduinoespressif32/tools/sdk/esp32s3/include/espressif__esp-dsp/modules/fir/include -IC:/Users/erich/.platformio/packages/framework-arduinoespressif32/tools/sdk/esp32s3/include/espressif__esp-dsp/modules/math/include -IC:/Users/erich/.platformio/packages/framework-arduinoespressif32/tools/sdk/esp32s3/include/espressif__esp-dsp/modules/math/add/include -IC:/Users/erich/.platformio/packages/framework-arduinoespressif32/tools/sdk/esp32s3/include/espressif__esp-dsp/modules/math/sub/include -IC:/Users/erich/.platformio/packages/framework-arduinoespressif32/tools/sdk/esp32s3/include/espressif__esp-dsp/modules/math/mul/include -IC:/Users/erich/.platformio/packages/framework-arduinoespressif32/tools/sdk/esp32s3/include/espressif__esp-dsp/modules/math/addc/include -IC:/Users/erich/.platformio/packages/framework-arduinoespressif32/tools/sdk/esp32s3/include/espressif__esp-dsp/modules/math/mulc/include -IC:/Users/erich/.platformio/packages/framework-arduinoespressif32/tools/sdk/esp32s3/include/espressif__esp-dsp/modules/math/sqrt/include -IC:/Users/erich/.platformio/packages/framework-arduinoespressif32/tools/sdk/esp32s3/include/espressif__esp-dsp/modules/matrix/mul/include -IC:/Users/erich/.platformio/packages/framework-arduinoespressif32/tools/sdk/esp32s3/include/espressif__esp-dsp/modules/matrix/add/include -IC:/Users/erich/.platformio/packages/framework-arduinoespressif32/tools/sdk/esp32s3/include/espressif__esp-dsp/modules/matrix/addc/include -IC:/Users/erich/.platformio/packages/framework-arduinoespressif32/tools/sdk/esp32s3/include/espressif__esp-dsp/modules/matrix/mulc/include -IC:/Users/erich/.platformio/packages/framework-arduinoespressif32/tools/sdk/esp32s3/include/espressif__esp-dsp/modules/matrix/sub/include -IC:/Users/erich/.platformio/packages/framework-arduinoespressif32/tools/sdk/esp32s3/include/espressif__esp-dsp/modules/matrix/include -IC:/Users/erich/.platformio/packages/framework-arduinoespressif32/tools/sdk/esp32s3/include/espressif__esp-dsp/modules/fft/include -IC:/Users/erich/.platformio/packages/framework-arduinoespressif32/tools/sdk/esp32s3/include/espressif__esp-dsp/modules/dct/include -IC:/Users/erich/.platformio/packages/framework-arduinoespressif32/tools/sdk/esp32s3/include/espressif__esp-dsp/modules/conv/include -IC:/Users/erich/.platformio/packages/framework-arduinoespressif32/tools/sdk/esp32s3/include/espressif__esp-dsp/modules/common/include -IC:/Users/erich/.platformio/packages/framework-arduinoespressif32/tools/sdk/esp32s3/include/espressif__esp-dsp/modules/matrix/mul/test/include -IC:/Users/erich/.platformio/packages/framework-arduinoespressif32/tools/sdk/esp32s3/include/espressif__esp-dsp/modules/kalman/ekf/include -IC:/Users/erich/.platformio/packages/framework-arduinoespressif32/tools/sdk/esp32s3/include/espressif__esp-dsp/modules/kalman/ekf_imu13states/include -IC:/Users/erich/.platformio/packages/framework-arduinoespressif32/tools/sdk/esp32s3/include/fb_gfx/include -IC:/Users/erich/.platformio/packages/framework-arduinoespressif32/tools/sdk/esp32s3/qio_qspi/include -IC:/Users/erich/.platformio/packages/framework-arduinoespressif32/cores/esp32 -IC:/Users/erich/.platformio/packages/framework-arduinoespressif32/variants/esp32s3 .pio/libdeps/esp32-s3-devkitc-1/lvgl/src/draw/lv_draw_buf.c
xtensa-esp32s3-elf-gcc -o .pio/build/esp32-s3-devkitc-1/liba0d/lvgl/draw/lv_draw_image.c.o -c -std=gnu99 -Wno-old-style-declaration -include Arduino.h -Os -mlongcalls -ffunction-sections -fdata-sections -Wno-error=unused-function -Wno-error=unused-variable -Wno-error=deprecated-declarations -Wno-unused-parameter -Wno-sign-compare -ggdb -freorder-blocks -Wwrite-strings -fstack-protector -fstrict-volatile-bitfields -Wno-error=unused-but-set-variable -fno-jump-tables -fno-tree-switch-conversion -MMD -DPLATFORMIO=60119 -DARDUINO_ESP32S3_DEV -DARDUINO_USB_MODE=1 -DARDUINO_RUNNING_CORE=1 -DARDUINO_EVENT_RUNNING_CORE=1 -DLV_CONF_INCLUDE_SIMPLE=1 -DUSER_SETUP_LOADED=1 -DST7789_DRIVER=1 -DTFT_WIDTH=240 -DTFT_HEIGHT=320 -DTFT_MOSI=38 -DTFT_SCLK=39 -DTFT_CS=45 -DTFT_DC=42 -DTFT_RST=-1 -DTFT_BL=1 -DLOAD_GLCD=1 -DLOAD_FONT2=1 -DSPI_FREQUENCY=40000000 -DHAVE_CONFIG_H -DMBEDTLS_CONFIG_FILE=\"mbedtls/esp_config.h\" -DUNITY_INCLUDE_CONFIG_H -DWITH_POSIX -D_GNU_SOURCE -DIDF_VER=\"v4.4.7-dirty\" -DESP_PLATFORM -D_POSIX_READER_WRITER_LOCKS -DARDUINO_ARCH_ESP32 -DESP32 -DF_CPU=240000000L -DARDUINO=10812 -DARDUINO_VARIANT=\"esp32s3\" "-DARDUINO_BOARD=\"Espressif ESP32-S3-DevKitC-1-N8 (8 MB QD, No PSRAM)\"" -DARDUINO_PARTITION_default -I.pio/libdeps/esp32-s3-devkitc-1/lvgl -I.pio/libdeps/esp32-s3-devkitc-1/lvgl/src -IC:/Users/erich/.platformio/packages/framework-arduinoespressif32/libraries/SD/src -I.pio/libdeps/esp32-s3-devkitc-1/TFT_eSPI -IC:/Users/erich/.platformio/packages/framework-arduinoespressif32/libraries/LittleFS/src -IC:/Users/erich/.platformio/packages/framework-arduinoespressif32/libraries/SPIFFS/src -IC:/Users/erich/.platformio/packages/framework-arduinoespressif32/libraries/FS/src -IC:/Users/erich/.platformio/packages/framework-arduinoespressif32/libraries/SPI/src -Isrc -IC:/Users/erich/.platformio/packages/framework-arduinoespressif32/tools/sdk/esp32s3/include/newlib/platform_include -IC:/Users/erich/.platformio/packages/framework-arduinoespressif32/tools/sdk/esp32s3/include/freertos/include -IC:/Users/erich/.platformio/packages/framework-arduinoespressif32/tools/sdk/esp32s3/include/freertos/include/esp_additions/freertos -IC:/Users/erich/.platformio/packages/framework-arduinoespressif32/tools/sdk/esp32s3/include/freertos/port/xtensa/include -IC:/Users/erich/.platformio/packages/framework-arduinoespressif32/tools/sdk/esp32s3/include/freertos/include/esp_additions -IC:/Users/erich/.platformio/packages/framework-arduinoespressif32/tools/sdk/esp32s3/include/esp_hw_support/include -IC:/Users/erich/.platformio/packages/framework-arduinoespressif32/tools/sdk/esp32s3/include/esp_hw_support/include/soc -IC:/Users/erich/.platformio/packages/framework-arduinoespressif32/tools/sdk/esp32s3/include/esp_hw_support/include/soc/esp32s3 -IC:/Users/erich/.platformio/packages/framework-arduinoespressif32/tools/sdk/esp32s3/include/esp_hw_support/port/esp32s3 -IC:/Users/erich/.platformio/packages/framework-arduinoespressif32/tools/sdk/esp32s3/include/esp_hw_support/port/esp32s3/private_include -IC:/Users/erich/.platformio/packages/framework-arduinoespressif32/tools/sdk/esp32s3/include/heap/include -IC:/Users/erich/.platformio/packages/framework-arduinoespressif32/tools/sdk/esp32s3/include/log/include -IC:/Users/erich/.platformio/packages/framework-arduinoespressif32/tools/sdk/esp32s3/include/lwip/include/apps -IC:/Users/erich/.platformio/packages/framework-arduinoespressif32/tools/sdk/esp32s3/include/lwip/include/apps/sntp -IC:/Users/erich/.platformio/packages/framework-arduinoespressif32/tools/sdk/esp32s3/include/lwip/lwip/src/include -IC:/Users/erich/.platformio/packages/framework-arduinoespressif32/tools/sdk/esp32s3/include/lwip/port/esp32/include -IC:/Users/erich/.platformio/packages/framework-arduinoespressif32/tools/sdk/esp32s3/include/lwip/port/esp32/include/arch -IC:/Users/erich/.platformio/packages/framework-arduinoespressif32/tools/sdk/esp32s3/include/soc/include -IC:/Users/erich/.platformio/packages/framework-arduinoespressif32/tools/sdk/esp32s3/include/soc/esp32s3 -IC:/Users/erich/.platformio/packages/framework-arduinoespressif32/tools/sdk/esp32s3/include/soc/esp32s3/include -IC:/Users/erich/.platformio/packages/framework-arduinoespressif32/tools/sdk/esp32s3/include/hal/esp32s3/include -IC:/Users/erich/.platformio/packages/framework-arduinoespressif32/tools/sdk/esp32s3/include/hal/include -IC:/Users/erich/.platformio/packages/framework-arduinoespressif32/tools/sdk/esp32s3/include/hal/platform_port/include -IC:/Users/erich/.platformio/packages/framework-arduinoespressif32/tools/sdk/esp32s3/include/esp_rom/include -IC:/Users/erich/.platformio/packages/framework-arduinoespressif32/tools/sdk/esp32s3/include/esp_rom/include/esp32s3 -IC:/Users/erich/.platformio/packages/framework-arduinoespressif32/tools/sdk/esp32s3/include/esp_rom/esp32s3 -IC:/Users/erich/.platformio/packages/framework-arduinoespressif32/tools/sdk/esp32s3/include/esp_common/include -IC:/Users/erich/.platformio/packages/framework-arduinoespressif32/tools/sdk/esp32s3/include/esp_system/include -IC:/Users/erich/.platformio/packages/framework-arduinoespressif32/tools/sdk/esp32s3/include/esp_system/port/soc -IC:/Users/erich/.platformio/packages/framework-arduinoespressif32/tools/sdk/esp32s3/include/esp_system/port/public_compat -IC:/Users/erich/.platformio/packages/framework-arduinoespressif32/tools/sdk/esp32s3/include/xtensa/include -IC:/Users/erich/.platformio/packages/framework-arduinoespressif32/tools/sdk/esp32s3/include/xtensa/esp32s3/include -IC:/Users/erich/.platformio/packages/framework-arduinoespressif32/tools/sdk/esp32s3/include/driver/include -IC:/Users/erich/.platformio/packages/framework-arduinoespressif32/tools/sdk/esp32s3/include/driver/esp32s3/include -IC:/Users/erich/.platformio/packages/framework-arduinoespressif32/tools/sdk/esp32s3/include/esp_pm/include -IC:/Users/erich/.platformio/packages/framework-arduinoespressif32/tools/sdk/esp32s3/include/esp_ringbuf/include -IC:/Users/erich/.platformio/packages/framework-arduinoespressif32/tools/sdk/esp32s3/include/efuse/include -IC:/Users/erich/.platformio/packages/framework-arduinoespressif32/tools/sdk/esp32s3/include/efuse/esp32s3/include -IC:/Users/erich/.platformio/packages/framework-arduinoespressif32/tools/sdk/esp32s3/include/vfs/include -IC:/Users/erich/.platformio/packages/framework-arduinoespressif32/tools/sdk/esp32s3/include/esp_wifi/include -IC:/Users/erich/.platformio/packages/framework-arduinoespressif32/tools/sdk/esp32s3/include/esp_event/include -IC:/Users/erich/.platformio/packages/framework-arduinoespressif32/tools/sdk/esp32s3/include/esp_netif/include -IC:/Users/erich/.platformio/packages/framework-arduinoespressif32/tools/sdk/esp32s3/include/esp_eth/include -IC:/Users/erich/.platformio/packages/framework-arduinoespressif32/tools/sdk/esp32s3/include/tcpip_adapter/include -IC:/Users/erich/.platformio/packages/framework-arduinoespressif32/tools/sdk/esp32s3/include/esp_phy/include -IC:/Users/erich/.platformio/packages/framework-arduinoespressif32/tools/sdk/esp32s3/include/esp_phy/esp32s3/include -IC:/Users/erich/.platformio/packages/framework-arduinoespressif32/tools/sdk/esp32s3/include/esp_ipc/include -IC:/Users/erich/.platformio/packages/framework-arduinoespressif32/tools/sdk/esp32s3/include/app_trace/include -IC:/Users/erich/.platformio/packages/framework-arduinoespressif32/tools/sdk/esp32s3/include/esp_timer/include -IC:/Users/erich/.platformio/packages/framework-arduinoespressif32/tools/sdk/esp32s3/include/mbedtls/port/include -IC:/Users/erich/.platformio/packages/framework-arduinoespressif32/tools/sdk/esp32s3/include/mbedtls/mbedtls/include -IC:/Users/erich/.platformio/packages/framework-arduinoespressif32/tools/sdk/esp32s3/include/mbedtls/esp_crt_bundle/include -IC:/Users/erich/.platformio/packages/framework-arduinoespressif32/tools/sdk/esp32s3/include/app_update/include -IC:/Users/erich/.platformio/packages/framework-arduinoespressif32/tools/sdk/esp32s3/include/spi_flash/include -IC:/Users/erich/.platformio/packages/framework-arduinoespressif32/tools/sdk/esp32s3/include/bootloader_support/include -IC:/Users/erich/.platformio/packages/framework-arduinoespressif32/tools/sdk/esp32s3/include/nvs_flash/include -IC:/Users/erich/.platformio/packages/framework-arduinoespressif32/tools/sdk/esp32s3/include/pthread/include -IC:/Users/erich/.platformio/packages/framework-arduinoespressif32/tools/sdk/esp32s3/include/esp_gdbstub/include -IC:/Users/erich/.platformio/packages/framework-arduinoespressif32/tools/sdk/esp32s3/include/esp_gdbstub/xtensa -IC:/Users/erich/.platformio/packages/framework-arduinoespressif32/tools/sdk/esp32s3/include/esp_gdbstub/esp32s3 -IC:/Users/erich/.platformio/packages/framework-arduinoespressif32/tools/sdk/esp32s3/include/espcoredump/include -IC:/Users/erich/.platformio/packages/framework-arduinoespressif32/tools/sdk/esp32s3/include/espcoredump/include/port/xtensa -IC:/Users/erich/.platformio/packages/framework-arduinoespressif32/tools/sdk/esp32s3/include/wpa_supplicant/include -IC:/Users/erich/.platformio/packages/framework-arduinoespressif32/tools/sdk/esp32s3/include/wpa_supplicant/port/include -IC:/Users/erich/.platformio/packages/framework-arduinoespressif32/tools/sdk/esp32s3/include/wpa_supplicant/esp_supplicant/include -IC:/Users/erich/.platformio/packages/framework-arduinoespressif32/tools/sdk/esp32s3/include/ieee802154/include -IC:/Users/erich/.platformio/packages/framework-arduinoespressif32/tools/sdk/esp32s3/include/console -IC:/Users/erich/.platformio/packages/framework-arduinoespressif32/tools/sdk/esp32s3/include/asio/asio/asio/include -IC:/Users/erich/.platformio/packages/framework-arduinoespressif32/tools/sdk/esp32s3/include/asio/port/include -IC:/Users/erich/.platformio/packages/framework-arduinoespressif32/tools/sdk/esp32s3/include/bt/common/osi/include -IC:/Users/erich/.platformio/packages/framework-arduinoespressif32/tools/sdk/esp32s3/include/bt/include/esp32c3/include -IC:/Users/erich/.platformio/packages/framework-arduinoespressif32/tools/sdk/esp32s3/include/bt/common/api/include/api -IC:/Users/erich/.platformio/packages/framework-arduinoespressif32/tools/sdk/esp32s3/include/bt/common/btc/profile/esp/blufi/include -IC:/Users/erich/.platformio/packages/framework-arduinoespressif32/tools/sdk/esp32s3/include/bt/common/btc/profile/esp/include -IC:/Users/erich/.platformio/packages/framework-arduinoespressif32/tools/sdk/esp32s3/include/bt/host/bluedroid/api/include/api -IC:/Users/erich/.platformio/packages/framework-arduinoespressif32/tools/sdk/esp32s3/include/bt/esp_ble_mesh/mesh_common/include -IC:/Users/erich/.platformio/packages/framework-arduinoespressif32/tools/sdk/esp32s3/include/bt/esp_ble_mesh/mesh_common/tinycrypt/include -IC:/Users/erich/.platformio/packages/framework-arduinoespressif32/tools/sdk/esp32s3/include/bt/esp_ble_mesh/mesh_core -IC:/Users/erich/.platformio/packages/framework-arduinoespressif32/tools/sdk/esp32s3/include/bt/esp_ble_mesh/mesh_core/include -IC:/Users/erich/.platformio/packages/framework-arduinoespressif32/tools/sdk/esp32s3/include/bt/esp_ble_mesh/mesh_core/storage -IC:/Users/erich/.platformio/packages/framework-arduinoespressif32/tools/sdk/esp32s3/include/bt/esp_ble_mesh/btc/include -IC:/Users/erich/.platformio/packages/framework-arduinoespressif32/tools/sdk/esp32s3/include/bt/esp_ble_mesh/mesh_models/common/include -IC:/Users/erich/.platformio/packages/framework-arduinoespressif32/tools/sdk/esp32s3/include/bt/esp_ble_mesh/mesh_models/client/include -IC:/Users/erich/.platformio/packages/framework-arduinoespressif32/tools/sdk/esp32s3/include/bt/esp_ble_mesh/mesh_models/server/include -IC:/Users/erich/.platformio/packages/framework-arduinoespressif32/tools/sdk/esp32s3/include/bt/esp_ble_mesh/api/core/include -IC:/Users/erich/.platformio/packages/framework-arduinoespressif32/tools/sdk/esp32s3/include/bt/esp_ble_mesh/api/models/include -IC:/Users/erich/.platformio/packages/framework-arduinoespressif32/tools/sdk/esp32s3/include/bt/esp_ble_mesh/api -IC:/Users/erich/.platformio/packages/framework-arduinoespressif32/tools/sdk/esp32s3/include/cbor/port/include -IC:/Users/erich/.platformio/packages/framework-arduinoespressif32/tools/sdk/esp32s3/include/unity/include -IC:/Users/erich/.platformio/packages/framework-arduinoespressif32/tools/sdk/esp32s3/include/unity/unity/src -IC:/Users/erich/.platformio/packages/framework-arduinoespressif32/tools/sdk/esp32s3/include/cmock/CMock/src -IC:/Users/erich/.platformio/packages/framework-arduinoespressif32/tools/sdk/esp32s3/include/coap/port/include -IC:/Users/erich/.platformio/packages/framework-arduinoespressif32/tools/sdk/esp32s3/include/coap/libcoap/include -IC:/Users/erich/.platformio/packages/framework-arduinoespressif32/tools/sdk/esp32s3/include/nghttp/port/include -IC:/Users/erich/.platformio/packages/framework-arduinoespressif32/tools/sdk/esp32s3/include/nghttp/nghttp2/lib/includes -IC:/Users/erich/.platformio/packages/framework-arduinoespressif32/tools/sdk/esp32s3/include/esp-tls -IC:/Users/erich/.platformio/packages/framework-arduinoespressif32/tools/sdk/esp32s3/include/esp-tls/esp-tls-crypto -IC:/Users/erich/.platformio/packages/framework-arduinoespressif32/tools/sdk/esp32s3/include/esp_adc_cal/include -IC:/Users/erich/.platformio/packages/framework-arduinoespressif32/tools/sdk/esp32s3/include/esp_hid/include -IC:/Users/erich/.platformio/packages/framework-arduinoespressif32/tools/sdk/esp32s3/include/tcp_transport/include -IC:/Users/erich/.platformio/packages/framework-arduinoespressif32/tools/sdk/esp32s3/include/esp_http_client/include -IC:/Users/erich/.platformio/packages/framework-arduinoespressif32/tools/sdk/esp32s3/include/esp_http_server/include -IC:/Users/erich/.platformio/packages/framework-arduinoespressif32/tools/sdk/esp32s3/include/esp_https_ota/include -IC:/Users/erich/.platformio/packages/framework-arduinoespressif32/tools/sdk/esp32s3/include/esp_https_server/include -IC:/Users/erich/.platformio/packages/framework-arduinoespressif32/tools/sdk/esp32s3/include/esp_lcd/include -IC:/Users/erich/.platformio/packages/framework-arduinoespressif32/tools/sdk/esp32s3/include/esp_lcd/interface -IC:/Users/erich/.platformio/packages/framework-arduinoespressif32/tools/sdk/esp32s3/include/protobuf-c/protobuf-c -IC:/Users/erich/.platformio/packages/framework-arduinoespressif32/tools/sdk/esp32s3/include/protocomm/include/common -IC:/Users/erich/.platformio/packages/framework-arduinoespressif32/tools/sdk/esp32s3/include/protocomm/include/security -IC:/Users/erich/.platformio/packages/framework-arduinoespressif32/tools/sdk/esp32s3/include/protocomm/include/transports -IC:/Users/erich/.platformio/packages/framework-arduinoespressif32/tools/sdk/esp32s3/include/mdns/include -IC:/Users/erich/.platformio/packages/framework-arduinoespressif32/tools/sdk/esp32s3/include/esp_local_ctrl/include -IC:/Users/erich/.platformio/packages/framework-arduinoespressif32/tools/sdk/esp32s3/include/sdmmc/include -IC:/Users/erich/.platformio/packages/framework-arduinoespressif32/tools/sdk/esp32s3/include/esp_serial_slave_link/include -IC:/Users/erich/.platformio/packages/framework-arduinoespressif32/tools/sdk/esp32s3/include/esp_websocket_client/include -IC:/Users/erich/.platformio/packages/framework-arduinoespressif32/tools/sdk/esp32s3/include/expat/expat/expat/lib -IC:/Users/erich/.platformio/packages/framework-arduinoespressif32/tools/sdk/esp32s3/include/expat/port/include -IC:/Users/erich/.platformio/packages/framework-arduinoespressif32/tools/sdk/esp32s3/include/wear_levelling/include -IC:/Users/erich/.platformio/packages/framework-arduinoespressif32/tools/sdk/esp32s3/include/fatfs/diskio -IC:/Users/erich/.platformio/packages/framework-arduinoespressif32/tools/sdk/esp32s3/include/fatfs/vfs -IC:/Users/erich/.platformio/packages/framework-arduinoespressif32/tools/sdk/esp32s3/include/fatfs/src -IC:/Users/erich/.platformio/packages/framework-arduinoespressif32/tools/sdk/esp32s3/include/freemodbus/freemodbus/common/include -IC:/Users/erich/.platformio/packages/framework-arduinoespressif32/tools/sdk/esp32s3/include/idf_test/include -IC:/Users/erich/.platformio/packages/framework-arduinoespressif32/tools/sdk/esp32s3/include/idf_test/include/esp32s3 -IC:/Users/erich/.platformio/packages/framework-arduinoespressif32/tools/sdk/esp32s3/include/jsmn/include -IC:/Users/erich/.platformio/packages/framework-arduinoespressif32/tools/sdk/esp32s3/include/json/cJSON -IC:/Users/erich/.platformio/packages/framework-arduinoespressif32/tools/sdk/esp32s3/include/libsodium/libsodium/src/libsodium/include -IC:/Users/erich/.platformio/packages/framework-arduinoespressif32/tools/sdk/esp32s3/include/libsodium/port_include -IC:/Users/erich/.platformio/packages/framework-arduinoespressif32/tools/sdk/esp32s3/include/mqtt/esp-mqtt/include -IC:/Users/erich/.platformio/packages/framework-arduinoespressif32/tools/sdk/esp32s3/include/openssl/include -IC:/Users/erich/.platformio/packages/framework-arduinoespressif32/tools/sdk/esp32s3/include/perfmon/include -IC:/Users/erich/.platformio/packages/framework-arduinoespressif32/tools/sdk/esp32s3/include/spiffs/include -IC:/Users/erich/.platformio/packages/framework-arduinoespressif32/tools/sdk/esp32s3/include/usb/include -IC:/Users/erich/.platformio/packages/framework-arduinoespressif32/tools/sdk/esp32s3/include/ulp/include -IC:/Users/erich/.platformio/packages/framework-arduinoespressif32/tools/sdk/esp32s3/include/wifi_provisioning/include -IC:/Users/erich/.platformio/packages/framework-arduinoespressif32/tools/sdk/esp32s3/include/rmaker_common/include -IC:/Users/erich/.platformio/packages/framework-arduinoespressif32/tools/sdk/esp32s3/include/esp_diagnostics/include -IC:/Users/erich/.platformio/packages/framework-arduinoespressif32/tools/sdk/esp32s3/include/rtc_store/include -IC:/Users/erich/.platformio/packages/framework-arduinoespressif32/tools/sdk/esp32s3/include/esp_insights/include -IC:/Users/erich/.platformio/packages/framework-arduinoespressif32/tools/sdk/esp32s3/include/json_parser/upstream/include -IC:/Users/erich/.platformio/packages/framework-arduinoespressif32/tools/sdk/esp32s3/include/json_parser/upstream -IC:/Users/erich/.platformio/packages/framework-arduinoespressif32/tools/sdk/esp32s3/include/json_generator/upstream -IC:/Users/erich/.platformio/packages/framework-arduinoespressif32/tools/sdk/esp32s3/include/esp_schedule/include -IC:/Users/erich/.platformio/packages/framework-arduinoespressif32/tools/sdk/esp32s3/include/espressif__esp_secure_cert_mgr/include -IC:/Users/erich/.platformio/packages/framework-arduinoespressif32/tools/sdk/esp32s3/include/esp_rainmaker/include -IC:/Users/erich/.platformio/packages/framework-arduinoespressif32/tools/sdk/esp32s3/include/gpio_button/button/include -IC:/Users/erich/.platformio/packages/framework-arduinoespressif32/tools/sdk/esp32s3/include/qrcode/include -IC:/Users/erich/.platformio/packages/framework-arduinoespressif32/tools/sdk/esp32s3/include/ws2812_led -IC:/Users/erich/.platformio/packages/framework-arduinoespressif32/tools/sdk/esp32s3/include/freertos/include/freertos -IC:/Users/erich/.platformio/packages/framework-arduinoespressif32/tools/sdk/esp32s3/include/arduino_tinyusb/tinyusb/src -IC:/Users/erich/.platformio/packages/framework-arduinoespressif32/tools/sdk/esp32s3/include/arduino_tinyusb/include -IC:/Users/erich/.platformio/packages/framework-arduinoespressif32/tools/sdk/esp32s3/include/esp_littlefs/include -IC:/Users/erich/.platformio/packages/framework-arduinoespressif32/tools/sdk/esp32s3/include/esp-dl/include -IC:/Users/erich/.platformio/packages/framework-arduinoespressif32/tools/sdk/esp32s3/include/esp-dl/include/tool -IC:/Users/erich/.platformio/packages/framework-arduinoespressif32/tools/sdk/esp32s3/include/esp-dl/include/typedef -IC:/Users/erich/.platformio/packages/framework-arduinoespressif32/tools/sdk/esp32s3/include/esp-dl/include/image -IC:/Users/erich/.platformio/packages/framework-arduinoespressif32/tools/sdk/esp32s3/include/esp-dl/include/math -IC:/Users/erich/.platformio/packages/framework-arduinoespressif32/tools/sdk/esp32s3/include/esp-dl/include/nn -IC:/Users/erich/.platformio/packages/framework-arduinoespressif32/tools/sdk/esp32s3/include/esp-dl/include/layer -IC:/Users/erich/.platformio/packages/framework-arduinoespressif32/tools/sdk/esp32s3/include/esp-dl/include/detect -IC:/Users/erich/.platformio/packages/framework-arduinoespressif32/tools/sdk/esp32s3/include/esp-dl/include/model_zoo -IC:/Users/erich/.platformio/packages/framework-arduinoespressif32/tools/sdk/esp32s3/include/esp32-camera/driver/include -IC:/Users/erich/.platformio/packages/framework-arduinoespressif32/tools/sdk/esp32s3/include/esp32-camera/conversions/include -IC:/Users/erich/.platformio/packages/framework-arduinoespressif32/tools/sdk/esp32s3/include/espressif__esp-dsp/modules/dotprod/include -IC:/Users/erich/.platformio/packages/framework-arduinoespressif32/tools/sdk/esp32s3/include/espressif__esp-dsp/modules/support/include -IC:/Users/erich/.platformio/packages/framework-arduinoespressif32/tools/sdk/esp32s3/include/espressif__esp-dsp/modules/support/mem/include -IC:/Users/erich/.platformio/packages/framework-arduinoespressif32/tools/sdk/esp32s3/include/espressif__esp-dsp/modules/windows/include -IC:/Users/erich/.platformio/packages/framework-arduinoespressif32/tools/sdk/esp32s3/include/espressif__esp-dsp/modules/windows/hann/include -IC:/Users/erich/.platformio/packages/framework-arduinoespressif32/tools/sdk/esp32s3/include/espressif__esp-dsp/modules/windows/blackman/include -IC:/Users/erich/.platformio/packages/framework-arduinoespressif32/tools/sdk/esp32s3/include/espressif__esp-dsp/modules/windows/blackman_harris/include -IC:/Users/erich/.platformio/packages/framework-arduinoespressif32/tools/sdk/esp32s3/include/espressif__esp-dsp/modules/windows/blackman_nuttall/include -IC:/Users/erich/.platformio/packages/framework-arduinoespressif32/tools/sdk/esp32s3/include/espressif__esp-dsp/modules/windows/nuttall/include -IC:/Users/erich/.platformio/packages/framework-arduinoespressif32/tools/sdk/esp32s3/include/espressif__esp-dsp/modules/windows/flat_top/include -IC:/Users/erich/.platformio/packages/framework-arduinoespressif32/tools/sdk/esp32s3/include/espressif__esp-dsp/modules/iir/include -IC:/Users/erich/.platformio/packages/framework-arduinoespressif32/tools/sdk/esp32s3/include/espressif__esp-dsp/modules/fir/include -IC:/Users/erich/.platformio/packages/framework-arduinoespressif32/tools/sdk/esp32s3/include/espressif__esp-dsp/modules/math/include -IC:/Users/erich/.platformio/packages/framework-arduinoespressif32/tools/sdk/esp32s3/include/espressif__esp-dsp/modules/math/add/include -IC:/Users/erich/.platformio/packages/framework-arduinoespressif32/tools/sdk/esp32s3/include/espressif__esp-dsp/modules/math/sub/include -IC:/Users/erich/.platformio/packages/framework-arduinoespressif32/tools/sdk/esp32s3/include/espressif__esp-dsp/modules/math/mul/include -IC:/Users/erich/.platformio/packages/framework-arduinoespressif32/tools/sdk/esp32s3/include/espressif__esp-dsp/modules/math/addc/include -IC:/Users/erich/.platformio/packages/framework-arduinoespressif32/tools/sdk/esp32s3/include/espressif__esp-dsp/modules/math/mulc/include -IC:/Users/erich/.platformio/packages/framework-arduinoespressif32/tools/sdk/esp32s3/include/espressif__esp-dsp/modules/math/sqrt/include -IC:/Users/erich/.platformio/packages/framework-arduinoespressif32/tools/sdk/esp32s3/include/espressif__esp-dsp/modules/matrix/mul/include -IC:/Users/erich/.platformio/packages/framework-arduinoespressif32/tools/sdk/esp32s3/include/espressif__esp-dsp/modules/matrix/add/include -IC:/Users/erich/.platformio/packages/framework-arduinoespressif32/tools/sdk/esp32s3/include/espressif__esp-dsp/modules/matrix/addc/include -IC:/Users/erich/.platformio/packages/framework-arduinoespressif32/tools/sdk/esp32s3/include/espressif__esp-dsp/modules/matrix/mulc/include -IC:/Users/erich/.platformio/packages/framework-arduinoespressif32/tools/sdk/esp32s3/include/espressif__esp-dsp/modules/matrix/sub/include -IC:/Users/erich/.platformio/packages/framework-arduinoespressif32/tools/sdk/esp32s3/include/espressif__esp-dsp/modules/matrix/include -IC:/Users/erich/.platformio/packages/framework-arduinoespressif32/tools/sdk/esp32s3/include/espressif__esp-dsp/modules/fft/include -IC:/Users/erich/.platformio/packages/framework-arduinoespressif32/tools/sdk/esp32s3/include/espressif__esp-dsp/modules/dct/include -IC:/Users/erich/.platformio/packages/framework-arduinoespressif32/tools/sdk/esp32s3/include/espressif__esp-dsp/modules/conv/include -IC:/Users/erich/.platformio/packages/framework-arduinoespressif32/tools/sdk/esp32s3/include/espressif__esp-dsp/modules/common/include -IC:/Users/erich/.platformio/packages/framework-arduinoespressif32/tools/sdk/esp32s3/include/espressif__esp-dsp/modules/matrix/mul/test/include -IC:/Users/erich/.platformio/packages/framework-arduinoespressif32/tools/sdk/esp32s3/include/espressif__esp-dsp/modules/kalman/ekf/include -IC:/Users/erich/.platformio/packages/framework-arduinoespressif32/tools/sdk/esp32s3/include/espressif__esp-dsp/modules/kalman/ekf_imu13states/include -IC:/Users/erich/.platformio/packages/framework-arduinoespressif32/tools/sdk/esp32s3/include/fb_gfx/include -IC:/Users/erich/.platformio/packages/framework-arduinoespressif32/tools/sdk/esp32s3/qio_qspi/include -IC:/Users/erich/.platformio/packages/framework-arduinoespressif32/cores/esp32 -IC:/Users/erich/.platformio/packages/framework-arduinoespressif32/variants/esp32s3 .pio/libdeps/esp32-s3-devkitc-1/lvgl/src/draw/lv_draw_image.c
*** [.pio\build\esp32-s3-devkitc-1\src\main.cpp.o] Error 1
xtensa-esp32s3-elf-gcc -o .pio/build/esp32-s3-devkitc-1/liba0d/lvgl/draw/lv_draw_label.c.o -c -std=gnu99 -Wno-old-style-declaration -include Arduino.h -Os -mlongcalls -ffunction-sections -fdata-sections -Wno-error=unused-function -Wno-error=unused-variable -Wno-error=deprecated-declarations -Wno-unused-parameter -Wno-sign-compare -ggdb -freorder-blocks -Wwrite-strings -fstack-protector -fstrict-volatile-bitfields -Wno-error=unused-but-set-variable -fno-jump-tables -fno-tree-switch-conversion -MMD -DPLATFORMIO=60119 -DARDUINO_ESP32S3_DEV -DARDUINO_USB_MODE=1 -DARDUINO_RUNNING_CORE=1 -DARDUINO_EVENT_RUNNING_CORE=1 -DLV_CONF_INCLUDE_SIMPLE=1 -DUSER_SETUP_LOADED=1 -DST7789_DRIVER=1 -DTFT_WIDTH=240 -DTFT_HEIGHT=320 -DTFT_MOSI=38 -DTFT_SCLK=39 -DTFT_CS=45 -DTFT_DC=42 -DTFT_RST=-1 -DTFT_BL=1 -DLOAD_GLCD=1 -DLOAD_FONT2=1 -DSPI_FREQUENCY=40000000 -DHAVE_CONFIG_H -DMBEDTLS_CONFIG_FILE=\"mbedtls/esp_config.h\" -DUNITY_INCLUDE_CONFIG_H -DWITH_POSIX -D_GNU_SOURCE -DIDF_VER=\"v4.4.7-dirty\" -DESP_PLATFORM -D_POSIX_READER_WRITER_LOCKS -DARDUINO_ARCH_ESP32 -DESP32 -DF_CPU=240000000L -DARDUINO=10812 -DARDUINO_VARIANT=\"esp32s3\" "-DARDUINO_BOARD=\"Espressif ESP32-S3-DevKitC-1-N8 (8 MB QD, No PSRAM)\"" -DARDUINO_PARTITION_default -I.pio/libdeps/esp32-s3-devkitc-1/lvgl -I.pio/libdeps/esp32-s3-devkitc-1/lvgl/src -IC:/Users/erich/.platformio/packages/framework-arduinoespressif32/libraries/SD/src -I.pio/libdeps/esp32-s3-devkitc-1/TFT_eSPI -IC:/Users/erich/.platformio/packages/framework-arduinoespressif32/libraries/LittleFS/src -IC:/Users/erich/.platformio/packages/framework-arduinoespressif32/libraries/SPIFFS/src -IC:/Users/erich/.platformio/packages/framework-arduinoespressif32/libraries/FS/src -IC:/Users/erich/.platformio/packages/framework-arduinoespressif32/libraries/SPI/src -Isrc -IC:/Users/erich/.platformio/packages/framework-arduinoespressif32/tools/sdk/esp32s3/include/newlib/platform_include -IC:/Users/erich/.platformio/packages/framework-arduinoespressif32/tools/sdk/esp32s3/include/freertos/include -IC:/Users/erich/.platformio/packages/framework-arduinoespressif32/tools/sdk/esp32s3/include/freertos/include/esp_additions/freertos -IC:/Users/erich/.platformio/packages/framework-arduinoespressif32/tools/sdk/esp32s3/include/freertos/port/xtensa/include -IC:/Users/erich/.platformio/packages/framework-arduinoespressif32/tools/sdk/esp32s3/include/freertos/include/esp_additions -IC:/Users/erich/.platformio/packages/framework-arduinoespressif32/tools/sdk/esp32s3/include/esp_hw_support/include -IC:/Users/erich/.platformio/packages/framework-arduinoespressif32/tools/sdk/esp32s3/include/esp_hw_support/include/soc -IC:/Users/erich/.platformio/packages/framework-arduinoespressif32/tools/sdk/esp32s3/include/esp_hw_support/include/soc/esp32s3 -IC:/Users/erich/.platformio/packages/framework-arduinoespressif32/tools/sdk/esp32s3/include/esp_hw_support/port/esp32s3 -IC:/Users/erich/.platformio/packages/framework-arduinoespressif32/tools/sdk/esp32s3/include/esp_hw_support/port/esp32s3/private_include -IC:/Users/erich/.platformio/packages/framework-arduinoespressif32/tools/sdk/esp32s3/include/heap/include -IC:/Users/erich/.platformio/packages/framework-arduinoespressif32/tools/sdk/esp32s3/include/log/include -IC:/Users/erich/.platformio/packages/framework-arduinoespressif32/tools/sdk/esp32s3/include/lwip/include/apps -IC:/Users/erich/.platformio/packages/framework-arduinoespressif32/tools/sdk/esp32s3/include/lwip/include/apps/sntp -IC:/Users/erich/.platformio/packages/framework-arduinoespressif32/tools/sdk/esp32s3/include/lwip/lwip/src/include -IC:/Users/erich/.platformio/packages/framework-arduinoespressif32/tools/sdk/esp32s3/include/lwip/port/esp32/include -IC:/Users/erich/.platformio/packages/framework-arduinoespressif32/tools/sdk/esp32s3/include/lwip/port/esp32/include/arch -IC:/Users/erich/.platformio/packages/framework-arduinoespressif32/tools/sdk/esp32s3/include/soc/include -IC:/Users/erich/.platformio/packages/framework-arduinoespressif32/tools/sdk/esp32s3/include/soc/esp32s3 -IC:/Users/erich/.platformio/packages/framework-arduinoespressif32/tools/sdk/esp32s3/include/soc/esp32s3/include -IC:/Users/erich/.platformio/packages/framework-arduinoespressif32/tools/sdk/esp32s3/include/hal/esp32s3/include -IC:/Users/erich/.platformio/packages/framework-arduinoespressif32/tools/sdk/esp32s3/include/hal/include -IC:/Users/erich/.platformio/packages/framework-arduinoespressif32/tools/sdk/esp32s3/include/hal/platform_port/include -IC:/Users/erich/.platformio/packages/framework-arduinoespressif32/tools/sdk/esp32s3/include/esp_rom/include -IC:/Users/erich/.platformio/packages/framework-arduinoespressif32/tools/sdk/esp32s3/include/esp_rom/include/esp32s3 -IC:/Users/erich/.platformio/packages/framework-arduinoespressif32/tools/sdk/esp32s3/include/esp_rom/esp32s3 -IC:/Users/erich/.platformio/packages/framework-arduinoespressif32/tools/sdk/esp32s3/include/esp_common/include -IC:/Users/erich/.platformio/packages/framework-arduinoespressif32/tools/sdk/esp32s3/include/esp_system/include -IC:/Users/erich/.platformio/packages/framework-arduinoespressif32/tools/sdk/esp32s3/include/esp_system/port/soc -IC:/Users/erich/.platformio/packages/framework-arduinoespressif32/tools/sdk/esp32s3/include/esp_system/port/public_compat -IC:/Users/erich/.platformio/packages/framework-arduinoespressif32/tools/sdk/esp32s3/include/xtensa/include -IC:/Users/erich/.platformio/packages/framework-arduinoespressif32/tools/sdk/esp32s3/include/xtensa/esp32s3/include -IC:/Users/erich/.platformio/packages/framework-arduinoespressif32/tools/sdk/esp32s3/include/driver/include -IC:/Users/erich/.platformio/packages/framework-arduinoespressif32/tools/sdk/esp32s3/include/driver/esp32s3/include -IC:/Users/erich/.platformio/packages/framework-arduinoespressif32/tools/sdk/esp32s3/include/esp_pm/include -IC:/Users/erich/.platformio/packages/framework-arduinoespressif32/tools/sdk/esp32s3/include/esp_ringbuf/include -IC:/Users/erich/.platformio/packages/framework-arduinoespressif32/tools/sdk/esp32s3/include/efuse/include -IC:/Users/erich/.platformio/packages/framework-arduinoespressif32/tools/sdk/esp32s3/include/efuse/esp32s3/include -IC:/Users/erich/.platformio/packages/framework-arduinoespressif32/tools/sdk/esp32s3/include/vfs/include -IC:/Users/erich/.platformio/packages/framework-arduinoespressif32/tools/sdk/esp32s3/include/esp_wifi/include -IC:/Users/erich/.platformio/packages/framework-arduinoespressif32/tools/sdk/esp32s3/include/esp_event/include -IC:/Users/erich/.platformio/packages/framework-arduinoespressif32/tools/sdk/esp32s3/include/esp_netif/include -IC:/Users/erich/.platformio/packages/framework-arduinoespressif32/tools/sdk/esp32s3/include/esp_eth/include -IC:/Users/erich/.platformio/packages/framework-arduinoespressif32/tools/sdk/esp32s3/include/tcpip_adapter/include -IC:/Users/erich/.platformio/packages/framework-arduinoespressif32/tools/sdk/esp32s3/include/esp_phy/include -IC:/Users/erich/.platformio/packages/framework-arduinoespressif32/tools/sdk/esp32s3/include/esp_phy/esp32s3/include -IC:/Users/erich/.platformio/packages/framework-arduinoespressif32/tools/sdk/esp32s3/include/esp_ipc/include -IC:/Users/erich/.platformio/packages/framework-arduinoespressif32/tools/sdk/esp32s3/include/app_trace/include -IC:/Users/erich/.platformio/packages/framework-arduinoespressif32/tools/sdk/esp32s3/include/esp_timer/include -IC:/Users/erich/.platformio/packages/framework-arduinoespressif32/tools/sdk/esp32s3/include/mbedtls/port/include -IC:/Users/erich/.platformio/packages/framework-arduinoespressif32/tools/sdk/esp32s3/include/mbedtls/mbedtls/include -IC:/Users/erich/.platformio/packages/framework-arduinoespressif32/tools/sdk/esp32s3/include/mbedtls/esp_crt_bundle/include -IC:/Users/erich/.platformio/packages/framework-arduinoespressif32/tools/sdk/esp32s3/include/app_update/include -IC:/Users/erich/.platformio/packages/framework-arduinoespressif32/tools/sdk/esp32s3/include/spi_flash/include -IC:/Users/erich/.platformio/packages/framework-arduinoespressif32/tools/sdk/esp32s3/include/bootloader_support/include -IC:/Users/erich/.platformio/packages/framework-arduinoespressif32/tools/sdk/esp32s3/include/nvs_flash/include -IC:/Users/erich/.platformio/packages/framework-arduinoespressif32/tools/sdk/esp32s3/include/pthread/include -IC:/Users/erich/.platformio/packages/framework-arduinoespressif32/tools/sdk/esp32s3/include/esp_gdbstub/include -IC:/Users/erich/.platformio/packages/framework-arduinoespressif32/tools/sdk/esp32s3/include/esp_gdbstub/xtensa -IC:/Users/erich/.platformio/packages/framework-arduinoespressif32/tools/sdk/esp32s3/include/esp_gdbstub/esp32s3 -IC:/Users/erich/.platformio/packages/framework-arduinoespressif32/tools/sdk/esp32s3/include/espcoredump/include -IC:/Users/erich/.platformio/packages/framework-arduinoespressif32/tools/sdk/esp32s3/include/espcoredump/include/port/xtensa -IC:/Users/erich/.platformio/packages/framework-arduinoespressif32/tools/sdk/esp32s3/include/wpa_supplicant/include -IC:/Users/erich/.platformio/packages/framework-arduinoespressif32/tools/sdk/esp32s3/include/wpa_supplicant/port/include -IC:/Users/erich/.platformio/packages/framework-arduinoespressif32/tools/sdk/esp32s3/include/wpa_supplicant/esp_supplicant/include -IC:/Users/erich/.platformio/packages/framework-arduinoespressif32/tools/sdk/esp32s3/include/ieee802154/include -IC:/Users/erich/.platformio/packages/framework-arduinoespressif32/tools/sdk/esp32s3/include/console -IC:/Users/erich/.platformio/packages/framework-arduinoespressif32/tools/sdk/esp32s3/include/asio/asio/asio/include -IC:/Users/erich/.platformio/packages/framework-arduinoespressif32/tools/sdk/esp32s3/include/asio/port/include -IC:/Users/erich/.platformio/packages/framework-arduinoespressif32/tools/sdk/esp32s3/include/bt/common/osi/include -IC:/Users/erich/.platformio/packages/framework-arduinoespressif32/tools/sdk/esp32s3/include/bt/include/esp32c3/include -IC:/Users/erich/.platformio/packages/framework-arduinoespressif32/tools/sdk/esp32s3/include/bt/common/api/include/api -IC:/Users/erich/.platformio/packages/framework-arduinoespressif32/tools/sdk/esp32s3/include/bt/common/btc/profile/esp/blufi/include -IC:/Users/erich/.platformio/packages/framework-arduinoespressif32/tools/sdk/esp32s3/include/bt/common/btc/profile/esp/include -IC:/Users/erich/.platformio/packages/framework-arduinoespressif32/tools/sdk/esp32s3/include/bt/host/bluedroid/api/include/api -IC:/Users/erich/.platformio/packages/framework-arduinoespressif32/tools/sdk/esp32s3/include/bt/esp_ble_mesh/mesh_common/include -IC:/Users/erich/.platformio/packages/framework-arduinoespressif32/tools/sdk/esp32s3/include/bt/esp_ble_mesh/mesh_common/tinycrypt/include -IC:/Users/erich/.platformio/packages/framework-arduinoespressif32/tools/sdk/esp32s3/include/bt/esp_ble_mesh/mesh_core -IC:/Users/erich/.platformio/packages/framework-arduinoespressif32/tools/sdk/esp32s3/include/bt/esp_ble_mesh/mesh_core/include -IC:/Users/erich/.platformio/packages/framework-arduinoespressif32/tools/sdk/esp32s3/include/bt/esp_ble_mesh/mesh_core/storage -IC:/Users/erich/.platformio/packages/framework-arduinoespressif32/tools/sdk/esp32s3/include/bt/esp_ble_mesh/btc/include -IC:/Users/erich/.platformio/packages/framework-arduinoespressif32/tools/sdk/esp32s3/include/bt/esp_ble_mesh/mesh_models/common/include -IC:/Users/erich/.platformio/packages/framework-arduinoespressif32/tools/sdk/esp32s3/include/bt/esp_ble_mesh/mesh_models/client/include -IC:/Users/erich/.platformio/packages/framework-arduinoespressif32/tools/sdk/esp32s3/include/bt/esp_ble_mesh/mesh_models/server/include -IC:/Users/erich/.platformio/packages/framework-arduinoespressif32/tools/sdk/esp32s3/include/bt/esp_ble_mesh/api/core/include -IC:/Users/erich/.platformio/packages/framework-arduinoespressif32/tools/sdk/esp32s3/include/bt/esp_ble_mesh/api/models/include -IC:/Users/erich/.platformio/packages/framework-arduinoespressif32/tools/sdk/esp32s3/include/bt/esp_ble_mesh/api -IC:/Users/erich/.platformio/packages/framework-arduinoespressif32/tools/sdk/esp32s3/include/cbor/port/include -IC:/Users/erich/.platformio/packages/framework-arduinoespressif32/tools/sdk/esp32s3/include/unity/include -IC:/Users/erich/.platformio/packages/framework-arduinoespressif32/tools/sdk/esp32s3/include/unity/unity/src -IC:/Users/erich/.platformio/packages/framework-arduinoespressif32/tools/sdk/esp32s3/include/cmock/CMock/src -IC:/Users/erich/.platformio/packages/framework-arduinoespressif32/tools/sdk/esp32s3/include/coap/port/include -IC:/Users/erich/.platformio/packages/framework-arduinoespressif32/tools/sdk/esp32s3/include/coap/libcoap/include -IC:/Users/erich/.platformio/packages/framework-arduinoespressif32/tools/sdk/esp32s3/include/nghttp/port/include -IC:/Users/erich/.platformio/packages/framework-arduinoespressif32/tools/sdk/esp32s3/include/nghttp/nghttp2/lib/includes -IC:/Users/erich/.platformio/packages/framework-arduinoespressif32/tools/sdk/esp32s3/include/esp-tls -IC:/Users/erich/.platformio/packages/framework-arduinoespressif32/tools/sdk/esp32s3/include/esp-tls/esp-tls-crypto -IC:/Users/erich/.platformio/packages/framework-arduinoespressif32/tools/sdk/esp32s3/include/esp_adc_cal/include -IC:/Users/erich/.platformio/packages/framework-arduinoespressif32/tools/sdk/esp32s3/include/esp_hid/include -IC:/Users/erich/.platformio/packages/framework-arduinoespressif32/tools/sdk/esp32s3/include/tcp_transport/include -IC:/Users/erich/.platformio/packages/framework-arduinoespressif32/tools/sdk/esp32s3/include/esp_http_client/include -IC:/Users/erich/.platformio/packages/framework-arduinoespressif32/tools/sdk/esp32s3/include/esp_http_server/include -IC:/Users/erich/.platformio/packages/framework-arduinoespressif32/tools/sdk/esp32s3/include/esp_https_ota/include -IC:/Users/erich/.platformio/packages/framework-arduinoespressif32/tools/sdk/esp32s3/include/esp_https_server/include -IC:/Users/erich/.platformio/packages/framework-arduinoespressif32/tools/sdk/esp32s3/include/esp_lcd/include -IC:/Users/erich/.platformio/packages/framework-arduinoespressif32/tools/sdk/esp32s3/include/esp_lcd/interface -IC:/Users/erich/.platformio/packages/framework-arduinoespressif32/tools/sdk/esp32s3/include/protobuf-c/protobuf-c -IC:/Users/erich/.platformio/packages/framework-arduinoespressif32/tools/sdk/esp32s3/include/protocomm/include/common -IC:/Users/erich/.platformio/packages/framework-arduinoespressif32/tools/sdk/esp32s3/include/protocomm/include/security -IC:/Users/erich/.platformio/packages/framework-arduinoespressif32/tools/sdk/esp32s3/include/protocomm/include/transports -IC:/Users/erich/.platformio/packages/framework-arduinoespressif32/tools/sdk/esp32s3/include/mdns/include -IC:/Users/erich/.platformio/packages/framework-arduinoespressif32/tools/sdk/esp32s3/include/esp_local_ctrl/include -IC:/Users/erich/.platformio/packages/framework-arduinoespressif32/tools/sdk/esp32s3/include/sdmmc/include -IC:/Users/erich/.platformio/packages/framework-arduinoespressif32/tools/sdk/esp32s3/include/esp_serial_slave_link/include -IC:/Users/erich/.platformio/packages/framework-arduinoespressif32/tools/sdk/esp32s3/include/esp_websocket_client/include -IC:/Users/erich/.platformio/packages/framework-arduinoespressif32/tools/sdk/esp32s3/include/expat/expat/expat/lib -IC:/Users/erich/.platformio/packages/framework-arduinoespressif32/tools/sdk/esp32s3/include/expat/port/include -IC:/Users/erich/.platformio/packages/framework-arduinoespressif32/tools/sdk/esp32s3/include/wear_levelling/include -IC:/Users/erich/.platformio/packages/framework-arduinoespressif32/tools/sdk/esp32s3/include/fatfs/diskio -IC:/Users/erich/.platformio/packages/framework-arduinoespressif32/tools/sdk/esp32s3/include/fatfs/vfs -IC:/Users/erich/.platformio/packages/framework-arduinoespressif32/tools/sdk/esp32s3/include/fatfs/src -IC:/Users/erich/.platformio/packages/framework-arduinoespressif32/tools/sdk/esp32s3/include/freemodbus/freemodbus/common/include -IC:/Users/erich/.platformio/packages/framework-arduinoespressif32/tools/sdk/esp32s3/include/idf_test/include -IC:/Users/erich/.platformio/packages/framework-arduinoespressif32/tools/sdk/esp32s3/include/idf_test/include/esp32s3 -IC:/Users/erich/.platformio/packages/framework-arduinoespressif32/tools/sdk/esp32s3/include/jsmn/include -IC:/Users/erich/.platformio/packages/framework-arduinoespressif32/tools/sdk/esp32s3/include/json/cJSON -IC:/Users/erich/.platformio/packages/framework-arduinoespressif32/tools/sdk/esp32s3/include/libsodium/libsodium/src/libsodium/include -IC:/Users/erich/.platformio/packages/framework-arduinoespressif32/tools/sdk/esp32s3/include/libsodium/port_include -IC:/Users/erich/.platformio/packages/framework-arduinoespressif32/tools/sdk/esp32s3/include/mqtt/esp-mqtt/include -IC:/Users/erich/.platformio/packages/framework-arduinoespressif32/tools/sdk/esp32s3/include/openssl/include -IC:/Users/erich/.platformio/packages/framework-arduinoespressif32/tools/sdk/esp32s3/include/perfmon/include -IC:/Users/erich/.platformio/packages/framework-arduinoespressif32/tools/sdk/esp32s3/include/spiffs/include -IC:/Users/erich/.platformio/packages/framework-arduinoespressif32/tools/sdk/esp32s3/include/usb/include -IC:/Users/erich/.platformio/packages/framework-arduinoespressif32/tools/sdk/esp32s3/include/ulp/include -IC:/Users/erich/.platformio/packages/framework-arduinoespressif32/tools/sdk/esp32s3/include/wifi_provisioning/include -IC:/Users/erich/.platformio/packages/framework-arduinoespressif32/tools/sdk/esp32s3/include/rmaker_common/include -IC:/Users/erich/.platformio/packages/framework-arduinoespressif32/tools/sdk/esp32s3/include/esp_diagnostics/include -IC:/Users/erich/.platformio/packages/framework-arduinoespressif32/tools/sdk/esp32s3/include/rtc_store/include -IC:/Users/erich/.platformio/packages/framework-arduinoespressif32/tools/sdk/esp32s3/include/esp_insights/include -IC:/Users/erich/.platformio/packages/framework-arduinoespressif32/tools/sdk/esp32s3/include/json_parser/upstream/include -IC:/Users/erich/.platformio/packages/framework-arduinoespressif32/tools/sdk/esp32s3/include/json_parser/upstream -IC:/Users/erich/.platformio/packages/framework-arduinoespressif32/tools/sdk/esp32s3/include/json_generator/upstream -IC:/Users/erich/.platformio/packages/framework-arduinoespressif32/tools/sdk/esp32s3/include/esp_schedule/include -IC:/Users/erich/.platformio/packages/framework-arduinoespressif32/tools/sdk/esp32s3/include/espressif__esp_secure_cert_mgr/include -IC:/Users/erich/.platformio/packages/framework-arduinoespressif32/tools/sdk/esp32s3/include/esp_rainmaker/include -IC:/Users/erich/.platformio/packages/framework-arduinoespressif32/tools/sdk/esp32s3/include/gpio_button/button/include -IC:/Users/erich/.platformio/packages/framework-arduinoespressif32/tools/sdk/esp32s3/include/qrcode/include -IC:/Users/erich/.platformio/packages/framework-arduinoespressif32/tools/sdk/esp32s3/include/ws2812_led -IC:/Users/erich/.platformio/packages/framework-arduinoespressif32/tools/sdk/esp32s3/include/freertos/include/freertos -IC:/Users/erich/.platformio/packages/framework-arduinoespressif32/tools/sdk/esp32s3/include/arduino_tinyusb/tinyusb/src -IC:/Users/erich/.platformio/packages/framework-arduinoespressif32/tools/sdk/esp32s3/include/arduino_tinyusb/include -IC:/Users/erich/.platformio/packages/framework-arduinoespressif32/tools/sdk/esp32s3/include/esp_littlefs/include -IC:/Users/erich/.platformio/packages/framework-arduinoespressif32/tools/sdk/esp32s3/include/esp-dl/include -IC:/Users/erich/.platformio/packages/framework-arduinoespressif32/tools/sdk/esp32s3/include/esp-dl/include/tool -IC:/Users/erich/.platformio/packages/framework-arduinoespressif32/tools/sdk/esp32s3/include/esp-dl/include/typedef -IC:/Users/erich/.platformio/packages/framework-arduinoespressif32/tools/sdk/esp32s3/include/esp-dl/include/image -IC:/Users/erich/.platformio/packages/framework-arduinoespressif32/tools/sdk/esp32s3/include/esp-dl/include/math -IC:/Users/erich/.platformio/packages/framework-arduinoespressif32/tools/sdk/esp32s3/include/esp-dl/include/nn -IC:/Users/erich/.platformio/packages/framework-arduinoespressif32/tools/sdk/esp32s3/include/esp-dl/include/layer -IC:/Users/erich/.platformio/packages/framework-arduinoespressif32/tools/sdk/esp32s3/include/esp-dl/include/detect -IC:/Users/erich/.platformio/packages/framework-arduinoespressif32/tools/sdk/esp32s3/include/esp-dl/include/model_zoo -IC:/Users/erich/.platformio/packages/framework-arduinoespressif32/tools/sdk/esp32s3/include/esp32-camera/driver/include -IC:/Users/erich/.platformio/packages/framework-arduinoespressif32/tools/sdk/esp32s3/include/esp32-camera/conversions/include -IC:/Users/erich/.platformio/packages/framework-arduinoespressif32/tools/sdk/esp32s3/include/espressif__esp-dsp/modules/dotprod/include -IC:/Users/erich/.platformio/packages/framework-arduinoespressif32/tools/sdk/esp32s3/include/espressif__esp-dsp/modules/support/include -IC:/Users/erich/.platformio/packages/framework-arduinoespressif32/tools/sdk/esp32s3/include/espressif__esp-dsp/modules/support/mem/include -IC:/Users/erich/.platformio/packages/framework-arduinoespressif32/tools/sdk/esp32s3/include/espressif__esp-dsp/modules/windows/include -IC:/Users/erich/.platformio/packages/framework-arduinoespressif32/tools/sdk/esp32s3/include/espressif__esp-dsp/modules/windows/hann/include -IC:/Users/erich/.platformio/packages/framework-arduinoespressif32/tools/sdk/esp32s3/include/espressif__esp-dsp/modules/windows/blackman/include -IC:/Users/erich/.platformio/packages/framework-arduinoespressif32/tools/sdk/esp32s3/include/espressif__esp-dsp/modules/windows/blackman_harris/include -IC:/Users/erich/.platformio/packages/framework-arduinoespressif32/tools/sdk/esp32s3/include/espressif__esp-dsp/modules/windows/blackman_nuttall/include -IC:/Users/erich/.platformio/packages/framework-arduinoespressif32/tools/sdk/esp32s3/include/espressif__esp-dsp/modules/windows/nuttall/include -IC:/Users/erich/.platformio/packages/framework-arduinoespressif32/tools/sdk/esp32s3/include/espressif__esp-dsp/modules/windows/flat_top/include -IC:/Users/erich/.platformio/packages/framework-arduinoespressif32/tools/sdk/esp32s3/include/espressif__esp-dsp/modules/iir/include -IC:/Users/erich/.platformio/packages/framework-arduinoespressif32/tools/sdk/esp32s3/include/espressif__esp-dsp/modules/fir/include -IC:/Users/erich/.platformio/packages/framework-arduinoespressif32/tools/sdk/esp32s3/include/espressif__esp-dsp/modules/math/include -IC:/Users/erich/.platformio/packages/framework-arduinoespressif32/tools/sdk/esp32s3/include/espressif__esp-dsp/modules/math/add/include -IC:/Users/erich/.platformio/packages/framework-arduinoespressif32/tools/sdk/esp32s3/include/espressif__esp-dsp/modules/math/sub/include -IC:/Users/erich/.platformio/packages/framework-arduinoespressif32/tools/sdk/esp32s3/include/espressif__esp-dsp/modules/math/mul/include -IC:/Users/erich/.platformio/packages/framework-arduinoespressif32/tools/sdk/esp32s3/include/espressif__esp-dsp/modules/math/addc/include -IC:/Users/erich/.platformio/packages/framework-arduinoespressif32/tools/sdk/esp32s3/include/espressif__esp-dsp/modules/math/mulc/include -IC:/Users/erich/.platformio/packages/framework-arduinoespressif32/tools/sdk/esp32s3/include/espressif__esp-dsp/modules/math/sqrt/include -IC:/Users/erich/.platformio/packages/framework-arduinoespressif32/tools/sdk/esp32s3/include/espressif__esp-dsp/modules/matrix/mul/include -IC:/Users/erich/.platformio/packages/framework-arduinoespressif32/tools/sdk/esp32s3/include/espressif__esp-dsp/modules/matrix/add/include -IC:/Users/erich/.platformio/packages/framework-arduinoespressif32/tools/sdk/esp32s3/include/espressif__esp-dsp/modules/matrix/addc/include -IC:/Users/erich/.platformio/packages/framework-arduinoespressif32/tools/sdk/esp32s3/include/espressif__esp-dsp/modules/matrix/mulc/include -IC:/Users/erich/.platformio/packages/framework-arduinoespressif32/tools/sdk/esp32s3/include/espressif__esp-dsp/modules/matrix/sub/include -IC:/Users/erich/.platformio/packages/framework-arduinoespressif32/tools/sdk/esp32s3/include/espressif__esp-dsp/modules/matrix/include -IC:/Users/erich/.platformio/packages/framework-arduinoespressif32/tools/sdk/esp32s3/include/espressif__esp-dsp/modules/fft/include -IC:/Users/erich/.platformio/packages/framework-arduinoespressif32/tools/sdk/esp32s3/include/espressif__esp-dsp/modules/dct/include -IC:/Users/erich/.platformio/packages/framework-arduinoespressif32/tools/sdk/esp32s3/include/espressif__esp-dsp/modules/conv/include -IC:/Users/erich/.platformio/packages/framework-arduinoespressif32/tools/sdk/esp32s3/include/espressif__esp-dsp/modules/common/include -IC:/Users/erich/.platformio/packages/framework-arduinoespressif32/tools/sdk/esp32s3/include/espressif__esp-dsp/modules/matrix/mul/test/include -IC:/Users/erich/.platformio/packages/framework-arduinoespressif32/tools/sdk/esp32s3/include/espressif__esp-dsp/modules/kalman/ekf/include -IC:/Users/erich/.platformio/packages/framework-arduinoespressif32/tools/sdk/esp32s3/include/espressif__esp-dsp/modules/kalman/ekf_imu13states/include -IC:/Users/erich/.platformio/packages/framework-arduinoespressif32/tools/sdk/esp32s3/include/fb_gfx/include -IC:/Users/erich/.platformio/packages/framework-arduinoespressif32/tools/sdk/esp32s3/qio_qspi/include -IC:/Users/erich/.platformio/packages/framework-arduinoespressif32/cores/esp32 -IC:/Users/erich/.platformio/packages/framework-arduinoespressif32/variants/esp32s3 .pio/libdeps/esp32-s3-devkitc-1/lvgl/src/draw/lv_draw_label.c
xtensa-esp32s3-elf-gcc -o .pio/build/esp32-s3-devkitc-1/liba0d/lvgl/draw/lv_draw_line.c.o -c -std=gnu99 -Wno-old-style-declaration -include Arduino.h -Os -mlongcalls -ffunction-sections -fdata-sections -Wno-error=unused-function -Wno-error=unused-variable -Wno-error=deprecated-declarations -Wno-unused-parameter -Wno-sign-compare -ggdb -freorder-blocks -Wwrite-strings -fstack-protector -fstrict-volatile-bitfields -Wno-error=unused-but-set-variable -fno-jump-tables -fno-tree-switch-conversion -MMD -DPLATFORMIO=60119 -DARDUINO_ESP32S3_DEV -DARDUINO_USB_MODE=1 -DARDUINO_RUNNING_CORE=1 -DARDUINO_EVENT_RUNNING_CORE=1 -DLV_CONF_INCLUDE_SIMPLE=1 -DUSER_SETUP_LOADED=1 -DST7789_DRIVER=1 -DTFT_WIDTH=240 -DTFT_HEIGHT=320 -DTFT_MOSI=38 -DTFT_SCLK=39 -DTFT_CS=45 -DTFT_DC=42 -DTFT_RST=-1 -DTFT_BL=1 -DLOAD_GLCD=1 -DLOAD_FONT2=1 -DSPI_FREQUENCY=40000000 -DHAVE_CONFIG_H -DMBEDTLS_CONFIG_FILE=\"mbedtls/esp_config.h\" -DUNITY_INCLUDE_CONFIG_H -DWITH_POSIX -D_GNU_SOURCE -DIDF_VER=\"v4.4.7-dirty\" -DESP_PLATFORM -D_POSIX_READER_WRITER_LOCKS -DARDUINO_ARCH_ESP32 -DESP32 -DF_CPU=240000000L -DARDUINO=10812 -DARDUINO_VARIANT=\"esp32s3\" "-DARDUINO_BOARD=\"Espressif ESP32-S3-DevKitC-1-N8 (8 MB QD, No PSRAM)\"" -DARDUINO_PARTITION_default -I.pio/libdeps/esp32-s3-devkitc-1/lvgl -I.pio/libdeps/esp32-s3-devkitc-1/lvgl/src -IC:/Users/erich/.platformio/packages/framework-arduinoespressif32/libraries/SD/src -I.pio/libdeps/esp32-s3-devkitc-1/TFT_eSPI -IC:/Users/erich/.platformio/packages/framework-arduinoespressif32/libraries/LittleFS/src -IC:/Users/erich/.platformio/packages/framework-arduinoespressif32/libraries/SPIFFS/src -IC:/Users/erich/.platformio/packages/framework-arduinoespressif32/libraries/FS/src -IC:/Users/erich/.platformio/packages/framework-arduinoespressif32/libraries/SPI/src -Isrc -IC:/Users/erich/.platformio/packages/framework-arduinoespressif32/tools/sdk/esp32s3/include/newlib/platform_include -IC:/Users/erich/.platformio/packages/framework-arduinoespressif32/tools/sdk/esp32s3/include/freertos/include -IC:/Users/erich/.platformio/packages/framework-arduinoespressif32/tools/sdk/esp32s3/include/freertos/include/esp_additions/freertos -IC:/Users/erich/.platformio/packages/framework-arduinoespressif32/tools/sdk/esp32s3/include/freertos/port/xtensa/include -IC:/Users/erich/.platformio/packages/framework-arduinoespressif32/tools/sdk/esp32s3/include/freertos/include/esp_additions -IC:/Users/erich/.platformio/packages/framework-arduinoespressif32/tools/sdk/esp32s3/include/esp_hw_support/include -IC:/Users/erich/.platformio/packages/framework-arduinoespressif32/tools/sdk/esp32s3/include/esp_hw_support/include/soc -IC:/Users/erich/.platformio/packages/framework-arduinoespressif32/tools/sdk/esp32s3/include/esp_hw_support/include/soc/esp32s3 -IC:/Users/erich/.platformio/packages/framework-arduinoespressif32/tools/sdk/esp32s3/include/esp_hw_support/port/esp32s3 -IC:/Users/erich/.platformio/packages/framework-arduinoespressif32/tools/sdk/esp32s3/include/esp_hw_support/port/esp32s3/private_include -IC:/Users/erich/.platformio/packages/framework-arduinoespressif32/tools/sdk/esp32s3/include/heap/include -IC:/Users/erich/.platformio/packages/framework-arduinoespressif32/tools/sdk/esp32s3/include/log/include -IC:/Users/erich/.platformio/packages/framework-arduinoespressif32/tools/sdk/esp32s3/include/lwip/include/apps -IC:/Users/erich/.platformio/packages/framework-arduinoespressif32/tools/sdk/esp32s3/include/lwip/include/apps/sntp -IC:/Users/erich/.platformio/packages/framework-arduinoespressif32/tools/sdk/esp32s3/include/lwip/lwip/src/include -IC:/Users/erich/.platformio/packages/framework-arduinoespressif32/tools/sdk/esp32s3/include/lwip/port/esp32/include -IC:/Users/erich/.platformio/packages/framework-arduinoespressif32/tools/sdk/esp32s3/include/lwip/port/esp32/include/arch -IC:/Users/erich/.platformio/packages/framework-arduinoespressif32/tools/sdk/esp32s3/include/soc/include -IC:/Users/erich/.platformio/packages/framework-arduinoespressif32/tools/sdk/esp32s3/include/soc/esp32s3 -IC:/Users/erich/.platformio/packages/framework-arduinoespressif32/tools/sdk/esp32s3/include/soc/esp32s3/include -IC:/Users/erich/.platformio/packages/framework-arduinoespressif32/tools/sdk/esp32s3/include/hal/esp32s3/include -IC:/Users/erich/.platformio/packages/framework-arduinoespressif32/tools/sdk/esp32s3/include/hal/include -IC:/Users/erich/.platformio/packages/framework-arduinoespressif32/tools/sdk/esp32s3/include/hal/platform_port/include -IC:/Users/erich/.platformio/packages/framework-arduinoespressif32/tools/sdk/esp32s3/include/esp_rom/include -IC:/Users/erich/.platformio/packages/framework-arduinoespressif32/tools/sdk/esp32s3/include/esp_rom/include/esp32s3 -IC:/Users/erich/.platformio/packages/framework-arduinoespressif32/tools/sdk/esp32s3/include/esp_rom/esp32s3 -IC:/Users/erich/.platformio/packages/framework-arduinoespressif32/tools/sdk/esp32s3/include/esp_common/include -IC:/Users/erich/.platformio/packages/framework-arduinoespressif32/tools/sdk/esp32s3/include/esp_system/include -IC:/Users/erich/.platformio/packages/framework-arduinoespressif32/tools/sdk/esp32s3/include/esp_system/port/soc -IC:/Users/erich/.platformio/packages/framework-arduinoespressif32/tools/sdk/esp32s3/include/esp_system/port/public_compat -IC:/Users/erich/.platformio/packages/framework-arduinoespressif32/tools/sdk/esp32s3/include/xtensa/include -IC:/Users/erich/.platformio/packages/framework-arduinoespressif32/tools/sdk/esp32s3/include/xtensa/esp32s3/include -IC:/Users/erich/.platformio/packages/framework-arduinoespressif32/tools/sdk/esp32s3/include/driver/include -IC:/Users/erich/.platformio/packages/framework-arduinoespressif32/tools/sdk/esp32s3/include/driver/esp32s3/include -IC:/Users/erich/.platformio/packages/framework-arduinoespressif32/tools/sdk/esp32s3/include/esp_pm/include -IC:/Users/erich/.platformio/packages/framework-arduinoespressif32/tools/sdk/esp32s3/include/esp_ringbuf/include -IC:/Users/erich/.platformio/packages/framework-arduinoespressif32/tools/sdk/esp32s3/include/efuse/include -IC:/Users/erich/.platformio/packages/framework-arduinoespressif32/tools/sdk/esp32s3/include/efuse/esp32s3/include -IC:/Users/erich/.platformio/packages/framework-arduinoespressif32/tools/sdk/esp32s3/include/vfs/include -IC:/Users/erich/.platformio/packages/framework-arduinoespressif32/tools/sdk/esp32s3/include/esp_wifi/include -IC:/Users/erich/.platformio/packages/framework-arduinoespressif32/tools/sdk/esp32s3/include/esp_event/include -IC:/Users/erich/.platformio/packages/framework-arduinoespressif32/tools/sdk/esp32s3/include/esp_netif/include -IC:/Users/erich/.platformio/packages/framework-arduinoespressif32/tools/sdk/esp32s3/include/esp_eth/include -IC:/Users/erich/.platformio/packages/framework-arduinoespressif32/tools/sdk/esp32s3/include/tcpip_adapter/include -IC:/Users/erich/.platformio/packages/framework-arduinoespressif32/tools/sdk/esp32s3/include/esp_phy/include -IC:/Users/erich/.platformio/packages/framework-arduinoespressif32/tools/sdk/esp32s3/include/esp_phy/esp32s3/include -IC:/Users/erich/.platformio/packages/framework-arduinoespressif32/tools/sdk/esp32s3/include/esp_ipc/include -IC:/Users/erich/.platformio/packages/framework-arduinoespressif32/tools/sdk/esp32s3/include/app_trace/include -IC:/Users/erich/.platformio/packages/framework-arduinoespressif32/tools/sdk/esp32s3/include/esp_timer/include -IC:/Users/erich/.platformio/packages/framework-arduinoespressif32/tools/sdk/esp32s3/include/mbedtls/port/include -IC:/Users/erich/.platformio/packages/framework-arduinoespressif32/tools/sdk/esp32s3/include/mbedtls/mbedtls/include -IC:/Users/erich/.platformio/packages/framework-arduinoespressif32/tools/sdk/esp32s3/include/mbedtls/esp_crt_bundle/include -IC:/Users/erich/.platformio/packages/framework-arduinoespressif32/tools/sdk/esp32s3/include/app_update/include -IC:/Users/erich/.platformio/packages/framework-arduinoespressif32/tools/sdk/esp32s3/include/spi_flash/include -IC:/Users/erich/.platformio/packages/framework-arduinoespressif32/tools/sdk/esp32s3/include/bootloader_support/include -IC:/Users/erich/.platformio/packages/framework-arduinoespressif32/tools/sdk/esp32s3/include/nvs_flash/include -IC:/Users/erich/.platformio/packages/framework-arduinoespressif32/tools/sdk/esp32s3/include/pthread/include -IC:/Users/erich/.platformio/packages/framework-arduinoespressif32/tools/sdk/esp32s3/include/esp_gdbstub/include -IC:/Users/erich/.platformio/packages/framework-arduinoespressif32/tools/sdk/esp32s3/include/esp_gdbstub/xtensa -IC:/Users/erich/.platformio/packages/framework-arduinoespressif32/tools/sdk/esp32s3/include/esp_gdbstub/esp32s3 -IC:/Users/erich/.platformio/packages/framework-arduinoespressif32/tools/sdk/esp32s3/include/espcoredump/include -IC:/Users/erich/.platformio/packages/framework-arduinoespressif32/tools/sdk/esp32s3/include/espcoredump/include/port/xtensa -IC:/Users/erich/.platformio/packages/framework-arduinoespressif32/tools/sdk/esp32s3/include/wpa_supplicant/include -IC:/Users/erich/.platformio/packages/framework-arduinoespressif32/tools/sdk/esp32s3/include/wpa_supplicant/port/include -IC:/Users/erich/.platformio/packages/framework-arduinoespressif32/tools/sdk/esp32s3/include/wpa_supplicant/esp_supplicant/include -IC:/Users/erich/.platformio/packages/framework-arduinoespressif32/tools/sdk/esp32s3/include/ieee802154/include -IC:/Users/erich/.platformio/packages/framework-arduinoespressif32/tools/sdk/esp32s3/include/console -IC:/Users/erich/.platformio/packages/framework-arduinoespressif32/tools/sdk/esp32s3/include/asio/asio/asio/include -IC:/Users/erich/.platformio/packages/framework-arduinoespressif32/tools/sdk/esp32s3/include/asio/port/include -IC:/Users/erich/.platformio/packages/framework-arduinoespressif32/tools/sdk/esp32s3/include/bt/common/osi/include -IC:/Users/erich/.platformio/packages/framework-arduinoespressif32/tools/sdk/esp32s3/include/bt/include/esp32c3/include -IC:/Users/erich/.platformio/packages/framework-arduinoespressif32/tools/sdk/esp32s3/include/bt/common/api/include/api -IC:/Users/erich/.platformio/packages/framework-arduinoespressif32/tools/sdk/esp32s3/include/bt/common/btc/profile/esp/blufi/include -IC:/Users/erich/.platformio/packages/framework-arduinoespressif32/tools/sdk/esp32s3/include/bt/common/btc/profile/esp/include -IC:/Users/erich/.platformio/packages/framework-arduinoespressif32/tools/sdk/esp32s3/include/bt/host/bluedroid/api/include/api -IC:/Users/erich/.platformio/packages/framework-arduinoespressif32/tools/sdk/esp32s3/include/bt/esp_ble_mesh/mesh_common/include -IC:/Users/erich/.platformio/packages/framework-arduinoespressif32/tools/sdk/esp32s3/include/bt/esp_ble_mesh/mesh_common/tinycrypt/include -IC:/Users/erich/.platformio/packages/framework-arduinoespressif32/tools/sdk/esp32s3/include/bt/esp_ble_mesh/mesh_core -IC:/Users/erich/.platformio/packages/framework-arduinoespressif32/tools/sdk/esp32s3/include/bt/esp_ble_mesh/mesh_core/include -IC:/Users/erich/.platformio/packages/framework-arduinoespressif32/tools/sdk/esp32s3/include/bt/esp_ble_mesh/mesh_core/storage -IC:/Users/erich/.platformio/packages/framework-arduinoespressif32/tools/sdk/esp32s3/include/bt/esp_ble_mesh/btc/include -IC:/Users/erich/.platformio/packages/framework-arduinoespressif32/tools/sdk/esp32s3/include/bt/esp_ble_mesh/mesh_models/common/include -IC:/Users/erich/.platformio/packages/framework-arduinoespressif32/tools/sdk/esp32s3/include/bt/esp_ble_mesh/mesh_models/client/include -IC:/Users/erich/.platformio/packages/framework-arduinoespressif32/tools/sdk/esp32s3/include/bt/esp_ble_mesh/mesh_models/server/include -IC:/Users/erich/.platformio/packages/framework-arduinoespressif32/tools/sdk/esp32s3/include/bt/esp_ble_mesh/api/core/include -IC:/Users/erich/.platformio/packages/framework-arduinoespressif32/tools/sdk/esp32s3/include/bt/esp_ble_mesh/api/models/include -IC:/Users/erich/.platformio/packages/framework-arduinoespressif32/tools/sdk/esp32s3/include/bt/esp_ble_mesh/api -IC:/Users/erich/.platformio/packages/framework-arduinoespressif32/tools/sdk/esp32s3/include/cbor/port/include -IC:/Users/erich/.platformio/packages/framework-arduinoespressif32/tools/sdk/esp32s3/include/unity/include -IC:/Users/erich/.platformio/packages/framework-arduinoespressif32/tools/sdk/esp32s3/include/unity/unity/src -IC:/Users/erich/.platformio/packages/framework-arduinoespressif32/tools/sdk/esp32s3/include/cmock/CMock/src -IC:/Users/erich/.platformio/packages/framework-arduinoespressif32/tools/sdk/esp32s3/include/coap/port/include -IC:/Users/erich/.platformio/packages/framework-arduinoespressif32/tools/sdk/esp32s3/include/coap/libcoap/include -IC:/Users/erich/.platformio/packages/framework-arduinoespressif32/tools/sdk/esp32s3/include/nghttp/port/include -IC:/Users/erich/.platformio/packages/framework-arduinoespressif32/tools/sdk/esp32s3/include/nghttp/nghttp2/lib/includes -IC:/Users/erich/.platformio/packages/framework-arduinoespressif32/tools/sdk/esp32s3/include/esp-tls -IC:/Users/erich/.platformio/packages/framework-arduinoespressif32/tools/sdk/esp32s3/include/esp-tls/esp-tls-crypto -IC:/Users/erich/.platformio/packages/framework-arduinoespressif32/tools/sdk/esp32s3/include/esp_adc_cal/include -IC:/Users/erich/.platformio/packages/framework-arduinoespressif32/tools/sdk/esp32s3/include/esp_hid/include -IC:/Users/erich/.platformio/packages/framework-arduinoespressif32/tools/sdk/esp32s3/include/tcp_transport/include -IC:/Users/erich/.platformio/packages/framework-arduinoespressif32/tools/sdk/esp32s3/include/esp_http_client/include -IC:/Users/erich/.platformio/packages/framework-arduinoespressif32/tools/sdk/esp32s3/include/esp_http_server/include -IC:/Users/erich/.platformio/packages/framework-arduinoespressif32/tools/sdk/esp32s3/include/esp_https_ota/include -IC:/Users/erich/.platformio/packages/framework-arduinoespressif32/tools/sdk/esp32s3/include/esp_https_server/include -IC:/Users/erich/.platformio/packages/framework-arduinoespressif32/tools/sdk/esp32s3/include/esp_lcd/include -IC:/Users/erich/.platformio/packages/framework-arduinoespressif32/tools/sdk/esp32s3/include/esp_lcd/interface -IC:/Users/erich/.platformio/packages/framework-arduinoespressif32/tools/sdk/esp32s3/include/protobuf-c/protobuf-c -IC:/Users/erich/.platformio/packages/framework-arduinoespressif32/tools/sdk/esp32s3/include/protocomm/include/common -IC:/Users/erich/.platformio/packages/framework-arduinoespressif32/tools/sdk/esp32s3/include/protocomm/include/security -IC:/Users/erich/.platformio/packages/framework-arduinoespressif32/tools/sdk/esp32s3/include/protocomm/include/transports -IC:/Users/erich/.platformio/packages/framework-arduinoespressif32/tools/sdk/esp32s3/include/mdns/include -IC:/Users/erich/.platformio/packages/framework-arduinoespressif32/tools/sdk/esp32s3/include/esp_local_ctrl/include -IC:/Users/erich/.platformio/packages/framework-arduinoespressif32/tools/sdk/esp32s3/include/sdmmc/include -IC:/Users/erich/.platformio/packages/framework-arduinoespressif32/tools/sdk/esp32s3/include/esp_serial_slave_link/include -IC:/Users/erich/.platformio/packages/framework-arduinoespressif32/tools/sdk/esp32s3/include/esp_websocket_client/include -IC:/Users/erich/.platformio/packages/framework-arduinoespressif32/tools/sdk/esp32s3/include/expat/expat/expat/lib -IC:/Users/erich/.platformio/packages/framework-arduinoespressif32/tools/sdk/esp32s3/include/expat/port/include -IC:/Users/erich/.platformio/packages/framework-arduinoespressif32/tools/sdk/esp32s3/include/wear_levelling/include -IC:/Users/erich/.platformio/packages/framework-arduinoespressif32/tools/sdk/esp32s3/include/fatfs/diskio -IC:/Users/erich/.platformio/packages/framework-arduinoespressif32/tools/sdk/esp32s3/include/fatfs/vfs -IC:/Users/erich/.platformio/packages/framework-arduinoespressif32/tools/sdk/esp32s3/include/fatfs/src -IC:/Users/erich/.platformio/packages/framework-arduinoespressif32/tools/sdk/esp32s3/include/freemodbus/freemodbus/common/include -IC:/Users/erich/.platformio/packages/framework-arduinoespressif32/tools/sdk/esp32s3/include/idf_test/include -IC:/Users/erich/.platformio/packages/framework-arduinoespressif32/tools/sdk/esp32s3/include/idf_test/include/esp32s3 -IC:/Users/erich/.platformio/packages/framework-arduinoespressif32/tools/sdk/esp32s3/include/jsmn/include -IC:/Users/erich/.platformio/packages/framework-arduinoespressif32/tools/sdk/esp32s3/include/json/cJSON -IC:/Users/erich/.platformio/packages/framework-arduinoespressif32/tools/sdk/esp32s3/include/libsodium/libsodium/src/libsodium/include -IC:/Users/erich/.platformio/packages/framework-arduinoespressif32/tools/sdk/esp32s3/include/libsodium/port_include -IC:/Users/erich/.platformio/packages/framework-arduinoespressif32/tools/sdk/esp32s3/include/mqtt/esp-mqtt/include -IC:/Users/erich/.platformio/packages/framework-arduinoespressif32/tools/sdk/esp32s3/include/openssl/include -IC:/Users/erich/.platformio/packages/framework-arduinoespressif32/tools/sdk/esp32s3/include/perfmon/include -IC:/Users/erich/.platformio/packages/framework-arduinoespressif32/tools/sdk/esp32s3/include/spiffs/include -IC:/Users/erich/.platformio/packages/framework-arduinoespressif32/tools/sdk/esp32s3/include/usb/include -IC:/Users/erich/.platformio/packages/framework-arduinoespressif32/tools/sdk/esp32s3/include/ulp/include -IC:/Users/erich/.platformio/packages/framework-arduinoespressif32/tools/sdk/esp32s3/include/wifi_provisioning/include -IC:/Users/erich/.platformio/packages/framework-arduinoespressif32/tools/sdk/esp32s3/include/rmaker_common/include -IC:/Users/erich/.platformio/packages/framework-arduinoespressif32/tools/sdk/esp32s3/include/esp_diagnostics/include -IC:/Users/erich/.platformio/packages/framework-arduinoespressif32/tools/sdk/esp32s3/include/rtc_store/include -IC:/Users/erich/.platformio/packages/framework-arduinoespressif32/tools/sdk/esp32s3/include/esp_insights/include -IC:/Users/erich/.platformio/packages/framework-arduinoespressif32/tools/sdk/esp32s3/include/json_parser/upstream/include -IC:/Users/erich/.platformio/packages/framework-arduinoespressif32/tools/sdk/esp32s3/include/json_parser/upstream -IC:/Users/erich/.platformio/packages/framework-arduinoespressif32/tools/sdk/esp32s3/include/json_generator/upstream -IC:/Users/erich/.platformio/packages/framework-arduinoespressif32/tools/sdk/esp32s3/include/esp_schedule/include -IC:/Users/erich/.platformio/packages/framework-arduinoespressif32/tools/sdk/esp32s3/include/espressif__esp_secure_cert_mgr/include -IC:/Users/erich/.platformio/packages/framework-arduinoespressif32/tools/sdk/esp32s3/include/esp_rainmaker/include -IC:/Users/erich/.platformio/packages/framework-arduinoespressif32/tools/sdk/esp32s3/include/gpio_button/button/include -IC:/Users/erich/.platformio/packages/framework-arduinoespressif32/tools/sdk/esp32s3/include/qrcode/include -IC:/Users/erich/.platformio/packages/framework-arduinoespressif32/tools/sdk/esp32s3/include/ws2812_led -IC:/Users/erich/.platformio/packages/framework-arduinoespressif32/tools/sdk/esp32s3/include/freertos/include/freertos -IC:/Users/erich/.platformio/packages/framework-arduinoespressif32/tools/sdk/esp32s3/include/arduino_tinyusb/tinyusb/src -IC:/Users/erich/.platformio/packages/framework-arduinoespressif32/tools/sdk/esp32s3/include/arduino_tinyusb/include -IC:/Users/erich/.platformio/packages/framework-arduinoespressif32/tools/sdk/esp32s3/include/esp_littlefs/include -IC:/Users/erich/.platformio/packages/framework-arduinoespressif32/tools/sdk/esp32s3/include/esp-dl/include -IC:/Users/erich/.platformio/packages/framework-arduinoespressif32/tools/sdk/esp32s3/include/esp-dl/include/tool -IC:/Users/erich/.platformio/packages/framework-arduinoespressif32/tools/sdk/esp32s3/include/esp-dl/include/typedef -IC:/Users/erich/.platformio/packages/framework-arduinoespressif32/tools/sdk/esp32s3/include/esp-dl/include/image -IC:/Users/erich/.platformio/packages/framework-arduinoespressif32/tools/sdk/esp32s3/include/esp-dl/include/math -IC:/Users/erich/.platformio/packages/framework-arduinoespressif32/tools/sdk/esp32s3/include/esp-dl/include/nn -IC:/Users/erich/.platformio/packages/framework-arduinoespressif32/tools/sdk/esp32s3/include/esp-dl/include/layer -IC:/Users/erich/.platformio/packages/framework-arduinoespressif32/tools/sdk/esp32s3/include/esp-dl/include/detect -IC:/Users/erich/.platformio/packages/framework-arduinoespressif32/tools/sdk/esp32s3/include/esp-dl/include/model_zoo -IC:/Users/erich/.platformio/packages/framework-arduinoespressif32/tools/sdk/esp32s3/include/esp32-camera/driver/include -IC:/Users/erich/.platformio/packages/framework-arduinoespressif32/tools/sdk/esp32s3/include/esp32-camera/conversions/include -IC:/Users/erich/.platformio/packages/framework-arduinoespressif32/tools/sdk/esp32s3/include/espressif__esp-dsp/modules/dotprod/include -IC:/Users/erich/.platformio/packages/framework-arduinoespressif32/tools/sdk/esp32s3/include/espressif__esp-dsp/modules/support/include -IC:/Users/erich/.platformio/packages/framework-arduinoespressif32/tools/sdk/esp32s3/include/espressif__esp-dsp/modules/support/mem/include -IC:/Users/erich/.platformio/packages/framework-arduinoespressif32/tools/sdk/esp32s3/include/espressif__esp-dsp/modules/windows/include -IC:/Users/erich/.platformio/packages/framework-arduinoespressif32/tools/sdk/esp32s3/include/espressif__esp-dsp/modules/windows/hann/include -IC:/Users/erich/.platformio/packages/framework-arduinoespressif32/tools/sdk/esp32s3/include/espressif__esp-dsp/modules/windows/blackman/include -IC:/Users/erich/.platformio/packages/framework-arduinoespressif32/tools/sdk/esp32s3/include/espressif__esp-dsp/modules/windows/blackman_harris/include -IC:/Users/erich/.platformio/packages/framework-arduinoespressif32/tools/sdk/esp32s3/include/espressif__esp-dsp/modules/windows/blackman_nuttall/include -IC:/Users/erich/.platformio/packages/framework-arduinoespressif32/tools/sdk/esp32s3/include/espressif__esp-dsp/modules/windows/nuttall/include -IC:/Users/erich/.platformio/packages/framework-arduinoespressif32/tools/sdk/esp32s3/include/espressif__esp-dsp/modules/windows/flat_top/include -IC:/Users/erich/.platformio/packages/framework-arduinoespressif32/tools/sdk/esp32s3/include/espressif__esp-dsp/modules/iir/include -IC:/Users/erich/.platformio/packages/framework-arduinoespressif32/tools/sdk/esp32s3/include/espressif__esp-dsp/modules/fir/include -IC:/Users/erich/.platformio/packages/framework-arduinoespressif32/tools/sdk/esp32s3/include/espressif__esp-dsp/modules/math/include -IC:/Users/erich/.platformio/packages/framework-arduinoespressif32/tools/sdk/esp32s3/include/espressif__esp-dsp/modules/math/add/include -IC:/Users/erich/.platformio/packages/framework-arduinoespressif32/tools/sdk/esp32s3/include/espressif__esp-dsp/modules/math/sub/include -IC:/Users/erich/.platformio/packages/framework-arduinoespressif32/tools/sdk/esp32s3/include/espressif__esp-dsp/modules/math/mul/include -IC:/Users/erich/.platformio/packages/framework-arduinoespressif32/tools/sdk/esp32s3/include/espressif__esp-dsp/modules/math/addc/include -IC:/Users/erich/.platformio/packages/framework-arduinoespressif32/tools/sdk/esp32s3/include/espressif__esp-dsp/modules/math/mulc/include -IC:/Users/erich/.platformio/packages/framework-arduinoespressif32/tools/sdk/esp32s3/include/espressif__esp-dsp/modules/math/sqrt/include -IC:/Users/erich/.platformio/packages/framework-arduinoespressif32/tools/sdk/esp32s3/include/espressif__esp-dsp/modules/matrix/mul/include -IC:/Users/erich/.platformio/packages/framework-arduinoespressif32/tools/sdk/esp32s3/include/espressif__esp-dsp/modules/matrix/add/include -IC:/Users/erich/.platformio/packages/framework-arduinoespressif32/tools/sdk/esp32s3/include/espressif__esp-dsp/modules/matrix/addc/include -IC:/Users/erich/.platformio/packages/framework-arduinoespressif32/tools/sdk/esp32s3/include/espressif__esp-dsp/modules/matrix/mulc/include -IC:/Users/erich/.platformio/packages/framework-arduinoespressif32/tools/sdk/esp32s3/include/espressif__esp-dsp/modules/matrix/sub/include -IC:/Users/erich/.platformio/packages/framework-arduinoespressif32/tools/sdk/esp32s3/include/espressif__esp-dsp/modules/matrix/include -IC:/Users/erich/.platformio/packages/framework-arduinoespressif32/tools/sdk/esp32s3/include/espressif__esp-dsp/modules/fft/include -IC:/Users/erich/.platformio/packages/framework-arduinoespressif32/tools/sdk/esp32s3/include/espressif__esp-dsp/modules/dct/include -IC:/Users/erich/.platformio/packages/framework-arduinoespressif32/tools/sdk/esp32s3/include/espressif__esp-dsp/modules/conv/include -IC:/Users/erich/.platformio/packages/framework-arduinoespressif32/tools/sdk/esp32s3/include/espressif__esp-dsp/modules/common/include -IC:/Users/erich/.platformio/packages/framework-arduinoespressif32/tools/sdk/esp32s3/include/espressif__esp-dsp/modules/matrix/mul/test/include -IC:/Users/erich/.platformio/packages/framework-arduinoespressif32/tools/sdk/esp32s3/include/espressif__esp-dsp/modules/kalman/ekf/include -IC:/Users/erich/.platformio/packages/framework-arduinoespressif32/tools/sdk/esp32s3/include/espressif__esp-dsp/modules/kalman/ekf_imu13states/include -IC:/Users/erich/.platformio/packages/framework-arduinoespressif32/tools/sdk/esp32s3/include/fb_gfx/include -IC:/Users/erich/.platformio/packages/framework-arduinoespressif32/tools/sdk/esp32s3/qio_qspi/include -IC:/Users/erich/.platformio/packages/framework-arduinoespressif32/cores/esp32 -IC:/Users/erich/.platformio/packages/framework-arduinoespressif32/variants/esp32s3 .pio/libdeps/esp32-s3-devkitc-1/lvgl/src/draw/lv_draw_line.c
========================= [FAILED] Took 25.86 seconds =========================